#
# A fatal error has been detected by the Java Runtime Environment:
#
#  EXCEPTION_ACCESS_VIOLATION (0xc0000005) at pc=0x00007ffdefaf36f0, pid=20864, tid=21844
#
# JRE version: OpenJDK Runtime Environment Corretto-17.0.18.9.1 (17.0.18+9) (build 17.0.18+9-LTS)
# Java VM: OpenJDK 64-Bit Server VM Corretto-17.0.18.9.1 (17.0.18+9-LTS, mixed mode, sharing, tiered, compressed oops, compressed class ptrs, g1 gc, windows-amd64)
# Problematic frame:
# V  [jvm.dll+0x3736f0]
#
# No core dump will be written. Minidumps are not enabled by default on client versions of Windows
#
# If you would like to submit a bug report, please visit:
#   https://github.com/corretto/corretto-17/issues/
#

---------------  S U M M A R Y ------------

Command Line: --add-opens=java.base/java.lang=ALL-UNNAMED --add-opens=java.base/java.lang.invoke=ALL-UNNAMED --add-opens=java.base/java.util=ALL-UNNAMED --add-opens=java.prefs/java.util.prefs=ALL-UNNAMED --add-exports=jdk.compiler/com.sun.tools.javac.api=ALL-UNNAMED --add-exports=jdk.compiler/com.sun.tools.javac.util=ALL-UNNAMED --add-opens=java.base/java.util=ALL-UNNAMED --add-opens=java.prefs/java.util.prefs=ALL-UNNAMED --add-opens=java.base/java.nio.charset=ALL-UNNAMED --add-opens=java.base/java.net=ALL-UNNAMED --add-opens=java.base/java.util.concurrent=ALL-UNNAMED --add-opens=java.base/java.util.concurrent.atomic=ALL-UNNAMED --add-opens=java.xml/javax.xml.namespace=ALL-UNNAMED --add-opens=java.base/java.time=ALL-UNNAMED -XX:MaxMetaspaceSize=384m -XX:+HeapDumpOnOutOfMemoryError -Xms256m -Xmx512m -Dfile.encoding=UTF-8 -Duser.country=US -Duser.language=en -Duser.variant -javaagent:C:\Users\Lenovo\.gradle\wrapper\dists\gradle-9.2.1-bin\2t0n5ozlw9xmuyvbp7dnzaxug\gradle-9.2.1\lib\agents\gradle-instrumentation-agent-9.2.1.jar org.gradle.launcher.daemon.bootstrap.GradleDaemon 9.2.1

Host: Intel(R) Core(TM) i7-6600U CPU @ 2.60GHz, 4 cores, 15G,  Windows 10 , 64 bit Build 19041 (10.0.19041.5915)
Time: Tue Jul  7 15:52:36 2026 Caucasus Standard Time elapsed time: 8.304117 seconds (0d 0h 0m 8s)

---------------  T H R E A D  ---------------

Current thread (0x00000215dd489f80):  JavaThread "C2 CompilerThread0" daemon [_thread_in_native, id=21844, stack(0x0000001803b00000,0x0000001803c00000)]


Current CompileTask:
C2:8304 2438   !   4       java.lang.ClassLoader::loadClass (121 bytes)

Stack: [0x0000001803b00000,0x0000001803c00000],  sp=0x0000001803bfbd20,  free space=1007k
Native frames: (J=compiled Java code, j=interpreted, Vv=VM code, C=native code)
V  [jvm.dll+0x3736f0]
V  [jvm.dll+0x36f12b]
V  [jvm.dll+0x1c116c]
V  [jvm.dll+0x1c0643]
V  [jvm.dll+0x21df00]
V  [jvm.dll+0x21d1ec]
V  [jvm.dll+0x1a8c70]
V  [jvm.dll+0x22d9fb]
V  [jvm.dll+0x22bb86]
V  [jvm.dll+0x7f78db]
V  [jvm.dll+0x7f1cdc]
V  [jvm.dll+0x68a307]
C  [ucrtbase.dll+0x21bb2]
C  [KERNEL32.DLL+0x17374]
C  [ntdll.dll+0x4cc91]


siginfo: EXCEPTION_ACCESS_VIOLATION (0xc0000005), reading address 0xffffffffffffffff


Registers:
RAX=0x0000000000000000, RBX=0x0000001803bfbd70, RCX=0x0000000000000000, RDX=0x00207ffdf0315ee8
RSP=0x0000001803bfbd20, RBP=0x0000000000000018, RSI=0x00007ffdf0315ee8, RDI=0x000000000000001b
R8 =0x00000000000005d6, R9 =0x0000000000000006, R10=0x0000000000000028, R11=0x00000215fa7b5750
R12=0x00000215f8ff5040, R13=0x0000000000000001, R14=0x000000000003a700, R15=0x0000000000000000
RIP=0x00007ffdefaf36f0, EFLAGS=0x0000000000010246

XMM[0]=0x0000000000000000 0x0000000000000000
XMM[1]=0x0000000000000000 0x0000000000000000
XMM[2]=0x0000000000000000 0x0000000000000000
XMM[3]=0x0000000000000000 0x0000000000000000
XMM[4]=0x0000000000000000 0x0000000000000000
XMM[5]=0x0000000000000000 0x0000000000000000
XMM[6]=0x0000000000000000 0x0000000000000000
XMM[7]=0x0000000000000000 0x0000000000000000
XMM[8]=0x0000000000000000 0x4733426172c74d82
XMM[9]=0x0000000000000000 0x46293e5939a08cea
XMM[10]=0x0000000000000000 0x4376345785d8a000
XMM[11]=0x0000000000000000 0x4202a05f20000000
XMM[12]=0x0000000000000000 0x4008000000000000
XMM[13]=0x0000000000000000 0x40cf400000000000
XMM[14]=0x0000000000000000 0x3ef00000c06a1ef5
XMM[15]=0x0000000000000000 0x0000000000000000
  MXCSR=0x00001fa0


Register to memory mapping:

RIP=0x00007ffdefaf36f0 jvm.dll
RAX=0x0 is NULL
RBX=0x0000001803bfbd70 is pointing into the stack for thread: 0x00000215dd489f80
RCX=0x0 is NULL
RDX=0x00207ffdf0315ee8 is an unknown value
RSP=0x0000001803bfbd20 is pointing into the stack for thread: 0x00000215dd489f80
RBP=0x0000000000000018 is an unknown value
RSI=0x00007ffdf0315ee8 jvm.dll
RDI=0x000000000000001b is an unknown value
R8 =0x00000000000005d6 is an unknown value
R9 =0x0000000000000006 is an unknown value
R10=0x0000000000000028 is an unknown value
R11=0x00000215fa7b5750 points into unknown readable memory: 0x0000002800000008 | 08 00 00 00 28 00 00 00
R12=0x00000215f8ff5040 points into unknown readable memory: 0x0000000800000200 | 00 02 00 00 08 00 00 00
R13=0x0000000000000001 is an unknown value
R14=0x000000000003a700 is an unknown value
R15=0x0 is NULL


Top of Stack: (sp=0x0000001803bfbd20)
0x0000001803bfbd20:   0000001803bfbd70 000000000000001e
0x0000001803bfbd30:   00007ffdf0315ee8 00007ffdefaf3eb5
0x0000001803bfbd40:   00000215faa124d0 00007ffdefaef12b
0x0000001803bfbd50:   00000000000005d8 0000001803bfc020
0x0000001803bfbd60:   00007ffdf00bde10 00007ffdef99d6a2
0x0000001803bfbd70:   0000000000000000 00000004000005d6
0x0000001803bfbd80:   0000002800000006 00207ffdf0315ee8
0x0000001803bfbd90:   00000215f90056d8 00000215fa7b5750
0x0000001803bfbda0:   0000001803bfc4b0 00007ffdef94116c
0x0000001803bfbdb0:   00000000000005d8 0000001803bfbeb0
0x0000001803bfbdc0:   00000215f8ff5418 0000001803bfc3d0
0x0000001803bfbdd0:   0000000000000000 000000020000396c
0x0000001803bfbde0:   0000003a0000003a 00000215fa5c5660
0x0000001803bfbdf0:   00000215f9005e38 00000215fa7b59d0
0x0000001803bfbe00:   0000001803bfc020 0000001803bfbe40
0x0000001803bfbe10:   00000215fa10a4f8 00000215fa10a4f8
0x0000001803bfbe20:   00000215f7df92d8 0000001800000001
0x0000001803bfbe30:   00000215f93b0000 0000000000000000
0x0000001803bfbe40:   0000000000000000 0000000000000000
0x0000001803bfbe50:   0000000000000000 00007ffdf00bde10
0x0000001803bfbe60:   0000000000000000 0000000000000000
0x0000001803bfbe70:   0000000000000000 00007ffdf00bde10
0x0000001803bfbe80:   0000000000000000 00007ffdef8a57d1
0x0000001803bfbe90:   0000000000000000 0000000000000000
0x0000001803bfbea0:   0000000000000000 0000000000000000
0x0000001803bfbeb0:   0000000000000000 0000000000000000
0x0000001803bfbec0:   0000000000000000 0000000000000000
0x0000001803bfbed0:   0000000000000000 0000000000000000
0x0000001803bfbee0:   0000000000000000 0000000000000000
0x0000001803bfbef0:   0000000000000000 0000000000000000
0x0000001803bfbf00:   0000000000000000 0000000000000000
0x0000001803bfbf10:   0000000000000000 0000000000000000 

Instructions: (pc=0x00007ffdefaf36f0)
0x00007ffdefaf35f0:   48 8b 8e d0 08 00 00 48 85 c9 75 0c e8 df 0b 00
0x00007ffdefaf3600:   00 48 8b 8e d0 08 00 00 48 8b 01 0f 57 c0 48 89
0x00007ffdefaf3610:   86 d0 08 00 00 0f 11 01 0f 11 41 10 0f 10 45 00
0x00007ffdefaf3620:   0f 11 01 0f 10 4d 10 0f 11 49 10 48 8b 43 08 49
0x00007ffdefaf3630:   89 0c 06 48 8d 0d ae 28 82 00 ff c7 ba 50 00 00
0x00007ffdefaf3640:   00 3b bb 90 00 00 00 0f 82 63 ff ff ff 4c 8b 74
0x00007ffdefaf3650:   24 58 4c 8b 64 24 50 48 8b c3 48 8b 5c 24 60 48
0x00007ffdefaf3660:   83 c4 20 41 5f 41 5d 5f 5e 5d c3 cc cc cc cc cc
0x00007ffdefaf3670:   40 53 48 83 ec 20 48 8b d9 8b 49 0c 83 f9 04 73
0x00007ffdefaf3680:   2b 4c 8b 43 18 44 8d 49 01 0f 1f 80 00 00 00 00
0x00007ffdefaf3690:   8b c1 49 83 3c c0 00 49 8d 14 c0 0f 85 90 00 00
0x00007ffdefaf36a0:   00 ff c1 41 ff c1 41 83 f9 05 72 e4 48 89 74 24
0x00007ffdefaf36b0:   30 48 89 7c 24 38 8b 7b 10 3b 7b 14 73 61 48 8d
0x00007ffdefaf36c0:   35 23 28 82 00 66 66 66 0f 1f 84 00 00 00 00 00
0x00007ffdefaf36d0:   48 8b 43 20 8b cf 48 8b 14 c8 48 3b d6 74 39 33
0x00007ffdefaf36e0:   c0 48 89 53 18 33 c9 66 0f 1f 84 00 00 00 00 00
0x00007ffdefaf36f0:   48 83 3c 11 00 44 8d 48 01 75 6e 48 83 c1 08 41
0x00007ffdefaf3700:   8b c1 41 83 f9 04 72 e8 48 8b 4b 28 48 85 c9 74
0x00007ffdefaf3710:   07 8b d7 e8 58 01 00 00 ff c7 3b 7b 14 72 b1 48
0x00007ffdefaf3720:   8b 74 24 30 33 c0 48 8b 7c 24 38 48 83 c4 20 5b
0x00007ffdefaf3730:   c3 8b 43 10 44 8d 04 81 41 c1 e0 06 41 81 c0 00
0x00007ffdefaf3740:   ff ff ff 44 89 43 08 48 8b 12 48 0f bc c2 44 89
0x00007ffdefaf3750:   4b 0c 8b c8 48 d3 ea 48 ff ca 41 03 c0 48 89 13
0x00007ffdefaf3760:   89 43 08 48 83 c4 20 5b c3 48 8b 74 24 30 44 8d
0x00007ffdefaf3770:   04 b8 8b c8 8d 47 01 48 8b 7c 24 38 41 c1 e0 06
0x00007ffdefaf3780:   44 89 43 08 48 8b 14 ca 89 43 10 48 0f bc c2 44
0x00007ffdefaf3790:   89 4b 0c 8b c8 48 d3 ea 48 ff ca 41 03 c0 48 89
0x00007ffdefaf37a0:   13 89 43 08 48 83 c4 20 5b c3 cc cc cc cc cc cc
0x00007ffdefaf37b0:   40 53 48 83 ec 20 65 48 8b 04 25 58 00 00 00 8b
0x00007ffdefaf37c0:   0d 33 1d 86 00 48 8b 1c c8 b8 50 00 00 00 80 3c
0x00007ffdefaf37d0:   18 00 75 05 e8 cf 9b 52 00 b8 20 00 00 00 48 8b
0x00007ffdefaf37e0:   04 18 48 8b 88 d8 04 00 00 48 8b 99 80 00 00 00 


Stack slot to memory mapping:
stack at sp + 0 slots: 0x0000001803bfbd70 is pointing into the stack for thread: 0x00000215dd489f80
stack at sp + 1 slots: 0x000000000000001e is an unknown value
stack at sp + 2 slots: 0x00007ffdf0315ee8 jvm.dll
stack at sp + 3 slots: 0x00007ffdefaf3eb5 jvm.dll
stack at sp + 4 slots: 0x00000215faa124d0 points into unknown readable memory: 0x3fa72fa22dbcfbae | ae fb bc 2d a2 2f a7 3f
stack at sp + 5 slots: 0x00007ffdefaef12b jvm.dll
stack at sp + 6 slots: 0x00000000000005d8 is an unknown value
stack at sp + 7 slots: 0x0000001803bfc020 is pointing into the stack for thread: 0x00000215dd489f80


---------------  P R O C E S S  ---------------

Threads class SMR info:
_java_thread_list=0x00000215f9dca350, length=26, elements={
0x00000215c311db50, 0x00000215dd4677b0, 0x00000215dd468ce0, 0x00000215dd47a0d0,
0x00000215dd47d0c0, 0x00000215dd483c50, 0x00000215dd481df0, 0x00000215dd489f80,
0x00000215dd491940, 0x00000215dd482d20, 0x00000215dd4809b0, 0x00000215dd482300,
0x00000215dd480ec0, 0x00000215dd483740, 0x00000215dd4818e0, 0x00000215dd4813d0,
0x00000215dd482810, 0x00000215dd484160, 0x00000215f80c0ec0, 0x00000215f80c55a0,
0x00000215f80c18e0, 0x00000215f80be130, 0x00000215f80c3230, 0x00000215f80c2810,
0x00000215f80c2300, 0x00000215f7c93ce0
}

Java Threads: ( => current thread )
  0x00000215c311db50 JavaThread "main" [_thread_blocked, id=2176, stack(0x0000001802e00000,0x0000001802f00000)]
  0x00000215dd4677b0 JavaThread "Reference Handler" daemon [_thread_blocked, id=20928, stack(0x0000001803500000,0x0000001803600000)]
  0x00000215dd468ce0 JavaThread "Finalizer" daemon [_thread_blocked, id=13984, stack(0x0000001803600000,0x0000001803700000)]
  0x00000215dd47a0d0 JavaThread "Signal Dispatcher" daemon [_thread_blocked, id=18284, stack(0x0000001803700000,0x0000001803800000)]
  0x00000215dd47d0c0 JavaThread "Attach Listener" daemon [_thread_blocked, id=12464, stack(0x0000001803800000,0x0000001803900000)]
  0x00000215dd483c50 JavaThread "Service Thread" daemon [_thread_blocked, id=11428, stack(0x0000001803900000,0x0000001803a00000)]
  0x00000215dd481df0 JavaThread "Monitor Deflation Thread" daemon [_thread_blocked, id=6432, stack(0x0000001803a00000,0x0000001803b00000)]
=>0x00000215dd489f80 JavaThread "C2 CompilerThread0" daemon [_thread_in_native, id=21844, stack(0x0000001803b00000,0x0000001803c00000)]
  0x00000215dd491940 JavaThread "C1 CompilerThread0" daemon [_thread_blocked, id=19536, stack(0x0000001803c00000,0x0000001803d00000)]
  0x00000215dd482d20 JavaThread "Sweeper thread" daemon [_thread_blocked, id=22380, stack(0x0000001803d00000,0x0000001803e00000)]
  0x00000215dd4809b0 JavaThread "Common-Cleaner" daemon [_thread_blocked, id=13676, stack(0x0000001803e00000,0x0000001803f00000)]
  0x00000215dd482300 JavaThread "Notification Thread" daemon [_thread_blocked, id=7212, stack(0x0000001803f00000,0x0000001804000000)]
  0x00000215dd480ec0 JavaThread "Daemon health stats" [_thread_blocked, id=17484, stack(0x0000001804500000,0x0000001804600000)]
  0x00000215dd483740 JavaThread "Incoming local TCP Connector on port 50199" [_thread_in_native, id=8812, stack(0x0000001804100000,0x0000001804200000)]
  0x00000215dd4818e0 JavaThread "Daemon periodic checks" [_thread_blocked, id=9164, stack(0x0000001804700000,0x0000001804800000)]
  0x00000215dd4813d0 JavaThread "Daemon" [_thread_blocked, id=15140, stack(0x0000001804800000,0x0000001804900000)]
  0x00000215dd482810 JavaThread "Handler for socket connection from /127.0.0.1:50199 to /127.0.0.1:50200" [_thread_in_native, id=13880, stack(0x0000001804900000,0x0000001804a00000)]
  0x00000215dd484160 JavaThread "Cancel handler" [_thread_blocked, id=1760, stack(0x0000001804600000,0x0000001804700000)]
  0x00000215f80c0ec0 JavaThread "Daemon worker" [_thread_in_vm, id=19732, stack(0x0000001804a00000,0x0000001804b00000)]
  0x00000215f80c55a0 JavaThread "Asynchronous log dispatcher for DefaultDaemonConnection: socket connection from /127.0.0.1:50199 to /127.0.0.1:50200" [_thread_blocked, id=6888, stack(0x0000001804b00000,0x0000001804c00000)]
  0x00000215f80c18e0 JavaThread "Stdin handler" [_thread_blocked, id=7696, stack(0x0000001804c00000,0x0000001804d00000)]
  0x00000215f80be130 JavaThread "Daemon client event forwarder" [_thread_blocked, id=16724, stack(0x0000001804d00000,0x0000001804e00000)]
  0x00000215f80c3230 JavaThread "Cache worker for journal cache (C:\Users\Lenovo\.gradle\caches\journal-1)" [_thread_blocked, id=15604, stack(0x0000001804e00000,0x0000001804f00000)]
  0x00000215f80c2810 JavaThread "File lock request listener" [_thread_in_native, id=19828, stack(0x0000001804f00000,0x0000001805000000)]
  0x00000215f80c2300 JavaThread "Cache worker for file hash cache (C:\Users\Lenovo\.gradle\caches\9.2.1\fileHashes)" [_thread_blocked, id=18116, stack(0x0000001805100000,0x0000001805200000)]
  0x00000215f7c93ce0 JavaThread "C2 CompilerThread1" daemon [_thread_in_native, id=2692, stack(0x0000001805000000,0x0000001805100000)]

Other Threads:
  0x00000215dd45ca40 VMThread "VM Thread" [stack: 0x0000001803400000,0x0000001803500000] [id=21284]
  0x00000215c311ea20 WatcherThread [stack: 0x0000001804000000,0x0000001804100000] [id=18416]
  0x00000215c314e6e0 GCTaskThread "GC Thread#0" [stack: 0x0000001802f00000,0x0000001803000000] [id=4188]
  0x00000215dd9c2b90 GCTaskThread "GC Thread#1" [stack: 0x0000001804200000,0x0000001804300000] [id=9344]
  0x00000215dd874ff0 GCTaskThread "GC Thread#2" [stack: 0x0000001804300000,0x0000001804400000] [id=21236]
  0x00000215dd8752b0 GCTaskThread "GC Thread#3" [stack: 0x0000001804400000,0x0000001804500000] [id=3044]
  0x00000215c3153540 ConcurrentGCThread "G1 Main Marker" [stack: 0x0000001803000000,0x0000001803100000] [id=18496]
  0x00000215c3153e70 ConcurrentGCThread "G1 Conc#0" [stack: 0x0000001803100000,0x0000001803200000] [id=14508]
  0x00000215c31dcdd0 ConcurrentGCThread "G1 Refine#0" [stack: 0x0000001803200000,0x0000001803300000] [id=9520]
  0x00000215c31dd710 ConcurrentGCThread "G1 Service" [stack: 0x0000001803300000,0x0000001803400000] [id=17740]

Threads with active compile tasks:
C2 CompilerThread0  8546 2438   !   4       java.lang.ClassLoader::loadClass (121 bytes)
C2 CompilerThread1  8546 2444   !   4       java.net.URLClassLoader::findClass (47 bytes)

VM state: not at safepoint (normal execution)

VM Mutex/Monitor currently owned by a thread: None

Heap address: 0x00000000e0000000, size: 512 MB, Compressed Oops mode: 32-bit

CDS archive(s) mapped at: [0x00000215de000000-0x00000215debb0000-0x00000215debb0000), size 12255232, SharedBaseAddress: 0x00000215de000000, ArchiveRelocationMode: 1.
Compressed class space mapped at: 0x00000215df000000-0x00000215f3000000, reserved size: 335544320
Narrow klass base: 0x00000215de000000, Narrow klass shift: 0, Narrow klass range: 0x100000000

GC Precious Log:
 CPUs: 4 total, 4 available
 Memory: 16239M
 Large Page Support: Disabled
 NUMA Support: Disabled
 Compressed Oops: Enabled (32-bit)
 Heap Region Size: 1M
 Heap Min Capacity: 256M
 Heap Initial Capacity: 256M
 Heap Max Capacity: 512M
 Pre-touch: Disabled
 Parallel Workers: 4
 Concurrent Workers: 1
 Concurrent Refinement Workers: 4
 Periodic GC: Disabled

Heap:
 garbage-first heap   total 262144K, used 29733K [0x00000000e0000000, 0x0000000100000000)
  region size 1024K, 9 young (9216K), 2 survivors (2048K)
 Metaspace       used 21979K, committed 22272K, reserved 393216K
  class space    used 3065K, committed 3200K, reserved 327680K

Heap Regions: E=young(eden), S=young(survivor), O=old, HS=humongous(starts), HC=humongous(continues), CS=collection set, F=free, OA=open archive, CA=closed archive, TAMS=top-at-mark-start (previous, next)
|   0|0x00000000e0000000, 0x00000000e0100000, 0x00000000e0100000|100%|HS|  |TAMS 0x00000000e0100000, 0x00000000e0000000| Complete 
|   1|0x00000000e0100000, 0x00000000e0200000, 0x00000000e0200000|100%|HC|  |TAMS 0x00000000e0200000, 0x00000000e0100000| Complete 
|   2|0x00000000e0200000, 0x00000000e0300000, 0x00000000e0300000|100%|HC|  |TAMS 0x00000000e0300000, 0x00000000e0200000| Complete 
|   3|0x00000000e0300000, 0x00000000e0400000, 0x00000000e0400000|100%|HC|  |TAMS 0x00000000e0400000, 0x00000000e0300000| Complete 
|   4|0x00000000e0400000, 0x00000000e0500000, 0x00000000e0500000|100%| O|  |TAMS 0x00000000e0500000, 0x00000000e0400000| Untracked 
|   5|0x00000000e0500000, 0x00000000e0600000, 0x00000000e0600000|100%| O|  |TAMS 0x00000000e0600000, 0x00000000e0500000| Untracked 
|   6|0x00000000e0600000, 0x00000000e0700000, 0x00000000e0700000|100%| O|  |TAMS 0x00000000e0700000, 0x00000000e0600000| Untracked 
|   7|0x00000000e0700000, 0x00000000e0800000, 0x00000000e0800000|100%| O|  |TAMS 0x00000000e0745c00, 0x00000000e0700000| Untracked 
|   8|0x00000000e0800000, 0x00000000e0900000, 0x00000000e0900000|100%|HS|  |TAMS 0x00000000e0900000, 0x00000000e0800000| Complete 
|   9|0x00000000e0900000, 0x00000000e0a00000, 0x00000000e0a00000|100%| O|  |TAMS 0x00000000e0900000, 0x00000000e0900000| Untracked 
|  10|0x00000000e0a00000, 0x00000000e0b00000, 0x00000000e0b00000|100%| O|  |TAMS 0x00000000e0a00000, 0x00000000e0a00000| Untracked 
|  11|0x00000000e0b00000, 0x00000000e0c00000, 0x00000000e0c00000|100%| O|  |TAMS 0x00000000e0b00000, 0x00000000e0b00000| Untracked 
|  12|0x00000000e0c00000, 0x00000000e0d00000, 0x00000000e0d00000|100%| O|  |TAMS 0x00000000e0c00000, 0x00000000e0c00000| Untracked 
|  13|0x00000000e0d00000, 0x00000000e0e00000, 0x00000000e0e00000|100%| O|  |TAMS 0x00000000e0d00000, 0x00000000e0d00000| Untracked 
|  14|0x00000000e0e00000, 0x00000000e0f00000, 0x00000000e0f00000|100%| O|  |TAMS 0x00000000e0e00000, 0x00000000e0e00000| Untracked 
|  15|0x00000000e0f00000, 0x00000000e1000000, 0x00000000e1000000|100%| O|  |TAMS 0x00000000e0f00000, 0x00000000e0f00000| Untracked 
|  16|0x00000000e1000000, 0x00000000e1100000, 0x00000000e1100000|100%| O|  |TAMS 0x00000000e1000000, 0x00000000e1000000| Untracked 
|  17|0x00000000e1100000, 0x00000000e1200000, 0x00000000e1200000|100%| O|  |TAMS 0x00000000e1100000, 0x00000000e1100000| Untracked 
|  18|0x00000000e1200000, 0x00000000e1300000, 0x00000000e1300000|100%| O|  |TAMS 0x00000000e1200000, 0x00000000e1200000| Untracked 
|  19|0x00000000e1300000, 0x00000000e1400000, 0x00000000e1400000|100%| O|  |TAMS 0x00000000e1300000, 0x00000000e1300000| Untracked 
|  20|0x00000000e1400000, 0x00000000e1500000, 0x00000000e1500000|100%| O|  |TAMS 0x00000000e1400000, 0x00000000e1400000| Untracked 
|  21|0x00000000e1500000, 0x00000000e1509400, 0x00000000e1600000|  3%| O|  |TAMS 0x00000000e1500000, 0x00000000e1500000| Untracked 
|  22|0x00000000e1600000, 0x00000000e1600000, 0x00000000e1700000|  0%| F|  |TAMS 0x00000000e1600000, 0x00000000e1600000| Untracked 
|  23|0x00000000e1700000, 0x00000000e1700000, 0x00000000e1800000|  0%| F|  |TAMS 0x00000000e1700000, 0x00000000e1700000| Untracked 
|  24|0x00000000e1800000, 0x00000000e1800000, 0x00000000e1900000|  0%| F|  |TAMS 0x00000000e1800000, 0x00000000e1800000| Untracked 
|  25|0x00000000e1900000, 0x00000000e1900000, 0x00000000e1a00000|  0%| F|  |TAMS 0x00000000e1900000, 0x00000000e1900000| Untracked 
|  26|0x00000000e1a00000, 0x00000000e1a00000, 0x00000000e1b00000|  0%| F|  |TAMS 0x00000000e1a00000, 0x00000000e1a00000| Untracked 
|  27|0x00000000e1b00000, 0x00000000e1b00000, 0x00000000e1c00000|  0%| F|  |TAMS 0x00000000e1b00000, 0x00000000e1b00000| Untracked 
|  28|0x00000000e1c00000, 0x00000000e1c00000, 0x00000000e1d00000|  0%| F|  |TAMS 0x00000000e1c00000, 0x00000000e1c00000| Untracked 
|  29|0x00000000e1d00000, 0x00000000e1d00000, 0x00000000e1e00000|  0%| F|  |TAMS 0x00000000e1d00000, 0x00000000e1d00000| Untracked 
|  30|0x00000000e1e00000, 0x00000000e1e00000, 0x00000000e1f00000|  0%| F|  |TAMS 0x00000000e1e00000, 0x00000000e1e00000| Untracked 
|  31|0x00000000e1f00000, 0x00000000e1f00000, 0x00000000e2000000|  0%| F|  |TAMS 0x00000000e1f00000, 0x00000000e1f00000| Untracked 
|  32|0x00000000e2000000, 0x00000000e2000000, 0x00000000e2100000|  0%| F|  |TAMS 0x00000000e2000000, 0x00000000e2000000| Untracked 
|  33|0x00000000e2100000, 0x00000000e2100000, 0x00000000e2200000|  0%| F|  |TAMS 0x00000000e2100000, 0x00000000e2100000| Untracked 
|  34|0x00000000e2200000, 0x00000000e2200000, 0x00000000e2300000|  0%| F|  |TAMS 0x00000000e2200000, 0x00000000e2200000| Untracked 
|  35|0x00000000e2300000, 0x00000000e2300000, 0x00000000e2400000|  0%| F|  |TAMS 0x00000000e2300000, 0x00000000e2300000| Untracked 
|  36|0x00000000e2400000, 0x00000000e2400000, 0x00000000e2500000|  0%| F|  |TAMS 0x00000000e2400000, 0x00000000e2400000| Untracked 
|  37|0x00000000e2500000, 0x00000000e2500000, 0x00000000e2600000|  0%| F|  |TAMS 0x00000000e2500000, 0x00000000e2500000| Untracked 
|  38|0x00000000e2600000, 0x00000000e2600000, 0x00000000e2700000|  0%| F|  |TAMS 0x00000000e2600000, 0x00000000e2600000| Untracked 
|  39|0x00000000e2700000, 0x00000000e2700000, 0x00000000e2800000|  0%| F|  |TAMS 0x00000000e2700000, 0x00000000e2700000| Untracked 
|  40|0x00000000e2800000, 0x00000000e2800000, 0x00000000e2900000|  0%| F|  |TAMS 0x00000000e2800000, 0x00000000e2800000| Untracked 
|  41|0x00000000e2900000, 0x00000000e2900000, 0x00000000e2a00000|  0%| F|  |TAMS 0x00000000e2900000, 0x00000000e2900000| Untracked 
|  42|0x00000000e2a00000, 0x00000000e2a00000, 0x00000000e2b00000|  0%| F|  |TAMS 0x00000000e2a00000, 0x00000000e2a00000| Untracked 
|  43|0x00000000e2b00000, 0x00000000e2b00000, 0x00000000e2c00000|  0%| F|  |TAMS 0x00000000e2b00000, 0x00000000e2b00000| Untracked 
|  44|0x00000000e2c00000, 0x00000000e2c00000, 0x00000000e2d00000|  0%| F|  |TAMS 0x00000000e2c00000, 0x00000000e2c00000| Untracked 
|  45|0x00000000e2d00000, 0x00000000e2d00000, 0x00000000e2e00000|  0%| F|  |TAMS 0x00000000e2d00000, 0x00000000e2d00000| Untracked 
|  46|0x00000000e2e00000, 0x00000000e2e00000, 0x00000000e2f00000|  0%| F|  |TAMS 0x00000000e2e00000, 0x00000000e2e00000| Untracked 
|  47|0x00000000e2f00000, 0x00000000e2f00000, 0x00000000e3000000|  0%| F|  |TAMS 0x00000000e2f00000, 0x00000000e2f00000| Untracked 
|  48|0x00000000e3000000, 0x00000000e3000000, 0x00000000e3100000|  0%| F|  |TAMS 0x00000000e3000000, 0x00000000e3000000| Untracked 
|  49|0x00000000e3100000, 0x00000000e3100000, 0x00000000e3200000|  0%| F|  |TAMS 0x00000000e3100000, 0x00000000e3100000| Untracked 
|  50|0x00000000e3200000, 0x00000000e3200000, 0x00000000e3300000|  0%| F|  |TAMS 0x00000000e3200000, 0x00000000e3200000| Untracked 
|  51|0x00000000e3300000, 0x00000000e3300000, 0x00000000e3400000|  0%| F|  |TAMS 0x00000000e3300000, 0x00000000e3300000| Untracked 
|  52|0x00000000e3400000, 0x00000000e3400000, 0x00000000e3500000|  0%| F|  |TAMS 0x00000000e3400000, 0x00000000e3400000| Untracked 
|  53|0x00000000e3500000, 0x00000000e3500000, 0x00000000e3600000|  0%| F|  |TAMS 0x00000000e3500000, 0x00000000e3500000| Untracked 
|  54|0x00000000e3600000, 0x00000000e3600000, 0x00000000e3700000|  0%| F|  |TAMS 0x00000000e3600000, 0x00000000e3600000| Untracked 
|  55|0x00000000e3700000, 0x00000000e3700000, 0x00000000e3800000|  0%| F|  |TAMS 0x00000000e3700000, 0x00000000e3700000| Untracked 
|  56|0x00000000e3800000, 0x00000000e3800000, 0x00000000e3900000|  0%| F|  |TAMS 0x00000000e3800000, 0x00000000e3800000| Untracked 
|  57|0x00000000e3900000, 0x00000000e3900000, 0x00000000e3a00000|  0%| F|  |TAMS 0x00000000e3900000, 0x00000000e3900000| Untracked 
|  58|0x00000000e3a00000, 0x00000000e3a00000, 0x00000000e3b00000|  0%| F|  |TAMS 0x00000000e3a00000, 0x00000000e3a00000| Untracked 
|  59|0x00000000e3b00000, 0x00000000e3b00000, 0x00000000e3c00000|  0%| F|  |TAMS 0x00000000e3b00000, 0x00000000e3b00000| Untracked 
|  60|0x00000000e3c00000, 0x00000000e3c00000, 0x00000000e3d00000|  0%| F|  |TAMS 0x00000000e3c00000, 0x00000000e3c00000| Untracked 
|  61|0x00000000e3d00000, 0x00000000e3d00000, 0x00000000e3e00000|  0%| F|  |TAMS 0x00000000e3d00000, 0x00000000e3d00000| Untracked 
|  62|0x00000000e3e00000, 0x00000000e3e00000, 0x00000000e3f00000|  0%| F|  |TAMS 0x00000000e3e00000, 0x00000000e3e00000| Untracked 
|  63|0x00000000e3f00000, 0x00000000e3f00000, 0x00000000e4000000|  0%| F|  |TAMS 0x00000000e3f00000, 0x00000000e3f00000| Untracked 
|  64|0x00000000e4000000, 0x00000000e4000000, 0x00000000e4100000|  0%| F|  |TAMS 0x00000000e4000000, 0x00000000e4000000| Untracked 
|  65|0x00000000e4100000, 0x00000000e4100000, 0x00000000e4200000|  0%| F|  |TAMS 0x00000000e4100000, 0x00000000e4100000| Untracked 
|  66|0x00000000e4200000, 0x00000000e4200000, 0x00000000e4300000|  0%| F|  |TAMS 0x00000000e4200000, 0x00000000e4200000| Untracked 
|  67|0x00000000e4300000, 0x00000000e4300000, 0x00000000e4400000|  0%| F|  |TAMS 0x00000000e4300000, 0x00000000e4300000| Untracked 
|  68|0x00000000e4400000, 0x00000000e4400000, 0x00000000e4500000|  0%| F|  |TAMS 0x00000000e4400000, 0x00000000e4400000| Untracked 
|  69|0x00000000e4500000, 0x00000000e4500000, 0x00000000e4600000|  0%| F|  |TAMS 0x00000000e4500000, 0x00000000e4500000| Untracked 
|  70|0x00000000e4600000, 0x00000000e4600000, 0x00000000e4700000|  0%| F|  |TAMS 0x00000000e4600000, 0x00000000e4600000| Untracked 
|  71|0x00000000e4700000, 0x00000000e4700000, 0x00000000e4800000|  0%| F|  |TAMS 0x00000000e4700000, 0x00000000e4700000| Untracked 
|  72|0x00000000e4800000, 0x00000000e4800000, 0x00000000e4900000|  0%| F|  |TAMS 0x00000000e4800000, 0x00000000e4800000| Untracked 
|  73|0x00000000e4900000, 0x00000000e4900000, 0x00000000e4a00000|  0%| F|  |TAMS 0x00000000e4900000, 0x00000000e4900000| Untracked 
|  74|0x00000000e4a00000, 0x00000000e4a00000, 0x00000000e4b00000|  0%| F|  |TAMS 0x00000000e4a00000, 0x00000000e4a00000| Untracked 
|  75|0x00000000e4b00000, 0x00000000e4b00000, 0x00000000e4c00000|  0%| F|  |TAMS 0x00000000e4b00000, 0x00000000e4b00000| Untracked 
|  76|0x00000000e4c00000, 0x00000000e4c00000, 0x00000000e4d00000|  0%| F|  |TAMS 0x00000000e4c00000, 0x00000000e4c00000| Untracked 
|  77|0x00000000e4d00000, 0x00000000e4d00000, 0x00000000e4e00000|  0%| F|  |TAMS 0x00000000e4d00000, 0x00000000e4d00000| Untracked 
|  78|0x00000000e4e00000, 0x00000000e4e00000, 0x00000000e4f00000|  0%| F|  |TAMS 0x00000000e4e00000, 0x00000000e4e00000| Untracked 
|  79|0x00000000e4f00000, 0x00000000e4f00000, 0x00000000e5000000|  0%| F|  |TAMS 0x00000000e4f00000, 0x00000000e4f00000| Untracked 
|  80|0x00000000e5000000, 0x00000000e5000000, 0x00000000e5100000|  0%| F|  |TAMS 0x00000000e5000000, 0x00000000e5000000| Untracked 
|  81|0x00000000e5100000, 0x00000000e5100000, 0x00000000e5200000|  0%| F|  |TAMS 0x00000000e5100000, 0x00000000e5100000| Untracked 
|  82|0x00000000e5200000, 0x00000000e5200000, 0x00000000e5300000|  0%| F|  |TAMS 0x00000000e5200000, 0x00000000e5200000| Untracked 
|  83|0x00000000e5300000, 0x00000000e5300000, 0x00000000e5400000|  0%| F|  |TAMS 0x00000000e5300000, 0x00000000e5300000| Untracked 
|  84|0x00000000e5400000, 0x00000000e5400000, 0x00000000e5500000|  0%| F|  |TAMS 0x00000000e5400000, 0x00000000e5400000| Untracked 
|  85|0x00000000e5500000, 0x00000000e5500000, 0x00000000e5600000|  0%| F|  |TAMS 0x00000000e5500000, 0x00000000e5500000| Untracked 
|  86|0x00000000e5600000, 0x00000000e5600000, 0x00000000e5700000|  0%| F|  |TAMS 0x00000000e5600000, 0x00000000e5600000| Untracked 
|  87|0x00000000e5700000, 0x00000000e5700000, 0x00000000e5800000|  0%| F|  |TAMS 0x00000000e5700000, 0x00000000e5700000| Untracked 
|  88|0x00000000e5800000, 0x00000000e5800000, 0x00000000e5900000|  0%| F|  |TAMS 0x00000000e5800000, 0x00000000e5800000| Untracked 
|  89|0x00000000e5900000, 0x00000000e5900000, 0x00000000e5a00000|  0%| F|  |TAMS 0x00000000e5900000, 0x00000000e5900000| Untracked 
|  90|0x00000000e5a00000, 0x00000000e5a00000, 0x00000000e5b00000|  0%| F|  |TAMS 0x00000000e5a00000, 0x00000000e5a00000| Untracked 
|  91|0x00000000e5b00000, 0x00000000e5b00000, 0x00000000e5c00000|  0%| F|  |TAMS 0x00000000e5b00000, 0x00000000e5b00000| Untracked 
|  92|0x00000000e5c00000, 0x00000000e5c00000, 0x00000000e5d00000|  0%| F|  |TAMS 0x00000000e5c00000, 0x00000000e5c00000| Untracked 
|  93|0x00000000e5d00000, 0x00000000e5d00000, 0x00000000e5e00000|  0%| F|  |TAMS 0x00000000e5d00000, 0x00000000e5d00000| Untracked 
|  94|0x00000000e5e00000, 0x00000000e5e00000, 0x00000000e5f00000|  0%| F|  |TAMS 0x00000000e5e00000, 0x00000000e5e00000| Untracked 
|  95|0x00000000e5f00000, 0x00000000e5f00000, 0x00000000e6000000|  0%| F|  |TAMS 0x00000000e5f00000, 0x00000000e5f00000| Untracked 
|  96|0x00000000e6000000, 0x00000000e6000000, 0x00000000e6100000|  0%| F|  |TAMS 0x00000000e6000000, 0x00000000e6000000| Untracked 
|  97|0x00000000e6100000, 0x00000000e6100000, 0x00000000e6200000|  0%| F|  |TAMS 0x00000000e6100000, 0x00000000e6100000| Untracked 
|  98|0x00000000e6200000, 0x00000000e6200000, 0x00000000e6300000|  0%| F|  |TAMS 0x00000000e6200000, 0x00000000e6200000| Untracked 
|  99|0x00000000e6300000, 0x00000000e6300000, 0x00000000e6400000|  0%| F|  |TAMS 0x00000000e6300000, 0x00000000e6300000| Untracked 
| 100|0x00000000e6400000, 0x00000000e6400000, 0x00000000e6500000|  0%| F|  |TAMS 0x00000000e6400000, 0x00000000e6400000| Untracked 
| 101|0x00000000e6500000, 0x00000000e6500000, 0x00000000e6600000|  0%| F|  |TAMS 0x00000000e6500000, 0x00000000e6500000| Untracked 
| 102|0x00000000e6600000, 0x00000000e6600000, 0x00000000e6700000|  0%| F|  |TAMS 0x00000000e6600000, 0x00000000e6600000| Untracked 
| 103|0x00000000e6700000, 0x00000000e6700000, 0x00000000e6800000|  0%| F|  |TAMS 0x00000000e6700000, 0x00000000e6700000| Untracked 
| 104|0x00000000e6800000, 0x00000000e6800000, 0x00000000e6900000|  0%| F|  |TAMS 0x00000000e6800000, 0x00000000e6800000| Untracked 
| 105|0x00000000e6900000, 0x00000000e6900000, 0x00000000e6a00000|  0%| F|  |TAMS 0x00000000e6900000, 0x00000000e6900000| Untracked 
| 106|0x00000000e6a00000, 0x00000000e6a00000, 0x00000000e6b00000|  0%| F|  |TAMS 0x00000000e6a00000, 0x00000000e6a00000| Untracked 
| 107|0x00000000e6b00000, 0x00000000e6b00000, 0x00000000e6c00000|  0%| F|  |TAMS 0x00000000e6b00000, 0x00000000e6b00000| Untracked 
| 108|0x00000000e6c00000, 0x00000000e6c00000, 0x00000000e6d00000|  0%| F|  |TAMS 0x00000000e6c00000, 0x00000000e6c00000| Untracked 
| 109|0x00000000e6d00000, 0x00000000e6d00000, 0x00000000e6e00000|  0%| F|  |TAMS 0x00000000e6d00000, 0x00000000e6d00000| Untracked 
| 110|0x00000000e6e00000, 0x00000000e6e00000, 0x00000000e6f00000|  0%| F|  |TAMS 0x00000000e6e00000, 0x00000000e6e00000| Untracked 
| 111|0x00000000e6f00000, 0x00000000e6f00000, 0x00000000e7000000|  0%| F|  |TAMS 0x00000000e6f00000, 0x00000000e6f00000| Untracked 
| 112|0x00000000e7000000, 0x00000000e7000000, 0x00000000e7100000|  0%| F|  |TAMS 0x00000000e7000000, 0x00000000e7000000| Untracked 
| 113|0x00000000e7100000, 0x00000000e7100000, 0x00000000e7200000|  0%| F|  |TAMS 0x00000000e7100000, 0x00000000e7100000| Untracked 
| 114|0x00000000e7200000, 0x00000000e7200000, 0x00000000e7300000|  0%| F|  |TAMS 0x00000000e7200000, 0x00000000e7200000| Untracked 
| 115|0x00000000e7300000, 0x00000000e7300000, 0x00000000e7400000|  0%| F|  |TAMS 0x00000000e7300000, 0x00000000e7300000| Untracked 
| 116|0x00000000e7400000, 0x00000000e7400000, 0x00000000e7500000|  0%| F|  |TAMS 0x00000000e7400000, 0x00000000e7400000| Untracked 
| 117|0x00000000e7500000, 0x00000000e7500000, 0x00000000e7600000|  0%| F|  |TAMS 0x00000000e7500000, 0x00000000e7500000| Untracked 
| 118|0x00000000e7600000, 0x00000000e7600000, 0x00000000e7700000|  0%| F|  |TAMS 0x00000000e7600000, 0x00000000e7600000| Untracked 
| 119|0x00000000e7700000, 0x00000000e7700000, 0x00000000e7800000|  0%| F|  |TAMS 0x00000000e7700000, 0x00000000e7700000| Untracked 
| 120|0x00000000e7800000, 0x00000000e7800000, 0x00000000e7900000|  0%| F|  |TAMS 0x00000000e7800000, 0x00000000e7800000| Untracked 
| 121|0x00000000e7900000, 0x00000000e7900000, 0x00000000e7a00000|  0%| F|  |TAMS 0x00000000e7900000, 0x00000000e7900000| Untracked 
| 122|0x00000000e7a00000, 0x00000000e7a00000, 0x00000000e7b00000|  0%| F|  |TAMS 0x00000000e7a00000, 0x00000000e7a00000| Untracked 
| 123|0x00000000e7b00000, 0x00000000e7b00000, 0x00000000e7c00000|  0%| F|  |TAMS 0x00000000e7b00000, 0x00000000e7b00000| Untracked 
| 124|0x00000000e7c00000, 0x00000000e7c00000, 0x00000000e7d00000|  0%| F|  |TAMS 0x00000000e7c00000, 0x00000000e7c00000| Untracked 
| 125|0x00000000e7d00000, 0x00000000e7d00000, 0x00000000e7e00000|  0%| F|  |TAMS 0x00000000e7d00000, 0x00000000e7d00000| Untracked 
| 126|0x00000000e7e00000, 0x00000000e7e00000, 0x00000000e7f00000|  0%| F|  |TAMS 0x00000000e7e00000, 0x00000000e7e00000| Untracked 
| 127|0x00000000e7f00000, 0x00000000e7f00000, 0x00000000e8000000|  0%| F|  |TAMS 0x00000000e7f00000, 0x00000000e7f00000| Untracked 
| 128|0x00000000e8000000, 0x00000000e8000000, 0x00000000e8100000|  0%| F|  |TAMS 0x00000000e8000000, 0x00000000e8000000| Untracked 
| 129|0x00000000e8100000, 0x00000000e8100000, 0x00000000e8200000|  0%| F|  |TAMS 0x00000000e8100000, 0x00000000e8100000| Untracked 
| 130|0x00000000e8200000, 0x00000000e8200000, 0x00000000e8300000|  0%| F|  |TAMS 0x00000000e8200000, 0x00000000e8200000| Untracked 
| 131|0x00000000e8300000, 0x00000000e8300000, 0x00000000e8400000|  0%| F|  |TAMS 0x00000000e8300000, 0x00000000e8300000| Untracked 
| 132|0x00000000e8400000, 0x00000000e8400000, 0x00000000e8500000|  0%| F|  |TAMS 0x00000000e8400000, 0x00000000e8400000| Untracked 
| 133|0x00000000e8500000, 0x00000000e8500000, 0x00000000e8600000|  0%| F|  |TAMS 0x00000000e8500000, 0x00000000e8500000| Untracked 
| 134|0x00000000e8600000, 0x00000000e8600000, 0x00000000e8700000|  0%| F|  |TAMS 0x00000000e8600000, 0x00000000e8600000| Untracked 
| 135|0x00000000e8700000, 0x00000000e8700000, 0x00000000e8800000|  0%| F|  |TAMS 0x00000000e8700000, 0x00000000e8700000| Untracked 
| 136|0x00000000e8800000, 0x00000000e8800000, 0x00000000e8900000|  0%| F|  |TAMS 0x00000000e8800000, 0x00000000e8800000| Untracked 
| 137|0x00000000e8900000, 0x00000000e8900000, 0x00000000e8a00000|  0%| F|  |TAMS 0x00000000e8900000, 0x00000000e8900000| Untracked 
| 138|0x00000000e8a00000, 0x00000000e8a00000, 0x00000000e8b00000|  0%| F|  |TAMS 0x00000000e8a00000, 0x00000000e8a00000| Untracked 
| 139|0x00000000e8b00000, 0x00000000e8b00000, 0x00000000e8c00000|  0%| F|  |TAMS 0x00000000e8b00000, 0x00000000e8b00000| Untracked 
| 140|0x00000000e8c00000, 0x00000000e8c00000, 0x00000000e8d00000|  0%| F|  |TAMS 0x00000000e8c00000, 0x00000000e8c00000| Untracked 
| 141|0x00000000e8d00000, 0x00000000e8d00000, 0x00000000e8e00000|  0%| F|  |TAMS 0x00000000e8d00000, 0x00000000e8d00000| Untracked 
| 142|0x00000000e8e00000, 0x00000000e8e00000, 0x00000000e8f00000|  0%| F|  |TAMS 0x00000000e8e00000, 0x00000000e8e00000| Untracked 
| 143|0x00000000e8f00000, 0x00000000e8f00000, 0x00000000e9000000|  0%| F|  |TAMS 0x00000000e8f00000, 0x00000000e8f00000| Untracked 
| 144|0x00000000e9000000, 0x00000000e9000000, 0x00000000e9100000|  0%| F|  |TAMS 0x00000000e9000000, 0x00000000e9000000| Untracked 
| 145|0x00000000e9100000, 0x00000000e9100000, 0x00000000e9200000|  0%| F|  |TAMS 0x00000000e9100000, 0x00000000e9100000| Untracked 
| 146|0x00000000e9200000, 0x00000000e9200000, 0x00000000e9300000|  0%| F|  |TAMS 0x00000000e9200000, 0x00000000e9200000| Untracked 
| 147|0x00000000e9300000, 0x00000000e9300000, 0x00000000e9400000|  0%| F|  |TAMS 0x00000000e9300000, 0x00000000e9300000| Untracked 
| 148|0x00000000e9400000, 0x00000000e9400000, 0x00000000e9500000|  0%| F|  |TAMS 0x00000000e9400000, 0x00000000e9400000| Untracked 
| 149|0x00000000e9500000, 0x00000000e9500000, 0x00000000e9600000|  0%| F|  |TAMS 0x00000000e9500000, 0x00000000e9500000| Untracked 
| 150|0x00000000e9600000, 0x00000000e9600000, 0x00000000e9700000|  0%| F|  |TAMS 0x00000000e9600000, 0x00000000e9600000| Untracked 
| 151|0x00000000e9700000, 0x00000000e9700000, 0x00000000e9800000|  0%| F|  |TAMS 0x00000000e9700000, 0x00000000e9700000| Untracked 
| 152|0x00000000e9800000, 0x00000000e9800000, 0x00000000e9900000|  0%| F|  |TAMS 0x00000000e9800000, 0x00000000e9800000| Untracked 
| 153|0x00000000e9900000, 0x00000000e9900000, 0x00000000e9a00000|  0%| F|  |TAMS 0x00000000e9900000, 0x00000000e9900000| Untracked 
| 154|0x00000000e9a00000, 0x00000000e9a00000, 0x00000000e9b00000|  0%| F|  |TAMS 0x00000000e9a00000, 0x00000000e9a00000| Untracked 
| 155|0x00000000e9b00000, 0x00000000e9b00000, 0x00000000e9c00000|  0%| F|  |TAMS 0x00000000e9b00000, 0x00000000e9b00000| Untracked 
| 156|0x00000000e9c00000, 0x00000000e9c00000, 0x00000000e9d00000|  0%| F|  |TAMS 0x00000000e9c00000, 0x00000000e9c00000| Untracked 
| 157|0x00000000e9d00000, 0x00000000e9d00000, 0x00000000e9e00000|  0%| F|  |TAMS 0x00000000e9d00000, 0x00000000e9d00000| Untracked 
| 158|0x00000000e9e00000, 0x00000000e9e00000, 0x00000000e9f00000|  0%| F|  |TAMS 0x00000000e9e00000, 0x00000000e9e00000| Untracked 
| 159|0x00000000e9f00000, 0x00000000e9f00000, 0x00000000ea000000|  0%| F|  |TAMS 0x00000000e9f00000, 0x00000000e9f00000| Untracked 
| 160|0x00000000ea000000, 0x00000000ea000000, 0x00000000ea100000|  0%| F|  |TAMS 0x00000000ea000000, 0x00000000ea000000| Untracked 
| 161|0x00000000ea100000, 0x00000000ea100000, 0x00000000ea200000|  0%| F|  |TAMS 0x00000000ea100000, 0x00000000ea100000| Untracked 
| 162|0x00000000ea200000, 0x00000000ea200000, 0x00000000ea300000|  0%| F|  |TAMS 0x00000000ea200000, 0x00000000ea200000| Untracked 
| 163|0x00000000ea300000, 0x00000000ea300000, 0x00000000ea400000|  0%| F|  |TAMS 0x00000000ea300000, 0x00000000ea300000| Untracked 
| 164|0x00000000ea400000, 0x00000000ea400000, 0x00000000ea500000|  0%| F|  |TAMS 0x00000000ea400000, 0x00000000ea400000| Untracked 
| 165|0x00000000ea500000, 0x00000000ea500000, 0x00000000ea600000|  0%| F|  |TAMS 0x00000000ea500000, 0x00000000ea500000| Untracked 
| 166|0x00000000ea600000, 0x00000000ea600000, 0x00000000ea700000|  0%| F|  |TAMS 0x00000000ea600000, 0x00000000ea600000| Untracked 
| 167|0x00000000ea700000, 0x00000000ea700000, 0x00000000ea800000|  0%| F|  |TAMS 0x00000000ea700000, 0x00000000ea700000| Untracked 
| 168|0x00000000ea800000, 0x00000000ea800000, 0x00000000ea900000|  0%| F|  |TAMS 0x00000000ea800000, 0x00000000ea800000| Untracked 
| 169|0x00000000ea900000, 0x00000000ea900000, 0x00000000eaa00000|  0%| F|  |TAMS 0x00000000ea900000, 0x00000000ea900000| Untracked 
| 170|0x00000000eaa00000, 0x00000000eaa00000, 0x00000000eab00000|  0%| F|  |TAMS 0x00000000eaa00000, 0x00000000eaa00000| Untracked 
| 171|0x00000000eab00000, 0x00000000eab00000, 0x00000000eac00000|  0%| F|  |TAMS 0x00000000eab00000, 0x00000000eab00000| Untracked 
| 172|0x00000000eac00000, 0x00000000eac00000, 0x00000000ead00000|  0%| F|  |TAMS 0x00000000eac00000, 0x00000000eac00000| Untracked 
| 173|0x00000000ead00000, 0x00000000ead00000, 0x00000000eae00000|  0%| F|  |TAMS 0x00000000ead00000, 0x00000000ead00000| Untracked 
| 174|0x00000000eae00000, 0x00000000eae00000, 0x00000000eaf00000|  0%| F|  |TAMS 0x00000000eae00000, 0x00000000eae00000| Untracked 
| 175|0x00000000eaf00000, 0x00000000eaf00000, 0x00000000eb000000|  0%| F|  |TAMS 0x00000000eaf00000, 0x00000000eaf00000| Untracked 
| 176|0x00000000eb000000, 0x00000000eb000000, 0x00000000eb100000|  0%| F|  |TAMS 0x00000000eb000000, 0x00000000eb000000| Untracked 
| 177|0x00000000eb100000, 0x00000000eb100000, 0x00000000eb200000|  0%| F|  |TAMS 0x00000000eb100000, 0x00000000eb100000| Untracked 
| 178|0x00000000eb200000, 0x00000000eb200000, 0x00000000eb300000|  0%| F|  |TAMS 0x00000000eb200000, 0x00000000eb200000| Untracked 
| 179|0x00000000eb300000, 0x00000000eb300000, 0x00000000eb400000|  0%| F|  |TAMS 0x00000000eb300000, 0x00000000eb300000| Untracked 
| 180|0x00000000eb400000, 0x00000000eb400000, 0x00000000eb500000|  0%| F|  |TAMS 0x00000000eb400000, 0x00000000eb400000| Untracked 
| 181|0x00000000eb500000, 0x00000000eb500000, 0x00000000eb600000|  0%| F|  |TAMS 0x00000000eb500000, 0x00000000eb500000| Untracked 
| 182|0x00000000eb600000, 0x00000000eb600000, 0x00000000eb700000|  0%| F|  |TAMS 0x00000000eb600000, 0x00000000eb600000| Untracked 
| 183|0x00000000eb700000, 0x00000000eb700000, 0x00000000eb800000|  0%| F|  |TAMS 0x00000000eb700000, 0x00000000eb700000| Untracked 
| 184|0x00000000eb800000, 0x00000000eb800000, 0x00000000eb900000|  0%| F|  |TAMS 0x00000000eb800000, 0x00000000eb800000| Untracked 
| 185|0x00000000eb900000, 0x00000000eb900000, 0x00000000eba00000|  0%| F|  |TAMS 0x00000000eb900000, 0x00000000eb900000| Untracked 
| 186|0x00000000eba00000, 0x00000000eba00000, 0x00000000ebb00000|  0%| F|  |TAMS 0x00000000eba00000, 0x00000000eba00000| Untracked 
| 187|0x00000000ebb00000, 0x00000000ebb00000, 0x00000000ebc00000|  0%| F|  |TAMS 0x00000000ebb00000, 0x00000000ebb00000| Untracked 
| 188|0x00000000ebc00000, 0x00000000ebc00000, 0x00000000ebd00000|  0%| F|  |TAMS 0x00000000ebc00000, 0x00000000ebc00000| Untracked 
| 189|0x00000000ebd00000, 0x00000000ebd00000, 0x00000000ebe00000|  0%| F|  |TAMS 0x00000000ebd00000, 0x00000000ebd00000| Untracked 
| 190|0x00000000ebe00000, 0x00000000ebe00000, 0x00000000ebf00000|  0%| F|  |TAMS 0x00000000ebe00000, 0x00000000ebe00000| Untracked 
| 191|0x00000000ebf00000, 0x00000000ebf00000, 0x00000000ec000000|  0%| F|  |TAMS 0x00000000ebf00000, 0x00000000ebf00000| Untracked 
| 192|0x00000000ec000000, 0x00000000ec000000, 0x00000000ec100000|  0%| F|  |TAMS 0x00000000ec000000, 0x00000000ec000000| Untracked 
| 193|0x00000000ec100000, 0x00000000ec100000, 0x00000000ec200000|  0%| F|  |TAMS 0x00000000ec100000, 0x00000000ec100000| Untracked 
| 194|0x00000000ec200000, 0x00000000ec200000, 0x00000000ec300000|  0%| F|  |TAMS 0x00000000ec200000, 0x00000000ec200000| Untracked 
| 195|0x00000000ec300000, 0x00000000ec300000, 0x00000000ec400000|  0%| F|  |TAMS 0x00000000ec300000, 0x00000000ec300000| Untracked 
| 196|0x00000000ec400000, 0x00000000ec400000, 0x00000000ec500000|  0%| F|  |TAMS 0x00000000ec400000, 0x00000000ec400000| Untracked 
| 197|0x00000000ec500000, 0x00000000ec500000, 0x00000000ec600000|  0%| F|  |TAMS 0x00000000ec500000, 0x00000000ec500000| Untracked 
| 198|0x00000000ec600000, 0x00000000ec600000, 0x00000000ec700000|  0%| F|  |TAMS 0x00000000ec600000, 0x00000000ec600000| Untracked 
| 199|0x00000000ec700000, 0x00000000ec700000, 0x00000000ec800000|  0%| F|  |TAMS 0x00000000ec700000, 0x00000000ec700000| Untracked 
| 200|0x00000000ec800000, 0x00000000ec800000, 0x00000000ec900000|  0%| F|  |TAMS 0x00000000ec800000, 0x00000000ec800000| Untracked 
| 201|0x00000000ec900000, 0x00000000ec900000, 0x00000000eca00000|  0%| F|  |TAMS 0x00000000ec900000, 0x00000000ec900000| Untracked 
| 202|0x00000000eca00000, 0x00000000eca00000, 0x00000000ecb00000|  0%| F|  |TAMS 0x00000000eca00000, 0x00000000eca00000| Untracked 
| 203|0x00000000ecb00000, 0x00000000ecb00000, 0x00000000ecc00000|  0%| F|  |TAMS 0x00000000ecb00000, 0x00000000ecb00000| Untracked 
| 204|0x00000000ecc00000, 0x00000000ecc00000, 0x00000000ecd00000|  0%| F|  |TAMS 0x00000000ecc00000, 0x00000000ecc00000| Untracked 
| 205|0x00000000ecd00000, 0x00000000ecd00000, 0x00000000ece00000|  0%| F|  |TAMS 0x00000000ecd00000, 0x00000000ecd00000| Untracked 
| 206|0x00000000ece00000, 0x00000000ece00000, 0x00000000ecf00000|  0%| F|  |TAMS 0x00000000ece00000, 0x00000000ece00000| Untracked 
| 207|0x00000000ecf00000, 0x00000000ecf00000, 0x00000000ed000000|  0%| F|  |TAMS 0x00000000ecf00000, 0x00000000ecf00000| Untracked 
| 208|0x00000000ed000000, 0x00000000ed000000, 0x00000000ed100000|  0%| F|  |TAMS 0x00000000ed000000, 0x00000000ed000000| Untracked 
| 209|0x00000000ed100000, 0x00000000ed100000, 0x00000000ed200000|  0%| F|  |TAMS 0x00000000ed100000, 0x00000000ed100000| Untracked 
| 210|0x00000000ed200000, 0x00000000ed200000, 0x00000000ed300000|  0%| F|  |TAMS 0x00000000ed200000, 0x00000000ed200000| Untracked 
| 211|0x00000000ed300000, 0x00000000ed300000, 0x00000000ed400000|  0%| F|  |TAMS 0x00000000ed300000, 0x00000000ed300000| Untracked 
| 212|0x00000000ed400000, 0x00000000ed400000, 0x00000000ed500000|  0%| F|  |TAMS 0x00000000ed400000, 0x00000000ed400000| Untracked 
| 213|0x00000000ed500000, 0x00000000ed500000, 0x00000000ed600000|  0%| F|  |TAMS 0x00000000ed500000, 0x00000000ed500000| Untracked 
| 214|0x00000000ed600000, 0x00000000ed600000, 0x00000000ed700000|  0%| F|  |TAMS 0x00000000ed600000, 0x00000000ed600000| Untracked 
| 215|0x00000000ed700000, 0x00000000ed700000, 0x00000000ed800000|  0%| F|  |TAMS 0x00000000ed700000, 0x00000000ed700000| Untracked 
| 216|0x00000000ed800000, 0x00000000ed800000, 0x00000000ed900000|  0%| F|  |TAMS 0x00000000ed800000, 0x00000000ed800000| Untracked 
| 217|0x00000000ed900000, 0x00000000ed900000, 0x00000000eda00000|  0%| F|  |TAMS 0x00000000ed900000, 0x00000000ed900000| Untracked 
| 218|0x00000000eda00000, 0x00000000eda00000, 0x00000000edb00000|  0%| F|  |TAMS 0x00000000eda00000, 0x00000000eda00000| Untracked 
| 219|0x00000000edb00000, 0x00000000edb00000, 0x00000000edc00000|  0%| F|  |TAMS 0x00000000edb00000, 0x00000000edb00000| Untracked 
| 220|0x00000000edc00000, 0x00000000edc00000, 0x00000000edd00000|  0%| F|  |TAMS 0x00000000edc00000, 0x00000000edc00000| Untracked 
| 221|0x00000000edd00000, 0x00000000edd00000, 0x00000000ede00000|  0%| F|  |TAMS 0x00000000edd00000, 0x00000000edd00000| Untracked 
| 222|0x00000000ede00000, 0x00000000ede00000, 0x00000000edf00000|  0%| F|  |TAMS 0x00000000ede00000, 0x00000000ede00000| Untracked 
| 223|0x00000000edf00000, 0x00000000edf00000, 0x00000000ee000000|  0%| F|  |TAMS 0x00000000edf00000, 0x00000000edf00000| Untracked 
| 224|0x00000000ee000000, 0x00000000ee000000, 0x00000000ee100000|  0%| F|  |TAMS 0x00000000ee000000, 0x00000000ee000000| Untracked 
| 225|0x00000000ee100000, 0x00000000ee100000, 0x00000000ee200000|  0%| F|  |TAMS 0x00000000ee100000, 0x00000000ee100000| Untracked 
| 226|0x00000000ee200000, 0x00000000ee300000, 0x00000000ee300000|100%| S|CS|TAMS 0x00000000ee200000, 0x00000000ee200000| Complete 
| 227|0x00000000ee300000, 0x00000000ee400000, 0x00000000ee400000|100%| S|CS|TAMS 0x00000000ee300000, 0x00000000ee300000| Complete 
| 228|0x00000000ee400000, 0x00000000ee400000, 0x00000000ee500000|  0%| F|  |TAMS 0x00000000ee400000, 0x00000000ee400000| Untracked 
| 229|0x00000000ee500000, 0x00000000ee500000, 0x00000000ee600000|  0%| F|  |TAMS 0x00000000ee500000, 0x00000000ee500000| Untracked 
| 230|0x00000000ee600000, 0x00000000ee600000, 0x00000000ee700000|  0%| F|  |TAMS 0x00000000ee600000, 0x00000000ee600000| Untracked 
| 231|0x00000000ee700000, 0x00000000ee700000, 0x00000000ee800000|  0%| F|  |TAMS 0x00000000ee700000, 0x00000000ee700000| Untracked 
| 232|0x00000000ee800000, 0x00000000ee800000, 0x00000000ee900000|  0%| F|  |TAMS 0x00000000ee800000, 0x00000000ee800000| Untracked 
| 233|0x00000000ee900000, 0x00000000ee900000, 0x00000000eea00000|  0%| F|  |TAMS 0x00000000ee900000, 0x00000000ee900000| Untracked 
| 234|0x00000000eea00000, 0x00000000eea00000, 0x00000000eeb00000|  0%| F|  |TAMS 0x00000000eea00000, 0x00000000eea00000| Untracked 
| 235|0x00000000eeb00000, 0x00000000eeb00000, 0x00000000eec00000|  0%| F|  |TAMS 0x00000000eeb00000, 0x00000000eeb00000| Untracked 
| 236|0x00000000eec00000, 0x00000000eec00000, 0x00000000eed00000|  0%| F|  |TAMS 0x00000000eec00000, 0x00000000eec00000| Untracked 
| 237|0x00000000eed00000, 0x00000000eed00000, 0x00000000eee00000|  0%| F|  |TAMS 0x00000000eed00000, 0x00000000eed00000| Untracked 
| 238|0x00000000eee00000, 0x00000000eee00000, 0x00000000eef00000|  0%| F|  |TAMS 0x00000000eee00000, 0x00000000eee00000| Untracked 
| 239|0x00000000eef00000, 0x00000000eef00000, 0x00000000ef000000|  0%| F|  |TAMS 0x00000000eef00000, 0x00000000eef00000| Untracked 
| 240|0x00000000ef000000, 0x00000000ef000000, 0x00000000ef100000|  0%| F|  |TAMS 0x00000000ef000000, 0x00000000ef000000| Untracked 
| 241|0x00000000ef100000, 0x00000000ef100000, 0x00000000ef200000|  0%| F|  |TAMS 0x00000000ef100000, 0x00000000ef100000| Untracked 
| 242|0x00000000ef200000, 0x00000000ef200000, 0x00000000ef300000|  0%| F|  |TAMS 0x00000000ef200000, 0x00000000ef200000| Untracked 
| 243|0x00000000ef300000, 0x00000000ef300000, 0x00000000ef400000|  0%| F|  |TAMS 0x00000000ef300000, 0x00000000ef300000| Untracked 
| 244|0x00000000ef400000, 0x00000000ef400000, 0x00000000ef500000|  0%| F|  |TAMS 0x00000000ef400000, 0x00000000ef400000| Untracked 
| 245|0x00000000ef500000, 0x00000000ef500000, 0x00000000ef600000|  0%| F|  |TAMS 0x00000000ef500000, 0x00000000ef500000| Untracked 
| 246|0x00000000ef600000, 0x00000000ef600000, 0x00000000ef700000|  0%| F|  |TAMS 0x00000000ef600000, 0x00000000ef600000| Untracked 
| 247|0x00000000ef700000, 0x00000000ef700000, 0x00000000ef800000|  0%| F|  |TAMS 0x00000000ef700000, 0x00000000ef700000| Untracked 
| 248|0x00000000ef800000, 0x00000000ef800000, 0x00000000ef900000|  0%| F|  |TAMS 0x00000000ef800000, 0x00000000ef800000| Untracked 
| 249|0x00000000ef900000, 0x00000000efa00000, 0x00000000efa00000|100%| E|  |TAMS 0x00000000ef900000, 0x00000000ef900000| Complete 
| 250|0x00000000efa00000, 0x00000000efb00000, 0x00000000efb00000|100%| E|CS|TAMS 0x00000000efa00000, 0x00000000efa00000| Complete 
| 251|0x00000000efb00000, 0x00000000efc00000, 0x00000000efc00000|100%| E|CS|TAMS 0x00000000efb00000, 0x00000000efb00000| Complete 
| 252|0x00000000efc00000, 0x00000000efd00000, 0x00000000efd00000|100%| E|CS|TAMS 0x00000000efc00000, 0x00000000efc00000| Complete 
| 253|0x00000000efd00000, 0x00000000efe00000, 0x00000000efe00000|100%| E|CS|TAMS 0x00000000efd00000, 0x00000000efd00000| Complete 
| 254|0x00000000efe00000, 0x00000000eff00000, 0x00000000eff00000|100%| E|CS|TAMS 0x00000000efe00000, 0x00000000efe00000| Complete 
| 255|0x00000000eff00000, 0x00000000f0000000, 0x00000000f0000000|100%| E|CS|TAMS 0x00000000eff00000, 0x00000000eff00000| Complete 

Card table byte_map: [0x00000215d9ca0000,0x00000215d9da0000] _byte_map_base: 0x00000215d95a0000

Marking Bits (Prev, Next): (CMBitMap*) 0x00000215c314ec50, (CMBitMap*) 0x00000215c314ec10
 Prev Bits: [0x00000215da6a0000, 0x00000215daea0000)
 Next Bits: [0x00000215d9ea0000, 0x00000215da6a0000)

Polling page: 0x00000215c0ed0000

Metaspace:

Usage:
  Non-class:     18.54 MB used.
      Class:      3.00 MB used.
       Both:     21.54 MB used.

Virtual space:
  Non-class space:       64.00 MB reserved,      18.69 MB ( 29%) committed,  1 nodes.
      Class space:      320.00 MB reserved,       3.12 MB ( <1%) committed,  1 nodes.
             Both:      384.00 MB reserved,      21.81 MB (  6%) committed. 

Chunk freelists:
   Non-Class:  13.25 MB
       Class:  12.89 MB
        Both:  26.14 MB

MaxMetaspaceSize: 384.00 MB
CompressedClassSpaceSize: 320.00 MB
Initial GC threshold: 21.00 MB
Current GC threshold: 35.12 MB
CDS: on
MetaspaceReclaimPolicy: balanced
 - commit_granule_bytes: 65536.
 - commit_granule_words: 8192.
 - virtual_space_node_default_size: 8388608.
 - enlarge_chunks_in_place: 1.
 - new_chunks_are_fully_committed: 0.
 - uncommit_free_chunks: 1.
 - use_allocation_guard: 0.
 - handle_deallocations: 1.


Internal statistics:

num_allocs_failed_limit: 3.
num_arena_births: 222.
num_arena_deaths: 0.
num_vsnodes_births: 2.
num_vsnodes_deaths: 0.
num_space_committed: 350.
num_space_uncommitted: 0.
num_chunks_returned_to_freelist: 3.
num_chunks_taken_from_freelist: 1006.
num_chunk_merges: 3.
num_chunk_splits: 679.
num_chunks_enlarged: 497.
num_inconsistent_stats: 0.

CodeHeap 'non-profiled nmethods': size=120000Kb used=1306Kb max_used=1306Kb free=118694Kb
 bounds [0x00000215d2770000, 0x00000215d29e0000, 0x00000215d9ca0000]
CodeHeap 'profiled nmethods': size=120000Kb used=5362Kb max_used=5362Kb free=114637Kb
 bounds [0x00000215caca0000, 0x00000215cb1e0000, 0x00000215d21d0000]
CodeHeap 'non-nmethods': size=5760Kb used=1248Kb max_used=1295Kb free=4512Kb
 bounds [0x00000215d21d0000, 0x00000215d2440000, 0x00000215d2770000]
 total_blobs=3181 nmethods=2626 adapters=467
 compilation: enabled
              stopped_count=0, restarted_count=0
 full_count=0

Compilation events (20 events):
Event: 8.124 Thread 0x00000215dd491940 2533       3       jdk.internal.reflect.ConstantPool::getIntAt (10 bytes)
Event: 8.124 Thread 0x00000215dd491940 nmethod 2533 0x00000215cb19e210 code [0x00000215cb19e3c0, 0x00000215cb19e508]
Event: 8.125 Thread 0x00000215dd491940 2535       3       jdk.internal.org.objectweb.asm.FieldWriter::computeFieldInfoSize (86 bytes)
Event: 8.126 Thread 0x00000215dd491940 nmethod 2535 0x00000215cb19e590 code [0x00000215cb19e760, 0x00000215cb19ea38]
Event: 8.126 Thread 0x00000215dd491940 2536       3       jdk.internal.org.objectweb.asm.FieldWriter::putFieldInfo (269 bytes)
Event: 8.127 Thread 0x00000215dd491940 nmethod 2536 0x00000215cb19eb90 code [0x00000215cb19ee20, 0x00000215cb19f708]
Event: 8.127 Thread 0x00000215dd491940 2537       3       jdk.internal.org.objectweb.asm.MethodWriter::visitAnnotation (40 bytes)
Event: 8.128 Thread 0x00000215dd491940 nmethod 2537 0x00000215cb19fa90 code [0x00000215cb19fc60, 0x00000215cb19ff18]
Event: 8.128 Thread 0x00000215dd491940 2538       3       java.lang.invoke.LambdaForm$NamedFunction::intrinsicName (21 bytes)
Event: 8.129 Thread 0x00000215dd491940 nmethod 2538 0x00000215cb1a0010 code [0x00000215cb1a01c0, 0x00000215cb1a0408]
Event: 8.129 Thread 0x00000215dd491940 2539       3       java.lang.invoke.InvokerBytecodeGenerator::emitPushArguments (45 bytes)
Event: 8.130 Thread 0x00000215dd491940 nmethod 2539 0x00000215cb1a0510 code [0x00000215cb1a0700, 0x00000215cb1a0b78]
Event: 8.156 Thread 0x00000215dd491940 2540       3       java.lang.invoke.MethodHandles$Lookup::getDirectMethodNoSecurityManager (18 bytes)
Event: 8.157 Thread 0x00000215dd491940 nmethod 2540 0x00000215cb1a0e10 code [0x00000215cb1a0fc0, 0x00000215cb1a1108]
Event: 8.161 Thread 0x00000215dd491940 2541       3       java.util.concurrent.locks.AbstractQueuedSynchronizer::signalNext (34 bytes)
Event: 8.162 Thread 0x00000215dd491940 nmethod 2541 0x00000215cb1a1210 code [0x00000215cb1a13e0, 0x00000215cb1a1698]
Event: 8.180 Thread 0x00000215dd491940 2543       3       jdk.internal.org.objectweb.asm.Type::getArgumentTypes (154 bytes)
Event: 8.186 Thread 0x00000215dd491940 nmethod 2543 0x00000215cb1a1810 code [0x00000215cb1a1ce0, 0x00000215cb1a44c8]
Event: 8.200 Thread 0x00000215dd491940 2544       3       java.lang.invoke.Invokers::checkExactType (17 bytes)
Event: 8.200 Thread 0x00000215dd491940 nmethod 2544 0x00000215cb1a5410 code [0x00000215cb1a55c0, 0x00000215cb1a57c8]

GC Heap History (6 events):
Event: 0.659 GC heap before
{Heap before GC invocations=0 (full 0):
 garbage-first heap   total 262144K, used 13312K [0x00000000e0000000, 0x0000000100000000)
  region size 1024K, 13 young (13312K), 0 survivors (0K)
 Metaspace       used 753K, committed 896K, reserved 393216K
  class space    used 61K, committed 128K, reserved 327680K
}
Event: 0.662 GC heap after
{Heap after GC invocations=1 (full 0):
 garbage-first heap   total 262144K, used 1280K [0x00000000e0000000, 0x0000000100000000)
  region size 1024K, 2 young (2048K), 2 survivors (2048K)
 Metaspace       used 753K, committed 896K, reserved 393216K
  class space    used 61K, committed 128K, reserved 327680K
}
Event: 1.329 GC heap before
{Heap before GC invocations=1 (full 0):
 garbage-first heap   total 262144K, used 24832K [0x00000000e0000000, 0x0000000100000000)
  region size 1024K, 21 young (21504K), 2 survivors (2048K)
 Metaspace       used 1801K, committed 1920K, reserved 393216K
  class space    used 166K, committed 256K, reserved 327680K
}
Event: 1.337 GC heap after
{Heap after GC invocations=2 (full 0):
 garbage-first heap   total 262144K, used 10519K [0x00000000e0000000, 0x0000000100000000)
  region size 1024K, 3 young (3072K), 3 survivors (3072K)
 Metaspace       used 1801K, committed 1920K, reserved 393216K
  class space    used 166K, committed 256K, reserved 327680K
}
Event: 7.354 GC heap before
{Heap before GC invocations=2 (full 0):
 garbage-first heap   total 262144K, used 167191K [0x00000000e0000000, 0x0000000100000000)
  region size 1024K, 153 young (156672K), 3 survivors (3072K)
 Metaspace       used 18120K, committed 18368K, reserved 393216K
  class space    used 2423K, committed 2560K, reserved 327680K
}
Event: 7.382 GC heap after
{Heap after GC invocations=3 (full 0):
 garbage-first heap   total 262144K, used 21965K [0x00000000e0000000, 0x0000000100000000)
  region size 1024K, 14 young (14336K), 14 survivors (14336K)
 Metaspace       used 18120K, committed 18368K, reserved 393216K
  class space    used 2423K, committed 2560K, reserved 327680K
}

Dll operation events (15 events):
Event: 0.016 Loaded shared library C:\Users\Lenovo\.jdks\corretto-17.0.18\bin\java.dll
Event: 0.055 Loaded shared library C:\Users\Lenovo\.jdks\corretto-17.0.18\bin\jsvml.dll
Event: 0.181 Loaded shared library C:\Users\Lenovo\.jdks\corretto-17.0.18\bin\zip.dll
Event: 0.187 Loaded shared library C:\Users\Lenovo\.jdks\corretto-17.0.18\bin\instrument.dll
Event: 0.198 Loaded shared library C:\Users\Lenovo\.jdks\corretto-17.0.18\bin\net.dll
Event: 0.201 Loaded shared library C:\Users\Lenovo\.jdks\corretto-17.0.18\bin\nio.dll
Event: 0.206 Loaded shared library C:\Users\Lenovo\.jdks\corretto-17.0.18\bin\zip.dll
Event: 0.859 Loaded shared library C:\Users\Lenovo\.jdks\corretto-17.0.18\bin\jimage.dll
Event: 1.352 Loaded shared library C:\Users\Lenovo\.jdks\corretto-17.0.18\bin\verify.dll
Event: 1.423 Loaded shared library C:\Users\Lenovo\.gradle\native\660c5614fbf4a5f2a75b1949f50a0caf5cd603558e7d8a26e50b933a0cfb79d1\windows-amd64\native-platform.dll
Event: 1.449 Loaded shared library C:\Users\Lenovo\.gradle\native\0.2.8\x86_64-windows-gnu\gradle-fileevents.dll
Event: 4.233 Loaded shared library C:\Users\Lenovo\.jdks\corretto-17.0.18\bin\management.dll
Event: 4.238 Loaded shared library C:\Users\Lenovo\.jdks\corretto-17.0.18\bin\management_ext.dll
Event: 4.750 Loaded shared library C:\Users\Lenovo\.jdks\corretto-17.0.18\bin\extnet.dll
Event: 5.311 Loaded shared library C:\Users\Lenovo\.jdks\corretto-17.0.18\bin\sunmscapi.dll

Deoptimization events (20 events):
Event: 6.564 Thread 0x00000215f80c0ec0 DEOPT PACKING pc=0x00000215d2871ac8 sp=0x0000001804afa420
Event: 6.565 Thread 0x00000215f80c0ec0 DEOPT UNPACKING pc=0x00000215d22269a3 sp=0x0000001804afa2d0 mode 2
Event: 6.565 Thread 0x00000215f80c0ec0 Uncommon trap: trap_request=0xffffff45 fr.pc=0x00000215d286f814 relative=0x0000000000000074
Event: 6.565 Thread 0x00000215f80c0ec0 Uncommon trap: reason=unstable_if action=reinterpret pc=0x00000215d286f814 method=jdk.internal.misc.Unsafe.convEndian(ZI)I @ 4 c2
Event: 6.565 Thread 0x00000215f80c0ec0 DEOPT PACKING pc=0x00000215d286f814 sp=0x0000001804afa3a0
Event: 6.565 Thread 0x00000215f80c0ec0 DEOPT UNPACKING pc=0x00000215d22269a3 sp=0x0000001804afa2d0 mode 2
Event: 6.642 Thread 0x00000215f80c0ec0 Uncommon trap: trap_request=0xffffff45 fr.pc=0x00000215d2793888 relative=0x0000000000000ae8
Event: 6.642 Thread 0x00000215f80c0ec0 Uncommon trap: reason=unstable_if action=reinterpret pc=0x00000215d2793888 method=java.io.WinNTFileSystem.resolve(Ljava/lang/String;Ljava/lang/String;)Ljava/lang/String; @ 19 c2
Event: 6.642 Thread 0x00000215f80c0ec0 DEOPT PACKING pc=0x00000215d2793888 sp=0x0000001804afaef0
Event: 6.642 Thread 0x00000215f80c0ec0 DEOPT UNPACKING pc=0x00000215d22269a3 sp=0x0000001804afae98 mode 2
Event: 6.645 Thread 0x00000215f80c0ec0 Uncommon trap: trap_request=0xffffff45 fr.pc=0x00000215d27a0d74 relative=0x0000000000000634
Event: 6.645 Thread 0x00000215f80c0ec0 Uncommon trap: reason=unstable_if action=reinterpret pc=0x00000215d27a0d74 method=java.io.File.getName()Ljava/lang/String; @ 16 c2
Event: 6.645 Thread 0x00000215f80c0ec0 DEOPT PACKING pc=0x00000215d27a0d74 sp=0x0000001804afaea0
Event: 6.645 Thread 0x00000215f80c0ec0 DEOPT UNPACKING pc=0x00000215d22269a3 sp=0x0000001804afae70 mode 2
Event: 6.795 Thread 0x00000215f80c0ec0 Uncommon trap: trap_request=0xffffff45 fr.pc=0x00000215d27b7484 relative=0x00000000000000e4
Event: 6.795 Thread 0x00000215f80c0ec0 Uncommon trap: reason=unstable_if action=reinterpret pc=0x00000215d27b7484 method=java.util.HashMap.hash(Ljava/lang/Object;)I @ 1 c2
Event: 6.795 Thread 0x00000215f80c0ec0 DEOPT PACKING pc=0x00000215d27b7484 sp=0x0000001804afbc80
Event: 6.795 Thread 0x00000215f80c0ec0 DEOPT UNPACKING pc=0x00000215d22269a3 sp=0x0000001804afbbc0 mode 2
Event: 7.383 Thread 0x00000215f80c0ec0 DEOPT PACKING pc=0x00000215cb09c4b8 sp=0x0000001804afb230
Event: 7.383 Thread 0x00000215f80c0ec0 DEOPT UNPACKING pc=0x00000215d2227143 sp=0x0000001804afa738 mode 0

Classes loaded (20 events):
Event: 7.713 Loading class java/io/ObjectInput done
Event: 7.713 Loading class java/io/ObjectStreamConstants
Event: 7.714 Loading class java/io/ObjectStreamConstants done
Event: 7.714 Loading class java/io/ObjectInputStream done
Event: 7.716 Loading class java/io/ObjectOutputStream
Event: 7.716 Loading class java/io/ObjectOutput
Event: 7.716 Loading class java/io/ObjectOutput done
Event: 7.717 Loading class java/io/ObjectOutputStream done
Event: 8.215 Loading class javax/xml/parsers/ParserConfigurationException
Event: 8.215 Loading class javax/xml/parsers/ParserConfigurationException done
Event: 8.215 Loading class org/xml/sax/SAXException
Event: 8.215 Loading class org/xml/sax/SAXException done
Event: 8.215 Loading class javax/xml/xpath/XPathExpressionException
Event: 8.215 Loading class javax/xml/xpath/XPathException
Event: 8.216 Loading class javax/xml/xpath/XPathException done
Event: 8.216 Loading class javax/xml/xpath/XPathExpressionException done
Event: 8.216 Loading class org/xml/sax/ErrorHandler
Event: 8.216 Loading class org/xml/sax/ErrorHandler done
Event: 8.226 Loading class java/nio/file/AtomicMoveNotSupportedException
Event: 8.226 Loading class java/nio/file/AtomicMoveNotSupportedException done

Classes unloaded (0 events):
No events

Classes redefined (0 events):
No events

Internal exceptions (20 events):
Event: 5.761 Thread 0x00000215f80c0ec0 Exception <a 'java/lang/NoSuchMethodError'{0x00000000e8e13990}: 'void java.lang.invoke.DirectMethodHandle$Holder.invokeStatic(java.lang.Object, java.lang.Object)'> (0x00000000e8e13990) 
thrown [s\src\hotspot\share\interpreter\linkResolver.cpp, line 759]
Event: 5.856 Thread 0x00000215f80c0ec0 Exception <a 'java/lang/NoSuchMethodError'{0x00000000e8c5fc10}: 'int java.lang.invoke.DirectMethodHandle$Holder.invokeVirtual(java.lang.Object, java.lang.Object, java.lang.Object)'> (0x00000000e8c5fc10) 
thrown [s\src\hotspot\share\interpreter\linkResolver.cpp, line 759]
Event: 5.969 Thread 0x00000215f80c0ec0 Exception <a 'java/lang/NoSuchMethodError'{0x00000000e89269d8}: 'java.lang.Object java.lang.invoke.DirectMethodHandle$Holder.newInvokeSpecial(java.lang.Object, java.lang.Object, java.lang.Object, java.lang.Object, java.lang.Object, java.lang.Object)'> (0x00000000e89269d8) 
thrown [s\src\hotspot\share\interpreter\linkResolver.cpp, line 759]
Event: 6.104 Thread 0x00000215f80c0ec0 Exception <a 'java/lang/NoSuchMethodError'{0x00000000e8608bc0}: 'void java.lang.invoke.DelegatingMethodHandle$Holder.reinvoke_L(java.lang.Object, java.lang.Object, java.lang.Object, java.lang.Object, java.lang.Object, java.lang.Object, java.lang.Object, java.lang.Object, java.lang.Object, java.lang.Object)'> (0x00000000e8608bc0) 
thrown [s\src\hotspot\share\interpreter\linkResolver.cpp, line 759]
Event: 6.105 Thread 0x00000215f80c0ec0 Exception <a 'java/lang/NoSuchMethodError'{0x00000000e8611030}: 'java.lang.Object java.lang.invoke.DirectMethodHandle$Holder.invokeSpecial(java.lang.Object, java.lang.Object, java.lang.Object, java.lang.Object, java.lang.Object, java.lang.Object, java.lang.Object, java.lang.Object, java.lang.Object, java.lang.Object)'> (0x00000000e8611030) 
thrown [s\src\hotspot\share\interpreter\linkResolver.cpp, line 759]
Event: 6.106 Thread 0x00000215f80c0ec0 Exception <a 'java/lang/NoSuchMethodError'{0x00000000e8615900}: 'java.lang.Object java.lang.invoke.Invokers$Holder.invoker(java.lang.Object, java.lang.Object, java.lang.Object, java.lang.Object, java.lang.Object, java.lang.Object, java.lang.Object, java.lang.Object, java.lang.Object, java.lang.Object)'> (0x00000000e8615900) 
thrown [s\src\hotspot\share\interpreter\linkResolver.cpp, line 759]
Event: 6.107 Thread 0x00000215f80c0ec0 Exception <a 'java/lang/NoSuchMethodError'{0x00000000e861b488}: 'java.lang.Object java.lang.invoke.DirectMethodHandle$Holder.invokeSpecial(java.lang.Object, java.lang.Object, java.lang.Object, java.lang.Object, java.lang.Object, java.lang.Object, java.lang.Object, java.lang.Object, java.lang.Object, java.lang.Object, java.lang.Object)'> (0x00000000e861b488) 
thrown [s\src\hotspot\share\interpreter\linkResolver.cpp, line 759]
Event: 6.437 Thread 0x00000215f80c0ec0 Exception <a 'java/lang/NoSuchMethodError'{0x00000000e7e9bbe8}: 'java.lang.Object java.lang.invoke.DirectMethodHandle$Holder.newInvokeSpecial(java.lang.Object, java.lang.Object, int)'> (0x00000000e7e9bbe8) 
thrown [s\src\hotspot\share\interpreter\linkResolver.cpp, line 759]
Event: 6.666 Thread 0x00000215f80c0ec0 Exception <a 'java/lang/NoSuchMethodError'{0x00000000e7804ff0}: 'void java.lang.invoke.DirectMethodHandle$Holder.invokeStatic(java.lang.Object, java.lang.Object, java.lang.Object, java.lang.Object)'> (0x00000000e7804ff0) 
thrown [s\src\hotspot\share\interpreter\linkResolver.cpp, line 759]
Event: 6.667 Thread 0x00000215f80c0ec0 Exception <a 'java/lang/NoSuchMethodError'{0x00000000e7809490}: 'void java.lang.invoke.DirectMethodHandle$Holder.invokeStaticInit(java.lang.Object, java.lang.Object, java.lang.Object, java.lang.Object)'> (0x00000000e7809490) 
thrown [s\src\hotspot\share\interpreter\linkResolver.cpp, line 759]
Event: 6.704 Thread 0x00000215f80c0ec0 Exception <a 'java/lang/NoSuchMethodError'{0x00000000e786de88}: 'java.lang.Object java.lang.invoke.DirectMethodHandle$Holder.invokeInterface(java.lang.Object, java.lang.Object, java.lang.Object)'> (0x00000000e786de88) 
thrown [s\src\hotspot\share\interpreter\linkResolver.cpp, line 759]
Event: 6.740 Thread 0x00000215f80c0ec0 Exception <a 'java/lang/NoSuchMethodError'{0x00000000e775be88}: 'int java.lang.invoke.DirectMethodHandle$Holder.invokeSpecialIFC(java.lang.Object, java.lang.Object, java.lang.Object, java.lang.Object)'> (0x00000000e775be88) 
thrown [s\src\hotspot\share\interpreter\linkResolver.cpp, line 759]
Event: 6.744 Thread 0x00000215f80c0ec0 Exception <a 'java/lang/IncompatibleClassChangeError'{0x00000000e776abf0}: Found class java.lang.Object, but interface was expected> (0x00000000e776abf0) 
thrown [s\src\hotspot\share\interpreter\linkResolver.cpp, line 826]
Event: 6.794 Thread 0x00000215f80c0ec0 Implicit null exception at 0x00000215d27b73e0 to 0x00000215d27b747a
Event: 6.961 Thread 0x00000215f80c0ec0 Exception <a 'java/lang/IncompatibleClassChangeError'{0x00000000e729e288}: Found class java.lang.Object, but interface was expected> (0x00000000e729e288) 
thrown [s\src\hotspot\share\interpreter\linkResolver.cpp, line 826]
Event: 7.572 Thread 0x00000215f80c0ec0 Exception <a 'java/lang/NoSuchMethodError'{0x00000000ef96b1c8}: 'int java.lang.invoke.DirectMethodHandle$Holder.invokeStaticInit(java.lang.Object, java.lang.Object, java.lang.Object)'> (0x00000000ef96b1c8) 
thrown [s\src\hotspot\share\interpreter\linkResolver.cpp, line 759]
Event: 7.833 Thread 0x00000215f80c0ec0 Exception <a 'java/lang/NoSuchMethodError'{0x00000000ef248688}: 'int java.lang.invoke.DirectMethodHandle$Holder.invokeStatic(java.lang.Object, java.lang.Object, java.lang.Object, java.lang.Object)'> (0x00000000ef248688) 
thrown [s\src\hotspot\share\interpreter\linkResolver.cpp, line 759]
Event: 7.834 Thread 0x00000215f80c0ec0 Exception <a 'java/lang/NoSuchMethodError'{0x00000000ef24c558}: 'java.lang.Object java.lang.invoke.Invokers$Holder.invokeExact_MT(java.lang.Object, java.lang.Object, java.lang.Object, java.lang.Object, java.lang.Object, java.lang.Object)'> (0x00000000ef24c558) 
thrown [s\src\hotspot\share\interpreter\linkResolver.cpp, line 759]
Event: 8.125 Thread 0x00000215f80c0ec0 Exception <a 'java/lang/NoSuchMethodError'{0x00000000ee9b44f8}: 'void java.lang.invoke.DirectMethodHandle$Holder.invokeSpecial(java.lang.Object, java.lang.Object, java.lang.Object, java.lang.Object, java.lang.Object)'> (0x00000000ee9b44f8) 
thrown [s\src\hotspot\share\interpreter\linkResolver.cpp, line 759]
Event: 8.126 Thread 0x00000215f80c0ec0 Exception <a 'java/lang/NoSuchMethodError'{0x00000000ee9bbe58}: 'java.lang.Object java.lang.invoke.Invokers$Holder.invoker(java.lang.Object, java.lang.Object, java.lang.Object, java.lang.Object)'> (0x00000000ee9bbe58) 
thrown [s\src\hotspot\share\interpreter\linkResolver.cpp, line 759]

VM Operations (20 events):
Event: 4.374 Executing VM operation: HandshakeAllThreads
Event: 4.374 Executing VM operation: HandshakeAllThreads done
Event: 4.745 Executing VM operation: HandshakeAllThreads
Event: 4.745 Executing VM operation: HandshakeAllThreads done
Event: 4.745 Executing VM operation: Cleanup
Event: 4.745 Executing VM operation: Cleanup done
Event: 4.889 Executing VM operation: HandshakeAllThreads
Event: 4.889 Executing VM operation: HandshakeAllThreads done
Event: 5.015 Executing VM operation: HandshakeAllThreads
Event: 5.015 Executing VM operation: HandshakeAllThreads done
Event: 5.267 Executing VM operation: HandshakeAllThreads
Event: 5.267 Executing VM operation: HandshakeAllThreads done
Event: 6.277 Executing VM operation: Cleanup
Event: 6.277 Executing VM operation: Cleanup done
Event: 6.929 Executing VM operation: HandshakeAllThreads
Event: 6.929 Executing VM operation: HandshakeAllThreads done
Event: 6.930 Executing VM operation: HandshakeAllThreads
Event: 6.930 Executing VM operation: HandshakeAllThreads done
Event: 7.354 Executing VM operation: G1CollectForAllocation
Event: 7.382 Executing VM operation: G1CollectForAllocation done

Memory protections (0 events):
No events

Nmethod flushes (0 events):
No events

Events (20 events):
Event: 3.702 Thread 0x00000215dd491940 Thread added: 0x00000215f86365c0
Event: 4.324 Thread 0x00000215c311db50 Thread added: 0x00000215dd480ec0
Event: 4.499 Thread 0x00000215f86365c0 Thread exited: 0x00000215f86365c0
Event: 5.073 Thread 0x00000215c311db50 Thread added: 0x00000215dd483740
Event: 5.152 Thread 0x00000215dd491940 Thread added: 0x00000215f8fcf1f0
Event: 5.202 Thread 0x00000215c311db50 Thread added: 0x00000215dd4818e0
Event: 5.359 Thread 0x00000215dd483740 Thread added: 0x00000215dd4813d0
Event: 5.367 Thread 0x00000215dd4813d0 Thread added: 0x00000215dd482810
Event: 5.432 Thread 0x00000215f8fcf1f0 Thread exited: 0x00000215f8fcf1f0
Event: 5.443 Thread 0x00000215dd4813d0 Thread added: 0x00000215dd484160
Event: 5.458 Thread 0x00000215dd4813d0 Thread added: 0x00000215f80c0ec0
Event: 5.477 Thread 0x00000215f80c0ec0 Thread added: 0x00000215f80c55a0
Event: 5.484 Thread 0x00000215f80c0ec0 Thread added: 0x00000215f80c18e0
Event: 5.500 Thread 0x00000215f80c0ec0 Thread added: 0x00000215f80be130
Event: 6.435 Thread 0x00000215f80c0ec0 Thread added: 0x00000215f80c3230
Event: 6.472 Thread 0x00000215f80c0ec0 Thread added: 0x00000215f80c2810
Event: 6.549 Thread 0x00000215dd491940 Thread added: 0x00000215f806ff40
Event: 6.596 Thread 0x00000215f80c0ec0 Thread added: 0x00000215f80c2300
Event: 6.889 Thread 0x00000215f806ff40 Thread exited: 0x00000215f806ff40
Event: 8.034 Thread 0x00000215dd491940 Thread added: 0x00000215f7c93ce0


Dynamic libraries:
0x00007ff6a1e20000 - 0x00007ff6a1e2e000 	C:\Users\Lenovo\.jdks\corretto-17.0.18\bin\java.exe
0x00007ffe27a70000 - 0x00007ffe27c68000 	C:\Windows\SYSTEM32\ntdll.dll
0x00007ffe27720000 - 0x00007ffe277e2000 	C:\Windows\System32\KERNEL32.DLL
0x00007ffe25100000 - 0x00007ffe253f6000 	C:\Windows\System32\KERNELBASE.dll
0x00007ffe254b0000 - 0x00007ffe255b0000 	C:\Windows\System32\ucrtbase.dll
0x00007ffe20170000 - 0x00007ffe2018e000 	C:\Users\Lenovo\.jdks\corretto-17.0.18\bin\VCRUNTIME140.dll
0x00007ffe20190000 - 0x00007ffe201a8000 	C:\Users\Lenovo\.jdks\corretto-17.0.18\bin\jli.dll
0x00007ffe25c80000 - 0x00007ffe25e21000 	C:\Windows\System32\USER32.dll
0x00007ffe24520000 - 0x00007ffe247bb000 	C:\Windows\WinSxS\amd64_microsoft.windows.common-controls_6595b64144ccf1df_6.0.19041.6456_none_60b8a6cb71f64256\COMCTL32.dll
0x00007ffe255e0000 - 0x00007ffe25602000 	C:\Windows\System32\win32u.dll
0x00007ffe26b60000 - 0x00007ffe26bfe000 	C:\Windows\System32\msvcrt.dll
0x00007ffe26ac0000 - 0x00007ffe26aeb000 	C:\Windows\System32\GDI32.dll
0x00007ffe25700000 - 0x00007ffe25819000 	C:\Windows\System32\gdi32full.dll
0x00007ffe25610000 - 0x00007ffe256ad000 	C:\Windows\System32\msvcp_win.dll
0x00007ffe27850000 - 0x00007ffe2787f000 	C:\Windows\System32\IMM32.DLL
0x00007ffe210e0000 - 0x00007ffe210ec000 	C:\Users\Lenovo\.jdks\corretto-17.0.18\bin\vcruntime140_1.dll
0x00007ffdfd130000 - 0x00007ffdfd1b9000 	C:\Users\Lenovo\.jdks\corretto-17.0.18\bin\msvcp140.dll
0x00007ffdef780000 - 0x00007ffdf03f4000 	C:\Users\Lenovo\.jdks\corretto-17.0.18\bin\server\jvm.dll
0x00007ffe25e30000 - 0x00007ffe25ee1000 	C:\Windows\System32\ADVAPI32.dll
0x00007ffe25a90000 - 0x00007ffe25b2f000 	C:\Windows\System32\sechost.dll
0x00007ffe269a0000 - 0x00007ffe26ac0000 	C:\Windows\System32\RPCRT4.dll
0x00007ffe255b0000 - 0x00007ffe255d7000 	C:\Windows\System32\bcrypt.dll
0x00007ffe26c00000 - 0x00007ffe26c6b000 	C:\Windows\System32\WS2_32.dll
0x00007ffe10440000 - 0x00007ffe10467000 	C:\Windows\SYSTEM32\WINMM.dll
0x00007ffe24f60000 - 0x00007ffe24fab000 	C:\Windows\SYSTEM32\POWRPROF.dll
0x00007ffe216b0000 - 0x00007ffe216ba000 	C:\Windows\SYSTEM32\VERSION.dll
0x00007ffe24f40000 - 0x00007ffe24f52000 	C:\Windows\SYSTEM32\UMPDC.dll
0x00007ffe22ba0000 - 0x00007ffe22bb2000 	C:\Windows\SYSTEM32\kernel.appcore.dll
0x00007ffe221e0000 - 0x00007ffe221ea000 	C:\Users\Lenovo\.jdks\corretto-17.0.18\bin\jimage.dll
0x00007ffe24a40000 - 0x00007ffe24c41000 	C:\Windows\SYSTEM32\DBGHELP.DLL
0x00007ffe24990000 - 0x00007ffe249c4000 	C:\Windows\SYSTEM32\dbgcore.DLL
0x00007ffe25a00000 - 0x00007ffe25a82000 	C:\Windows\System32\bcryptPrimitives.dll
0x00007ffe221d0000 - 0x00007ffe221df000 	C:\Users\Lenovo\.jdks\corretto-17.0.18\bin\instrument.dll
0x00007ffe21130000 - 0x00007ffe21156000 	C:\Users\Lenovo\.jdks\corretto-17.0.18\bin\java.dll
0x00007ffdf9db0000 - 0x00007ffdf9e87000 	C:\Users\Lenovo\.jdks\corretto-17.0.18\bin\jsvml.dll
0x00007ffe26d60000 - 0x00007ffe274d0000 	C:\Windows\System32\SHELL32.dll
0x00007ffe223d0000 - 0x00007ffe22b75000 	C:\Windows\SYSTEM32\windows.storage.dll
0x00007ffe25f10000 - 0x00007ffe26264000 	C:\Windows\System32\combase.dll
0x00007ffe242b0000 - 0x00007ffe242db000 	C:\Windows\SYSTEM32\Wldp.dll
0x00007ffe25bb0000 - 0x00007ffe25c7d000 	C:\Windows\System32\OLEAUT32.dll
0x00007ffe26270000 - 0x00007ffe2631d000 	C:\Windows\System32\SHCORE.dll
0x00007ffe26af0000 - 0x00007ffe26b4b000 	C:\Windows\System32\shlwapi.dll
0x00007ffe25030000 - 0x00007ffe25054000 	C:\Windows\SYSTEM32\profapi.dll
0x00007ffe20000000 - 0x00007ffe20018000 	C:\Users\Lenovo\.jdks\corretto-17.0.18\bin\zip.dll
0x00007ffe20040000 - 0x00007ffe2005b000 	C:\Users\Lenovo\.jdks\corretto-17.0.18\bin\net.dll
0x00007ffe1d650000 - 0x00007ffe1d75a000 	C:\Windows\SYSTEM32\WINHTTP.dll
0x00007ffe24090000 - 0x00007ffe240fa000 	C:\Windows\system32\mswsock.dll
0x00007ffe20020000 - 0x00007ffe20036000 	C:\Users\Lenovo\.jdks\corretto-17.0.18\bin\nio.dll
0x00007ffe231d0000 - 0x00007ffe231e0000 	C:\Users\Lenovo\.jdks\corretto-17.0.18\bin\verify.dll
0x00007ffe20140000 - 0x00007ffe20167000 	C:\Users\Lenovo\.gradle\native\660c5614fbf4a5f2a75b1949f50a0caf5cd603558e7d8a26e50b933a0cfb79d1\windows-amd64\native-platform.dll
0x00007ffe03be0000 - 0x00007ffe03c57000 	C:\Users\Lenovo\.gradle\native\0.2.8\x86_64-windows-gnu\gradle-fileevents.dll
0x00007ffe20d60000 - 0x00007ffe20d6a000 	C:\Users\Lenovo\.jdks\corretto-17.0.18\bin\management.dll
0x00007ffe20d50000 - 0x00007ffe20d5c000 	C:\Users\Lenovo\.jdks\corretto-17.0.18\bin\management_ext.dll
0x00007ffe26b50000 - 0x00007ffe26b58000 	C:\Windows\System32\PSAPI.DLL
0x00007ffe23d90000 - 0x00007ffe23dcb000 	C:\Windows\SYSTEM32\IPHLPAPI.DLL
0x00007ffe27970000 - 0x00007ffe27978000 	C:\Windows\System32\NSI.dll
0x00007ffe1b920000 - 0x00007ffe1b937000 	C:\Windows\SYSTEM32\dhcpcsvc6.DLL
0x00007ffe1c9b0000 - 0x00007ffe1c9cd000 	C:\Windows\SYSTEM32\dhcpcsvc.DLL
0x00007ffe23dd0000 - 0x00007ffe23e9a000 	C:\Windows\SYSTEM32\DNSAPI.dll
0x00007ffe20de0000 - 0x00007ffe20de9000 	C:\Users\Lenovo\.jdks\corretto-17.0.18\bin\extnet.dll
0x00007ffe24e00000 - 0x00007ffe24e18000 	C:\Windows\SYSTEM32\CRYPTSP.dll
0x00007ffe23a30000 - 0x00007ffe23a68000 	C:\Windows\system32\rsaenh.dll
0x00007ffe24ff0000 - 0x00007ffe2501e000 	C:\Windows\SYSTEM32\USERENV.dll
0x00007ffe24220000 - 0x00007ffe2422c000 	C:\Windows\SYSTEM32\CRYPTBASE.dll
0x00007ffe21120000 - 0x00007ffe2112e000 	C:\Users\Lenovo\.jdks\corretto-17.0.18\bin\sunmscapi.dll
0x00007ffe258a0000 - 0x00007ffe259fd000 	C:\Windows\System32\CRYPT32.dll
0x00007ffe24400000 - 0x00007ffe24427000 	C:\Windows\SYSTEM32\ncrypt.dll
0x00007ffe24310000 - 0x00007ffe2434b000 	C:\Windows\SYSTEM32\NTASN1.dll
0x00007ffe22bd0000 - 0x00007ffe22bd7000 	C:\Windows\system32\wshunix.dll

dbghelp: loaded successfully - version: 4.0.5 - missing functions: none
symbol engine: initialized successfully - sym options: 0x614 - pdb path: .;C:\Users\Lenovo\.jdks\corretto-17.0.18\bin;C:\Windows\SYSTEM32;C:\Windows\WinSxS\amd64_microsoft.windows.common-controls_6595b64144ccf1df_6.0.19041.6456_none_60b8a6cb71f64256;C:\Users\Lenovo\.jdks\corretto-17.0.18\bin\server;C:\Users\Lenovo\.gradle\native\660c5614fbf4a5f2a75b1949f50a0caf5cd603558e7d8a26e50b933a0cfb79d1\windows-amd64;C:\Users\Lenovo\.gradle\native\0.2.8\x86_64-windows-gnu

VM Arguments:
jvm_args: --add-opens=java.base/java.lang=ALL-UNNAMED --add-opens=java.base/java.lang.invoke=ALL-UNNAMED --add-opens=java.base/java.util=ALL-UNNAMED --add-opens=java.prefs/java.util.prefs=ALL-UNNAMED --add-exports=jdk.compiler/com.sun.tools.javac.api=ALL-UNNAMED --add-exports=jdk.compiler/com.sun.tools.javac.util=ALL-UNNAMED --add-opens=java.base/java.util=ALL-UNNAMED --add-opens=java.prefs/java.util.prefs=ALL-UNNAMED --add-opens=java.base/java.nio.charset=ALL-UNNAMED --add-opens=java.base/java.net=ALL-UNNAMED --add-opens=java.base/java.util.concurrent=ALL-UNNAMED --add-opens=java.base/java.util.concurrent.atomic=ALL-UNNAMED --add-opens=java.xml/javax.xml.namespace=ALL-UNNAMED --add-opens=java.base/java.time=ALL-UNNAMED -XX:MaxMetaspaceSize=384m -XX:+HeapDumpOnOutOfMemoryError -Xms256m -Xmx512m -Dfile.encoding=UTF-8 -Duser.country=US -Duser.language=en -Duser.variant -javaagent:C:\Users\Lenovo\.gradle\wrapper\dists\gradle-9.2.1-bin\2t0n5ozlw9xmuyvbp7dnzaxug\gradle-9.2.1\lib\agents\gradle-instrumentation-agent-9.2.1.jar 
java_command: org.gradle.launcher.daemon.bootstrap.GradleDaemon 9.2.1
java_class_path (initial): C:\Users\Lenovo\.gradle\wrapper\dists\gradle-9.2.1-bin\2t0n5ozlw9xmuyvbp7dnzaxug\gradle-9.2.1\lib\gradle-daemon-main-9.2.1.jar
Launcher Type: SUN_STANDARD

[Global flags]
     intx CICompilerCount                          = 3                                         {product} {ergonomic}
   size_t CompressedClassSpaceSize                 = 335544320                                 {product} {ergonomic}
     uint ConcGCThreads                            = 1                                         {product} {ergonomic}
     uint G1ConcRefinementThreads                  = 4                                         {product} {ergonomic}
   size_t G1HeapRegionSize                         = 1048576                                   {product} {ergonomic}
    uintx GCDrainStackTargetSize                   = 64                                        {product} {ergonomic}
     bool HeapDumpOnOutOfMemoryError               = true                                   {manageable} {command line}
   size_t InitialHeapSize                          = 268435456                                 {product} {command line}
   size_t MarkStackSize                            = 4194304                                   {product} {ergonomic}
   size_t MaxHeapSize                              = 536870912                                 {product} {command line}
   size_t MaxMetaspaceSize                         = 402653184                                 {product} {command line}
   size_t MaxNewSize                               = 321912832                                 {product} {ergonomic}
   size_t MinHeapDeltaBytes                        = 1048576                                   {product} {ergonomic}
   size_t MinHeapSize                              = 268435456                                 {product} {command line}
    uintx NonNMethodCodeHeapSize                   = 5832780                                {pd product} {ergonomic}
    uintx NonProfiledCodeHeapSize                  = 122912730                              {pd product} {ergonomic}
    uintx ProfiledCodeHeapSize                     = 122912730                              {pd product} {ergonomic}
    uintx ReservedCodeCacheSize                    = 251658240                              {pd product} {ergonomic}
     bool SegmentedCodeCache                       = true                                      {product} {ergonomic}
   size_t SoftMaxHeapSize                          = 536870912                              {manageable} {ergonomic}
     bool UseCompressedClassPointers               = true                           {product lp64_product} {ergonomic}
     bool UseCompressedOops                        = true                           {product lp64_product} {ergonomic}
     bool UseG1GC                                  = true                                      {product} {ergonomic}
     bool UseLargePagesIndividualAllocation        = false                                  {pd product} {ergonomic}

Logging:
Log output configuration:
 #0: stdout all=warning uptime,level,tags
 #1: stderr all=off uptime,level,tags

Environment Variables:
JAVA_HOME=C:\Users\Lenovo\.jdks\corretto-17.0.18
PATH=C:\Windows\system32;C:\Windows;C:\Windows\System32\Wbem;C:\Windows\System32\WindowsPowerShell\v1.0\;C:\Windows\System32\OpenSSH\;C:\Program Files\Git\cmd;C:\Program Files\nodejs\;C:\Program Files\Amazon\AWSCLIV2\;D:\bin\;C:\Program Files\Docker\Docker\resources\bin;C:\Program Files\MySQL\MySQL Shell 8.0\bin\;C:\Users\Lenovo\AppData\Local\Programs\Python\Launcher\;C:\Users\Lenovo\.jdks\corretto-17.0.18\bin;C:\Windows\system32;C:\Windows;C:\Windows\System32\Wbem;C:\Windows\System32\WindowsPowerShell\v1.0\;C:\Windows\System32\OpenSSH\;C:\Program Files\Git\cmd;C:\Program Files\nodejs\;C:\Program Files\MySQL\MySQL Server 8.4\bin\mysql.exe;C:\Users\Lenovo\AppData\Local\Programs\Antigravity\bin;C:\Users\Lenovo\AppData\Local\Programs\cursor\resources\app\bin
USERNAME=Lenovo
OS=Windows_NT
PROCESSOR_IDENTIFIER=Intel64 Family 6 Model 78 Stepping 3, GenuineIntel
TMP=C:\Users\Lenovo\AppData\Local\Temp
TEMP=C:\Users\Lenovo\AppData\Local\Temp



Periodic native trim disabled


---------------  S Y S T E M  ---------------

OS:
 Windows 10 , 64 bit Build 19041 (10.0.19041.5915)
OS uptime: 1 days 4:38 hours
Hyper-V role detected

CPU: total 4 (initial active 4) (2 cores per cpu, 2 threads per core) family 6 model 78 stepping 3 microcode 0xf0, cx8, cmov, fxsr, ht, mmx, 3dnowpref, sse, sse2, sse3, ssse3, sse4.1, sse4.2, popcnt, lzcnt, tsc, tscinvbit, avx, avx2, aes, erms, clmul, bmi1, bmi2, rtm, adx, fma, vzeroupper, clflush, clflushopt, hv
Processor Information for all 4 processors :
  Max Mhz: 2808, Current Mhz: 802, Mhz Limit: 786

Memory: 4k page, system-wide physical 16239M (4284M free)
TotalPageFile size 24943M (AvailPageFile size 7047M)
current process WorkingSet (physical memory assigned to process): 330M, peak: 330M
current process commit charge ("private bytes"): 447M, peak: 447M

vm_info: OpenJDK 64-Bit Server VM (17.0.18+9-LTS) for windows-amd64 JRE (17.0.18+9-LTS), built on Jan 27 2026 22:38:43 by "Administrator" with MS VC++ 17.14 (VS2022)

END.
