#
# A fatal error has been detected by the Java Runtime Environment:
#
#  EXCEPTION_ACCESS_VIOLATION (0xc0000005) at pc=0x00007ff8369db223, pid=19492, tid=2904
#
# JRE version: OpenJDK Runtime Environment Corretto-17.0.18.9.1 (17.0.18+9) (build 17.0.18+9-LTS)
# Java VM: OpenJDK 64-Bit Server VM Corretto-17.0.18.9.1 (17.0.18+9-LTS, mixed mode, sharing, tiered, compressed oops, compressed class ptrs, g1 gc, windows-amd64)
# Problematic frame:
# V  [jvm.dll+0x33b223]
#
# No core dump will be written. Minidumps are not enabled by default on client versions of Windows
#
# If you would like to submit a bug report, please visit:
#   https://github.com/corretto/corretto-17/issues/
#

---------------  S U M M A R Y ------------

Command Line: --add-opens=java.base/java.lang=ALL-UNNAMED --add-opens=java.base/java.lang.invoke=ALL-UNNAMED --add-opens=java.base/java.util=ALL-UNNAMED --add-opens=java.prefs/java.util.prefs=ALL-UNNAMED --add-exports=jdk.compiler/com.sun.tools.javac.api=ALL-UNNAMED --add-exports=jdk.compiler/com.sun.tools.javac.util=ALL-UNNAMED --add-opens=java.base/java.util=ALL-UNNAMED --add-opens=java.prefs/java.util.prefs=ALL-UNNAMED --add-opens=java.base/java.nio.charset=ALL-UNNAMED --add-opens=java.base/java.net=ALL-UNNAMED --add-opens=java.base/java.util.concurrent=ALL-UNNAMED --add-opens=java.base/java.util.concurrent.atomic=ALL-UNNAMED --add-opens=java.xml/javax.xml.namespace=ALL-UNNAMED --add-opens=java.base/java.time=ALL-UNNAMED -XX:MaxMetaspaceSize=384m -XX:+HeapDumpOnOutOfMemoryError -Xms256m -Xmx512m -Dfile.encoding=UTF-8 -Duser.country=US -Duser.language=en -Duser.variant -javaagent:C:\Users\Lenovo\.gradle\wrapper\dists\gradle-9.2.1-bin\2t0n5ozlw9xmuyvbp7dnzaxug\gradle-9.2.1\lib\agents\gradle-instrumentation-agent-9.2.1.jar org.gradle.launcher.daemon.bootstrap.GradleDaemon 9.2.1

Host: Intel(R) Core(TM) i7-6600U CPU @ 2.60GHz, 4 cores, 15G,  Windows 10 , 64 bit Build 19041 (10.0.19041.5915)
Time: Tue May 12 17:52:36 2026 Caucasus Standard Time elapsed time: 92.533696 seconds (0d 0h 1m 32s)

---------------  T H R E A D  ---------------

Current thread (0x00000236cb42bbc0):  JavaThread "C2 CompilerThread0" daemon [_thread_in_native, id=2904, stack(0x000000eb98500000,0x000000eb98600000)]


Current CompileTask:
C2:92533 3369   !   4       java.lang.reflect.Executable::declaredAnnotations (85 bytes)

Stack: [0x000000eb98500000,0x000000eb98600000],  sp=0x000000eb985fbe30,  free space=1007k
Native frames: (J=compiled Java code, j=interpreted, Vv=VM code, C=native code)
V  [jvm.dll+0x33b223]
V  [jvm.dll+0x33861f]
V  [jvm.dll+0x337dda]
V  [jvm.dll+0x21dda9]
V  [jvm.dll+0x21d1ec]
V  [jvm.dll+0x1a8c70]
V  [jvm.dll+0x22d9fb]
V  [jvm.dll+0x22bb86]
V  [jvm.dll+0x7f78db]
V  [jvm.dll+0x7f1cdc]
V  [jvm.dll+0x68a307]
C  [ucrtbase.dll+0x21bb2]
C  [KERNEL32.DLL+0x17374]
C  [ntdll.dll+0x4cc91]


siginfo: EXCEPTION_ACCESS_VIOLATION (0xc0000005), reading address 0xffffffffffffffff


Registers:
RAX=0x00000000000000b0, RBX=0x000000000000000d, RCX=0x000000001fff77bf, RDX=0x00000236e7f89044
RSP=0x000000eb985fbe30, RBP=0x0000000000000000, RSI=0x0000000000000019, RDI=0x00200236e7c247e0
R8 =0x0000000002000000, R9 =0x00000236e6753bb8, R10=0x00000236e6753bc0, R11=0x0000000000000000
R12=0x00000000000000af, R13=0x000000eb985fbf48, R14=0x000000eb985fc380, R15=0x00000236e7c00e50
RIP=0x00007ff8369db223, EFLAGS=0x0000000000010202

XMM[0]=0x0000000000000000 0x0000000000000000
XMM[1]=0x00000236e6b60978 0x00000236e7c2f2f0
XMM[2]=0x00000236e7c2ed98 0x00000236e6b60a68
XMM[3]=0x0000000000000000 0x0000000000000000
XMM[4]=0x0000000000000000 0x0000000000000000
XMM[5]=0x00000236e65d4200 0x00000236e65d4b30
XMM[6]=0x0000000000000000 0x0000000000000000
XMM[7]=0x0000000000000000 0x0000000000000000
XMM[8]=0x0000000000000000 0x0000000000000000
XMM[9]=0x0000000000000000 0x0000000000000000
XMM[10]=0x0000000000000000 0x0000000000000000
XMM[11]=0x0000000000000000 0x0000000000000000
XMM[12]=0x0000000000000000 0x0000000000000000
XMM[13]=0x0000000000000000 0x0000000000000000
XMM[14]=0x0000000000000000 0x0000000000000000
XMM[15]=0x0000000000000000 0x0000000000000000
  MXCSR=0x00001fa0


Register to memory mapping:

RIP=0x00007ff8369db223 jvm.dll
RAX=0x00000000000000b0 is an unknown value
RBX=0x000000000000000d is an unknown value
RCX=0x000000001fff77bf is an unknown value
RDX=0x00000236e7f89044 points into unknown readable memory: bf 77 ff 1f
RSP=0x000000eb985fbe30 is pointing into the stack for thread: 0x00000236cb42bbc0
RBP=0x0 is NULL
RSI=0x0000000000000019 is an unknown value
RDI=0x00200236e7c247e0 is an unknown value
R8 =0x0000000002000000 is an unknown value
R9 =0x00000236e6753bb8 points into unknown readable memory: 0x00000236e6b60a68 | 68 0a b6 e6 36 02 00 00
R10=0x00000236e6753bc0 points into unknown readable memory: 0x00000236e6b60cd0 | d0 0c b6 e6 36 02 00 00
R11=0x0 is NULL
R12=0x00000000000000af is an unknown value
R13=0x000000eb985fbf48 is pointing into the stack for thread: 0x00000236cb42bbc0
R14=0x000000eb985fc380 is pointing into the stack for thread: 0x00000236cb42bbc0
R15=0x00000236e7c00e50 points into unknown readable memory: 0x00000236e79cf150 | 50 f1 9c e7 36 02 00 00


Top of Stack: (sp=0x000000eb985fbe30)
0x000000eb985fbe30:   000000eb985fc380 0000000000000001
0x000000eb985fbe40:   0000000000000000 0000000000000016
0x000000eb985fbe50:   000028f1000000af 00000236e7c00e50
0x000000eb985fbe60:   0000000000000000 00000236aeee0000
0x000000eb985fbe70:   00000236e5403840 0000000000000000
0x000000eb985fbe80:   00000236cb429360 00000236e5409a18
0x000000eb985fbe90:   000000eb985fc380 000000000000214a
0x000000eb985fbea0:   000000eb985fbfb0 00007ff8369d861f
0x000000eb985fbeb0:   00000236cb3f6428 000000000000020a
0x000000eb985fbec0:   00000236e7c23fe0 00000236aeee0000
0x000000eb985fbed0:   0000000100002002 000000000001dad0
0x000000eb985fbee0:   00000000000003ff 0000000000000000
0x000000eb985fbef0:   00000000ff0002fd 0000000000000048
0x000000eb985fbf00:   00000000aeee0101 000000008a00f872
0x000000eb985fbf10:   0000000000002002 00000236e7c00e30
0x000000eb985fbf20:   0000000000000000 000000eb22002002
0x000000eb985fbf30:   0000000000000255 00007ff88b60b6ae
0x000000eb985fbf40:   0000000000010a80 0000000000000200
0x000000eb985fbf50:   00000236e7f89010 00007ff800000200
0x000000eb985fbf60:   00000236cb429360 00000236e5401a30
0x000000eb985fbf70:   00000000001e8c58 0000023600000001
0x000000eb985fbf80:   0000000000000000 0000000000000000
0x000000eb985fbf90:   0000000000000000 0000000000000000
0x000000eb985fbfa0:   0000000000000000 0000000000000000
0x000000eb985fbfb0:   0000000000000000 0000000000000000
0x000000eb985fbfc0:   0000000000000000 0000000000000b58
0x000000eb985fbfd0:   0000000000007fe8 00007ff88b65098d
0x000000eb985fbfe0:   000000eb985fc090 0000000000000000
0x000000eb985fbff0:   0000000000000000 0000000000000170
0x000000eb985fc000:   00000236aefd6a30 00007ff83674ee19
0x000000eb985fc010:   00000236cb429360 00007ff8369d8c9d
0x000000eb985fc020:   00000236e6af9a18 00000236e6af99d0 

Instructions: (pc=0x00007ff8369db223)
0x00007ff8369db123:   28 49 83 c7 08 4d 3b fc 0f 82 71 ff ff ff 48 8b
0x00007ff8369db133:   5c 24 58 48 8b 6c 24 60 48 8b 74 24 68 48 83 c4
0x00007ff8369db143:   20 41 5f 41 5e 41 5d 41 5c 5f c3 cc cc 48 89 5c
0x00007ff8369db153:   24 10 55 56 57 41 54 41 55 41 56 41 57 48 83 ec
0x00007ff8369db163:   40 48 8b 41 08 4c 8b ea 4c 8b f1 ba 08 00 00 00
0x00007ff8369db173:   8b 98 40 02 00 00 2b 98 68 02 00 00 83 c3 08 8b
0x00007ff8369db183:   cb e8 17 a3 01 00 89 5c 24 24 4c 8b f8 48 89 44
0x00007ff8369db193:   24 28 85 db 7e 20 44 8b c3 33 d2 49 c1 e0 03 48
0x00007ff8369db1a3:   8b c8 e8 38 33 56 00 49 8b 7e 10 48 c7 44 24 30
0x00007ff8369db1b3:   00 00 00 00 eb 35 49 8b 7e 10 48 c7 44 24 30 00
0x00007ff8369db1c3:   00 00 00 85 db 75 24 ba 08 00 00 00 c7 44 24 24
0x00007ff8369db1d3:   01 00 00 00 b9 01 00 00 00 e8 bf a2 01 00 4c 8b
0x00007ff8369db1e3:   f8 33 c0 4c 89 7c 24 28 49 89 07 8b 0d 04 a3 89
0x00007ff8369db1f3:   00 41 bc 01 00 00 00 65 48 8b 04 25 58 00 00 00
0x00007ff8369db203:   49 89 3f 48 8d 04 c8 48 89 84 24 80 00 00 00 49
0x00007ff8369db213:   63 c4 49 8b 7c c7 f8 44 8d 60 ff 44 89 64 24 20
0x00007ff8369db223:   8b 77 28 8b de c1 eb 05 41 3b 5d 00 72 0a 8b d3
0x00007ff8369db233:   49 8b cd e8 95 12 4f 00 49 8b 45 08 83 e6 1f 48
0x00007ff8369db243:   8d 14 98 40 0f b6 ce 41 b8 01 00 00 00 41 d3 e0
0x00007ff8369db253:   8b 0a 8b c1 41 0b c0 89 02 41 85 c8 0f 85 22 02
0x00007ff8369db263:   00 00 48 8b 07 48 8b cf ff 90 a8 00 00 00 84 c0
0x00007ff8369db273:   74 67 8b 47 28 41 3b 46 68 73 0d 8b c8 49 8b 46
0x00007ff8369db283:   78 48 83 3c c8 00 75 51 48 8b d7 49 8b ce e8 9a
0x00007ff8369db293:   f3 ff ff 48 8b 47 08 4c 8b 00 41 8b 50 2c 8b c2
0x00007ff8369db2a3:   24 3f 3c 20 75 09 49 8b 40 08 4c 3b 00 eb 06 83
0x00007ff8369db2b3:   e2 0f 80 fa 09 0f 94 c0 84 c0 75 06 49 8b 40 08
0x00007ff8369db2c3:   eb d5 41 8b 40 28 48 8b d7 4d 8b 46 78 49 8b ce
0x00007ff8369db2d3:   4d 8b 04 c0 e8 34 fd ff ff 8b 77 1c 33 ed ff ce
0x00007ff8369db2e3:   3b 77 18 0f 82 58 01 00 00 0f 1f 40 00 48 8b 5f
0x00007ff8369db2f3:   08 48 8b 1c f3 48 85 db 0f 84 8e 00 00 00 48 8b
0x00007ff8369db303:   03 48 8b cb ff 50 20 48 85 c0 75 58 8b 4b 2c 8b
0x00007ff8369db313:   c1 24 3f 3c 20 75 09 48 8b 43 08 48 3b 18 eb 07 


Stack slot to memory mapping:
stack at sp + 0 slots: 0x000000eb985fc380 is pointing into the stack for thread: 0x00000236cb42bbc0
stack at sp + 1 slots: 0x0000000000000001 is an unknown value
stack at sp + 2 slots: 0x0 is NULL
stack at sp + 3 slots: 0x0000000000000016 is an unknown value
stack at sp + 4 slots: 0x000028f1000000af is an unknown value
stack at sp + 5 slots: 0x00000236e7c00e50 points into unknown readable memory: 0x00000236e79cf150 | 50 f1 9c e7 36 02 00 00
stack at sp + 6 slots: 0x0 is NULL
stack at sp + 7 slots: 0x00000236aeee0000 points into unknown readable memory: 0x0000000000000000 | 00 00 00 00 00 00 00 00


---------------  P R O C E S S  ---------------

Threads class SMR info:
_java_thread_list=0x00000236e7161060, length=35, elements={
0x00000236b10d1c10, 0x00000236cb4163b0, 0x00000236cb416e80, 0x00000236cb427390,
0x00000236cb427d60, 0x00000236cb42a640, 0x00000236cb42af10, 0x00000236cb42bbc0,
0x00000236cb42c580, 0x00000236cb598810, 0x00000236cb3f93b0, 0x00000236cb6fb390,
0x00000236e5d60f80, 0x00000236e5d61490, 0x00000236e5d632f0, 0x00000236e5d60050,
0x00000236e5d62de0, 0x00000236e5d60560, 0x00000236e5d628d0, 0x00000236e5d619a0,
0x00000236e5d61eb0, 0x00000236e5d60a70, 0x00000236e5d623c0, 0x00000236e7f9e5d0,
0x00000236e7f9c260, 0x00000236e7f9eae0, 0x00000236e7f9e0c0, 0x00000236e7f9b330,
0x00000236e7f9eff0, 0x00000236e7f9dbb0, 0x00000236e7f9a910, 0x00000236e7f9f500,
0x00000236e7f9fa10, 0x00000236e7f9cc80, 0x00000236e7f9ff20
}

Java Threads: ( => current thread )
  0x00000236b10d1c10 JavaThread "main" [_thread_blocked, id=19700, stack(0x000000eb97800000,0x000000eb97900000)]
  0x00000236cb4163b0 JavaThread "Reference Handler" daemon [_thread_blocked, id=3164, stack(0x000000eb97f00000,0x000000eb98000000)]
  0x00000236cb416e80 JavaThread "Finalizer" daemon [_thread_blocked, id=9604, stack(0x000000eb98000000,0x000000eb98100000)]
  0x00000236cb427390 JavaThread "Signal Dispatcher" daemon [_thread_blocked, id=20180, stack(0x000000eb98100000,0x000000eb98200000)]
  0x00000236cb427d60 JavaThread "Attach Listener" daemon [_thread_blocked, id=11148, stack(0x000000eb98200000,0x000000eb98300000)]
  0x00000236cb42a640 JavaThread "Service Thread" daemon [_thread_blocked, id=11600, stack(0x000000eb98300000,0x000000eb98400000)]
  0x00000236cb42af10 JavaThread "Monitor Deflation Thread" daemon [_thread_blocked, id=1928, stack(0x000000eb98400000,0x000000eb98500000)]
=>0x00000236cb42bbc0 JavaThread "C2 CompilerThread0" daemon [_thread_in_native, id=2904, stack(0x000000eb98500000,0x000000eb98600000)]
  0x00000236cb42c580 JavaThread "C1 CompilerThread0" daemon [_thread_in_native, id=5512, stack(0x000000eb98600000,0x000000eb98700000)]
  0x00000236cb598810 JavaThread "Sweeper thread" daemon [_thread_blocked, id=6516, stack(0x000000eb98700000,0x000000eb98800000)]
  0x00000236cb3f93b0 JavaThread "Common-Cleaner" daemon [_thread_blocked, id=9064, stack(0x000000eb98800000,0x000000eb98900000)]
  0x00000236cb6fb390 JavaThread "Notification Thread" daemon [_thread_blocked, id=6772, stack(0x000000eb98900000,0x000000eb98a00000)]
  0x00000236e5d60f80 JavaThread "Daemon health stats" [_thread_blocked, id=16844, stack(0x000000eb97500000,0x000000eb97600000)]
  0x00000236e5d61490 JavaThread "Incoming local TCP Connector on port 49406" [_thread_in_native, id=4912, stack(0x000000eb98e00000,0x000000eb98f00000)]
  0x00000236e5d632f0 JavaThread "Daemon periodic checks" [_thread_blocked, id=17100, stack(0x000000eb99000000,0x000000eb99100000)]
  0x00000236e5d60050 JavaThread "Daemon" [_thread_blocked, id=8236, stack(0x000000eb99100000,0x000000eb99200000)]
  0x00000236e5d62de0 JavaThread "Handler for socket connection from /127.0.0.1:49406 to /127.0.0.1:49407" [_thread_in_native, id=20132, stack(0x000000eb99200000,0x000000eb99300000)]
  0x00000236e5d60560 JavaThread "Cancel handler" [_thread_blocked, id=16568, stack(0x000000eb99300000,0x000000eb99400000)]
  0x00000236e5d628d0 JavaThread "Daemon worker" [_thread_in_vm, id=11428, stack(0x000000eb99400000,0x000000eb99500000)]
  0x00000236e5d619a0 JavaThread "Asynchronous log dispatcher for DefaultDaemonConnection: socket connection from /127.0.0.1:49406 to /127.0.0.1:49407" [_thread_blocked, id=4940, stack(0x000000eb99500000,0x000000eb99600000)]
  0x00000236e5d61eb0 JavaThread "Stdin handler" [_thread_blocked, id=6556, stack(0x000000eb99600000,0x000000eb99700000)]
  0x00000236e5d60a70 JavaThread "Daemon client event forwarder" [_thread_blocked, id=4856, stack(0x000000eb99700000,0x000000eb99800000)]
  0x00000236e5d623c0 JavaThread "Cache worker for journal cache (C:\Users\Lenovo\.gradle\caches\journal-1)" [_thread_blocked, id=20268, stack(0x000000eb99800000,0x000000eb99900000)]
  0x00000236e7f9e5d0 JavaThread "File lock request listener" [_thread_in_native, id=6172, stack(0x000000eb99900000,0x000000eb99a00000)]
  0x00000236e7f9c260 JavaThread "Cache worker for file hash cache (C:\Users\Lenovo\.gradle\caches\9.2.1\fileHashes)" [_thread_blocked, id=20028, stack(0x000000eb99a00000,0x000000eb99b00000)]
  0x00000236e7f9eae0 JavaThread "Cache worker for file hash cache (C:\Program Files\biobac\BioBacGateway\.gradle\9.2.1\fileHashes)" [_thread_blocked, id=4124, stack(0x000000eb99e00000,0x000000eb99f00000)]
  0x00000236e7f9e0c0 JavaThread "Cache worker for Build Output Cleanup Cache (C:\Program Files\biobac\BioBacGateway\.gradle\buildOutputCleanup)" [_thread_blocked, id=17488, stack(0x000000eb99f00000,0x000000eb9a000000)]
  0x00000236e7f9b330 JavaThread "File watcher server" daemon [_thread_in_native, id=10036, stack(0x000000eb9a000000,0x000000eb9a100000)]
  0x00000236e7f9eff0 JavaThread "File watcher consumer" daemon [_thread_blocked, id=18060, stack(0x000000eb9a100000,0x000000eb9a200000)]
  0x00000236e7f9dbb0 JavaThread "jar transforms" [_thread_blocked, id=6712, stack(0x000000eb9a200000,0x000000eb9a300000)]
  0x00000236e7f9a910 JavaThread "jar transforms Thread 2" [_thread_blocked, id=17580, stack(0x000000eb9a300000,0x000000eb9a400000)]
  0x00000236e7f9f500 JavaThread "jar transforms Thread 3" [_thread_blocked, id=17732, stack(0x000000eb9a400000,0x000000eb9a500000)]
  0x00000236e7f9fa10 JavaThread "jar transforms Thread 4" [_thread_blocked, id=11500, stack(0x000000eb9a500000,0x000000eb9a600000)]
  0x00000236e7f9cc80 JavaThread "Cache worker for checksums cache (C:\Program Files\biobac\BioBacGateway\.gradle\9.2.1\checksums)" [_thread_blocked, id=7288, stack(0x000000eb99d00000,0x000000eb99e00000)]
  0x00000236e7f9ff20 JavaThread "Cache worker for file content cache (C:\Users\Lenovo\.gradle\caches\9.2.1\fileContent)" [_thread_blocked, id=11516, stack(0x000000eb9a600000,0x000000eb9a700000)]

Other Threads:
  0x00000236cb40bef0 VMThread "VM Thread" [stack: 0x000000eb97e00000,0x000000eb97f00000] [id=19856]
  0x00000236cb762e50 WatcherThread [stack: 0x000000eb98a00000,0x000000eb98b00000] [id=4908]
  0x00000236b1101230 GCTaskThread "GC Thread#0" [stack: 0x000000eb97900000,0x000000eb97a00000] [id=10588]
  0x00000236cb4816f0 GCTaskThread "GC Thread#1" [stack: 0x000000eb98b00000,0x000000eb98c00000] [id=10184]
  0x00000236cb4819b0 GCTaskThread "GC Thread#2" [stack: 0x000000eb98c00000,0x000000eb98d00000] [id=12212]
  0x00000236cb7e3ee0 GCTaskThread "GC Thread#3" [stack: 0x000000eb98d00000,0x000000eb98e00000] [id=9876]
  0x00000236b1105f30 ConcurrentGCThread "G1 Main Marker" [stack: 0x000000eb97a00000,0x000000eb97b00000] [id=19932]
  0x00000236b1106700 ConcurrentGCThread "G1 Conc#0" [stack: 0x000000eb97b00000,0x000000eb97c00000] [id=18428]
  0x00000236b118e8d0 ConcurrentGCThread "G1 Refine#0" [stack: 0x000000eb97c00000,0x000000eb97d00000] [id=7028]
  0x00000236e5303af0 ConcurrentGCThread "G1 Refine#1" [stack: 0x000000eb98f00000,0x000000eb99000000] [id=17656]
  0x00000236cb2cc200 ConcurrentGCThread "G1 Service" [stack: 0x000000eb97d00000,0x000000eb97e00000] [id=3048]

Threads with active compile tasks:
C2 CompilerThread0  92757 3369   !   4       java.lang.reflect.Executable::declaredAnnotations (85 bytes)
C1 CompilerThread0  92757 3462       3       java.util.HashMap$ValueSpliterator::characteristics (28 bytes)

VM state: not at safepoint (normal execution)

VM Mutex/Monitor currently owned by a thread: None

Heap address: 0x00000000e0000000, size: 512 MB, Compressed Oops mode: 32-bit

CDS archive(s) mapped at: [0x00000236cc000000-0x00000236ccbb0000-0x00000236ccbb0000), size 12255232, SharedBaseAddress: 0x00000236cc000000, ArchiveRelocationMode: 1.
Compressed class space mapped at: 0x00000236cd000000-0x00000236e1000000, reserved size: 335544320
Narrow klass base: 0x00000236cc000000, Narrow klass shift: 0, Narrow klass range: 0x100000000

GC Precious Log:
 CPUs: 4 total, 4 available
 Memory: 16239M
 Large Page Support: Disabled
 NUMA Support: Disabled
 Compressed Oops: Enabled (32-bit)
 Heap Region Size: 1M
 Heap Min Capacity: 256M
 Heap Initial Capacity: 256M
 Heap Max Capacity: 512M
 Pre-touch: Disabled
 Parallel Workers: 4
 Concurrent Workers: 1
 Concurrent Refinement Workers: 4
 Periodic GC: Disabled

Heap:
 garbage-first heap   total 262144K, used 130129K [0x00000000e0000000, 0x0000000100000000)
  region size 1024K, 82 young (83968K), 2 survivors (2048K)
 Metaspace       used 29805K, committed 30272K, reserved 393216K
  class space    used 4272K, committed 4480K, reserved 327680K

Heap Regions: E=young(eden), S=young(survivor), O=old, HS=humongous(starts), HC=humongous(continues), CS=collection set, F=free, OA=open archive, CA=closed archive, TAMS=top-at-mark-start (previous, next)
|   0|0x00000000e0000000, 0x00000000e0100000, 0x00000000e0100000|100%|HS|  |TAMS 0x00000000e0100000, 0x00000000e0000000| Complete 
|   1|0x00000000e0100000, 0x00000000e0200000, 0x00000000e0200000|100%|HC|  |TAMS 0x00000000e0200000, 0x00000000e0100000| Complete 
|   2|0x00000000e0200000, 0x00000000e0300000, 0x00000000e0300000|100%|HC|  |TAMS 0x00000000e0300000, 0x00000000e0200000| Complete 
|   3|0x00000000e0300000, 0x00000000e0400000, 0x00000000e0400000|100%|HC|  |TAMS 0x00000000e0400000, 0x00000000e0300000| Complete 
|   4|0x00000000e0400000, 0x00000000e0500000, 0x00000000e0500000|100%| O|  |TAMS 0x00000000e0500000, 0x00000000e0400000| Untracked 
|   5|0x00000000e0500000, 0x00000000e0600000, 0x00000000e0600000|100%| O|  |TAMS 0x00000000e0600000, 0x00000000e0500000| Untracked 
|   6|0x00000000e0600000, 0x00000000e0700000, 0x00000000e0700000|100%| O|  |TAMS 0x00000000e0700000, 0x00000000e0600000| Untracked 
|   7|0x00000000e0700000, 0x00000000e0800000, 0x00000000e0800000|100%| O|  |TAMS 0x00000000e0716e00, 0x00000000e0700000| Untracked 
|   8|0x00000000e0800000, 0x00000000e0900000, 0x00000000e0900000|100%|HS|  |TAMS 0x00000000e0900000, 0x00000000e0800000| Complete 
|   9|0x00000000e0900000, 0x00000000e0a00000, 0x00000000e0a00000|100%| O|  |TAMS 0x00000000e0900000, 0x00000000e0900000| Untracked 
|  10|0x00000000e0a00000, 0x00000000e0b00000, 0x00000000e0b00000|100%| O|  |TAMS 0x00000000e0a00000, 0x00000000e0a00000| Untracked 
|  11|0x00000000e0b00000, 0x00000000e0c00000, 0x00000000e0c00000|100%| O|  |TAMS 0x00000000e0b00000, 0x00000000e0b00000| Untracked 
|  12|0x00000000e0c00000, 0x00000000e0d00000, 0x00000000e0d00000|100%| O|  |TAMS 0x00000000e0c00000, 0x00000000e0c00000| Untracked 
|  13|0x00000000e0d00000, 0x00000000e0e00000, 0x00000000e0e00000|100%| O|  |TAMS 0x00000000e0d00000, 0x00000000e0d00000| Untracked 
|  14|0x00000000e0e00000, 0x00000000e0f00000, 0x00000000e0f00000|100%| O|  |TAMS 0x00000000e0e00000, 0x00000000e0e00000| Untracked 
|  15|0x00000000e0f00000, 0x00000000e1000000, 0x00000000e1000000|100%| O|  |TAMS 0x00000000e0f00000, 0x00000000e0f00000| Untracked 
|  16|0x00000000e1000000, 0x00000000e1100000, 0x00000000e1100000|100%| O|  |TAMS 0x00000000e1000000, 0x00000000e1000000| Untracked 
|  17|0x00000000e1100000, 0x00000000e1200000, 0x00000000e1200000|100%| O|  |TAMS 0x00000000e1100000, 0x00000000e1100000| Untracked 
|  18|0x00000000e1200000, 0x00000000e1300000, 0x00000000e1300000|100%| O|  |TAMS 0x00000000e1200000, 0x00000000e1200000| Untracked 
|  19|0x00000000e1300000, 0x00000000e1400000, 0x00000000e1400000|100%| O|  |TAMS 0x00000000e1300000, 0x00000000e1300000| Untracked 
|  20|0x00000000e1400000, 0x00000000e1500000, 0x00000000e1500000|100%| O|  |TAMS 0x00000000e1400000, 0x00000000e1400000| Untracked 
|  21|0x00000000e1500000, 0x00000000e1559c00, 0x00000000e1600000| 35%| O|  |TAMS 0x00000000e1500000, 0x00000000e1500000| Untracked 
|  22|0x00000000e1600000, 0x00000000e1700000, 0x00000000e1700000|100%|HS|  |TAMS 0x00000000e1600000, 0x00000000e1600000| Complete 
|  23|0x00000000e1700000, 0x00000000e1800000, 0x00000000e1800000|100%|HC|  |TAMS 0x00000000e1700000, 0x00000000e1700000| Complete 
|  24|0x00000000e1800000, 0x00000000e1900000, 0x00000000e1900000|100%|HC|  |TAMS 0x00000000e1800000, 0x00000000e1800000| Complete 
|  25|0x00000000e1900000, 0x00000000e1a00000, 0x00000000e1a00000|100%|HC|  |TAMS 0x00000000e1900000, 0x00000000e1900000| Complete 
|  26|0x00000000e1a00000, 0x00000000e1b00000, 0x00000000e1b00000|100%|HC|  |TAMS 0x00000000e1a00000, 0x00000000e1a00000| Complete 
|  27|0x00000000e1b00000, 0x00000000e1c00000, 0x00000000e1c00000|100%|HC|  |TAMS 0x00000000e1b00000, 0x00000000e1b00000| Complete 
|  28|0x00000000e1c00000, 0x00000000e1d00000, 0x00000000e1d00000|100%|HS|  |TAMS 0x00000000e1c00000, 0x00000000e1c00000| Complete 
|  29|0x00000000e1d00000, 0x00000000e1e00000, 0x00000000e1e00000|100%|HS|  |TAMS 0x00000000e1d00000, 0x00000000e1d00000| Complete 
|  30|0x00000000e1e00000, 0x00000000e1f00000, 0x00000000e1f00000|100%|HC|  |TAMS 0x00000000e1e00000, 0x00000000e1e00000| Complete 
|  31|0x00000000e1f00000, 0x00000000e2000000, 0x00000000e2000000|100%|HS|  |TAMS 0x00000000e1f00000, 0x00000000e1f00000| Complete 
|  32|0x00000000e2000000, 0x00000000e2100000, 0x00000000e2100000|100%|HS|  |TAMS 0x00000000e2000000, 0x00000000e2000000| Complete 
|  33|0x00000000e2100000, 0x00000000e2200000, 0x00000000e2200000|100%|HC|  |TAMS 0x00000000e2100000, 0x00000000e2100000| Complete 
|  34|0x00000000e2200000, 0x00000000e2300000, 0x00000000e2300000|100%|HC|  |TAMS 0x00000000e2200000, 0x00000000e2200000| Complete 
|  35|0x00000000e2300000, 0x00000000e2400000, 0x00000000e2400000|100%|HS|  |TAMS 0x00000000e2300000, 0x00000000e2300000| Complete 
|  36|0x00000000e2400000, 0x00000000e2500000, 0x00000000e2500000|100%|HC|  |TAMS 0x00000000e2400000, 0x00000000e2400000| Complete 
|  37|0x00000000e2500000, 0x00000000e2600000, 0x00000000e2600000|100%|HC|  |TAMS 0x00000000e2500000, 0x00000000e2500000| Complete 
|  38|0x00000000e2600000, 0x00000000e2700000, 0x00000000e2700000|100%|HC|  |TAMS 0x00000000e2600000, 0x00000000e2600000| Complete 
|  39|0x00000000e2700000, 0x00000000e2800000, 0x00000000e2800000|100%|HC|  |TAMS 0x00000000e2700000, 0x00000000e2700000| Complete 
|  40|0x00000000e2800000, 0x00000000e2900000, 0x00000000e2900000|100%|HC|  |TAMS 0x00000000e2800000, 0x00000000e2800000| Complete 
|  41|0x00000000e2900000, 0x00000000e2a00000, 0x00000000e2a00000|100%|HS|  |TAMS 0x00000000e2900000, 0x00000000e2900000| Complete 
|  42|0x00000000e2a00000, 0x00000000e2b00000, 0x00000000e2b00000|100%|HS|  |TAMS 0x00000000e2a00000, 0x00000000e2a00000| Complete 
|  43|0x00000000e2b00000, 0x00000000e2c00000, 0x00000000e2c00000|100%|HC|  |TAMS 0x00000000e2b00000, 0x00000000e2b00000| Complete 
|  44|0x00000000e2c00000, 0x00000000e2d00000, 0x00000000e2d00000|100%|HS|  |TAMS 0x00000000e2c00000, 0x00000000e2c00000| Complete 
|  45|0x00000000e2d00000, 0x00000000e2e00000, 0x00000000e2e00000|100%|HS|  |TAMS 0x00000000e2d00000, 0x00000000e2d00000| Complete 
|  46|0x00000000e2e00000, 0x00000000e2f00000, 0x00000000e2f00000|100%|HC|  |TAMS 0x00000000e2e00000, 0x00000000e2e00000| Complete 
|  47|0x00000000e2f00000, 0x00000000e3000000, 0x00000000e3000000|100%|HC|  |TAMS 0x00000000e2f00000, 0x00000000e2f00000| Complete 
|  48|0x00000000e3000000, 0x00000000e3000000, 0x00000000e3100000|  0%| F|  |TAMS 0x00000000e3000000, 0x00000000e3000000| Untracked 
|  49|0x00000000e3100000, 0x00000000e3100000, 0x00000000e3200000|  0%| F|  |TAMS 0x00000000e3100000, 0x00000000e3100000| Untracked 
|  50|0x00000000e3200000, 0x00000000e3200000, 0x00000000e3300000|  0%| F|  |TAMS 0x00000000e3200000, 0x00000000e3200000| Untracked 
|  51|0x00000000e3300000, 0x00000000e3300000, 0x00000000e3400000|  0%| F|  |TAMS 0x00000000e3300000, 0x00000000e3300000| Untracked 
|  52|0x00000000e3400000, 0x00000000e3400000, 0x00000000e3500000|  0%| F|  |TAMS 0x00000000e3400000, 0x00000000e3400000| Untracked 
|  53|0x00000000e3500000, 0x00000000e3500000, 0x00000000e3600000|  0%| F|  |TAMS 0x00000000e3500000, 0x00000000e3500000| Untracked 
|  54|0x00000000e3600000, 0x00000000e3600000, 0x00000000e3700000|  0%| F|  |TAMS 0x00000000e3600000, 0x00000000e3600000| Untracked 
|  55|0x00000000e3700000, 0x00000000e3700000, 0x00000000e3800000|  0%| F|  |TAMS 0x00000000e3700000, 0x00000000e3700000| Untracked 
|  56|0x00000000e3800000, 0x00000000e3800000, 0x00000000e3900000|  0%| F|  |TAMS 0x00000000e3800000, 0x00000000e3800000| Untracked 
|  57|0x00000000e3900000, 0x00000000e3900000, 0x00000000e3a00000|  0%| F|  |TAMS 0x00000000e3900000, 0x00000000e3900000| Untracked 
|  58|0x00000000e3a00000, 0x00000000e3a00000, 0x00000000e3b00000|  0%| F|  |TAMS 0x00000000e3a00000, 0x00000000e3a00000| Untracked 
|  59|0x00000000e3b00000, 0x00000000e3b00000, 0x00000000e3c00000|  0%| F|  |TAMS 0x00000000e3b00000, 0x00000000e3b00000| Untracked 
|  60|0x00000000e3c00000, 0x00000000e3c00000, 0x00000000e3d00000|  0%| F|  |TAMS 0x00000000e3c00000, 0x00000000e3c00000| Untracked 
|  61|0x00000000e3d00000, 0x00000000e3d00000, 0x00000000e3e00000|  0%| F|  |TAMS 0x00000000e3d00000, 0x00000000e3d00000| Untracked 
|  62|0x00000000e3e00000, 0x00000000e3e00000, 0x00000000e3f00000|  0%| F|  |TAMS 0x00000000e3e00000, 0x00000000e3e00000| Untracked 
|  63|0x00000000e3f00000, 0x00000000e3f00000, 0x00000000e4000000|  0%| F|  |TAMS 0x00000000e3f00000, 0x00000000e3f00000| Untracked 
|  64|0x00000000e4000000, 0x00000000e4000000, 0x00000000e4100000|  0%| F|  |TAMS 0x00000000e4000000, 0x00000000e4000000| Untracked 
|  65|0x00000000e4100000, 0x00000000e4100000, 0x00000000e4200000|  0%| F|  |TAMS 0x00000000e4100000, 0x00000000e4100000| Untracked 
|  66|0x00000000e4200000, 0x00000000e4200000, 0x00000000e4300000|  0%| F|  |TAMS 0x00000000e4200000, 0x00000000e4200000| Untracked 
|  67|0x00000000e4300000, 0x00000000e4300000, 0x00000000e4400000|  0%| F|  |TAMS 0x00000000e4300000, 0x00000000e4300000| Untracked 
|  68|0x00000000e4400000, 0x00000000e4400000, 0x00000000e4500000|  0%| F|  |TAMS 0x00000000e4400000, 0x00000000e4400000| Untracked 
|  69|0x00000000e4500000, 0x00000000e4500000, 0x00000000e4600000|  0%| F|  |TAMS 0x00000000e4500000, 0x00000000e4500000| Untracked 
|  70|0x00000000e4600000, 0x00000000e4600000, 0x00000000e4700000|  0%| F|  |TAMS 0x00000000e4600000, 0x00000000e4600000| Untracked 
|  71|0x00000000e4700000, 0x00000000e4700000, 0x00000000e4800000|  0%| F|  |TAMS 0x00000000e4700000, 0x00000000e4700000| Untracked 
|  72|0x00000000e4800000, 0x00000000e4800000, 0x00000000e4900000|  0%| F|  |TAMS 0x00000000e4800000, 0x00000000e4800000| Untracked 
|  73|0x00000000e4900000, 0x00000000e4900000, 0x00000000e4a00000|  0%| F|  |TAMS 0x00000000e4900000, 0x00000000e4900000| Untracked 
|  74|0x00000000e4a00000, 0x00000000e4a00000, 0x00000000e4b00000|  0%| F|  |TAMS 0x00000000e4a00000, 0x00000000e4a00000| Untracked 
|  75|0x00000000e4b00000, 0x00000000e4b00000, 0x00000000e4c00000|  0%| F|  |TAMS 0x00000000e4b00000, 0x00000000e4b00000| Untracked 
|  76|0x00000000e4c00000, 0x00000000e4c00000, 0x00000000e4d00000|  0%| F|  |TAMS 0x00000000e4c00000, 0x00000000e4c00000| Untracked 
|  77|0x00000000e4d00000, 0x00000000e4d00000, 0x00000000e4e00000|  0%| F|  |TAMS 0x00000000e4d00000, 0x00000000e4d00000| Untracked 
|  78|0x00000000e4e00000, 0x00000000e4e00000, 0x00000000e4f00000|  0%| F|  |TAMS 0x00000000e4e00000, 0x00000000e4e00000| Untracked 
|  79|0x00000000e4f00000, 0x00000000e4f00000, 0x00000000e5000000|  0%| F|  |TAMS 0x00000000e4f00000, 0x00000000e4f00000| Untracked 
|  80|0x00000000e5000000, 0x00000000e5000000, 0x00000000e5100000|  0%| F|  |TAMS 0x00000000e5000000, 0x00000000e5000000| Untracked 
|  81|0x00000000e5100000, 0x00000000e5100000, 0x00000000e5200000|  0%| F|  |TAMS 0x00000000e5100000, 0x00000000e5100000| Untracked 
|  82|0x00000000e5200000, 0x00000000e5200000, 0x00000000e5300000|  0%| F|  |TAMS 0x00000000e5200000, 0x00000000e5200000| Untracked 
|  83|0x00000000e5300000, 0x00000000e5300000, 0x00000000e5400000|  0%| F|  |TAMS 0x00000000e5300000, 0x00000000e5300000| Untracked 
|  84|0x00000000e5400000, 0x00000000e5400000, 0x00000000e5500000|  0%| F|  |TAMS 0x00000000e5400000, 0x00000000e5400000| Untracked 
|  85|0x00000000e5500000, 0x00000000e5500000, 0x00000000e5600000|  0%| F|  |TAMS 0x00000000e5500000, 0x00000000e5500000| Untracked 
|  86|0x00000000e5600000, 0x00000000e5600000, 0x00000000e5700000|  0%| F|  |TAMS 0x00000000e5600000, 0x00000000e5600000| Untracked 
|  87|0x00000000e5700000, 0x00000000e5700000, 0x00000000e5800000|  0%| F|  |TAMS 0x00000000e5700000, 0x00000000e5700000| Untracked 
|  88|0x00000000e5800000, 0x00000000e5800000, 0x00000000e5900000|  0%| F|  |TAMS 0x00000000e5800000, 0x00000000e5800000| Untracked 
|  89|0x00000000e5900000, 0x00000000e5900000, 0x00000000e5a00000|  0%| F|  |TAMS 0x00000000e5900000, 0x00000000e5900000| Untracked 
|  90|0x00000000e5a00000, 0x00000000e5a00000, 0x00000000e5b00000|  0%| F|  |TAMS 0x00000000e5a00000, 0x00000000e5a00000| Untracked 
|  91|0x00000000e5b00000, 0x00000000e5b00000, 0x00000000e5c00000|  0%| F|  |TAMS 0x00000000e5b00000, 0x00000000e5b00000| Untracked 
|  92|0x00000000e5c00000, 0x00000000e5c00000, 0x00000000e5d00000|  0%| F|  |TAMS 0x00000000e5c00000, 0x00000000e5c00000| Untracked 
|  93|0x00000000e5d00000, 0x00000000e5d00000, 0x00000000e5e00000|  0%| F|  |TAMS 0x00000000e5d00000, 0x00000000e5d00000| Untracked 
|  94|0x00000000e5e00000, 0x00000000e5e00000, 0x00000000e5f00000|  0%| F|  |TAMS 0x00000000e5e00000, 0x00000000e5e00000| Untracked 
|  95|0x00000000e5f00000, 0x00000000e5f00000, 0x00000000e6000000|  0%| F|  |TAMS 0x00000000e5f00000, 0x00000000e5f00000| Untracked 
|  96|0x00000000e6000000, 0x00000000e6000000, 0x00000000e6100000|  0%| F|  |TAMS 0x00000000e6000000, 0x00000000e6000000| Untracked 
|  97|0x00000000e6100000, 0x00000000e6100000, 0x00000000e6200000|  0%| F|  |TAMS 0x00000000e6100000, 0x00000000e6100000| Untracked 
|  98|0x00000000e6200000, 0x00000000e6200000, 0x00000000e6300000|  0%| F|  |TAMS 0x00000000e6200000, 0x00000000e6200000| Untracked 
|  99|0x00000000e6300000, 0x00000000e6300000, 0x00000000e6400000|  0%| F|  |TAMS 0x00000000e6300000, 0x00000000e6300000| Untracked 
| 100|0x00000000e6400000, 0x00000000e6400000, 0x00000000e6500000|  0%| F|  |TAMS 0x00000000e6400000, 0x00000000e6400000| Untracked 
| 101|0x00000000e6500000, 0x00000000e6500000, 0x00000000e6600000|  0%| F|  |TAMS 0x00000000e6500000, 0x00000000e6500000| Untracked 
| 102|0x00000000e6600000, 0x00000000e6600000, 0x00000000e6700000|  0%| F|  |TAMS 0x00000000e6600000, 0x00000000e6600000| Untracked 
| 103|0x00000000e6700000, 0x00000000e6700000, 0x00000000e6800000|  0%| F|  |TAMS 0x00000000e6700000, 0x00000000e6700000| Untracked 
| 104|0x00000000e6800000, 0x00000000e6800000, 0x00000000e6900000|  0%| F|  |TAMS 0x00000000e6800000, 0x00000000e6800000| Untracked 
| 105|0x00000000e6900000, 0x00000000e6900000, 0x00000000e6a00000|  0%| F|  |TAMS 0x00000000e6900000, 0x00000000e6900000| Untracked 
| 106|0x00000000e6a00000, 0x00000000e6a00000, 0x00000000e6b00000|  0%| F|  |TAMS 0x00000000e6a00000, 0x00000000e6a00000| Untracked 
| 107|0x00000000e6b00000, 0x00000000e6b00000, 0x00000000e6c00000|  0%| F|  |TAMS 0x00000000e6b00000, 0x00000000e6b00000| Untracked 
| 108|0x00000000e6c00000, 0x00000000e6c00000, 0x00000000e6d00000|  0%| F|  |TAMS 0x00000000e6c00000, 0x00000000e6c00000| Untracked 
| 109|0x00000000e6d00000, 0x00000000e6d00000, 0x00000000e6e00000|  0%| F|  |TAMS 0x00000000e6d00000, 0x00000000e6d00000| Untracked 
| 110|0x00000000e6e00000, 0x00000000e6e00000, 0x00000000e6f00000|  0%| F|  |TAMS 0x00000000e6e00000, 0x00000000e6e00000| Untracked 
| 111|0x00000000e6f00000, 0x00000000e6f00000, 0x00000000e7000000|  0%| F|  |TAMS 0x00000000e6f00000, 0x00000000e6f00000| Untracked 
| 112|0x00000000e7000000, 0x00000000e7000000, 0x00000000e7100000|  0%| F|  |TAMS 0x00000000e7000000, 0x00000000e7000000| Untracked 
| 113|0x00000000e7100000, 0x00000000e7100000, 0x00000000e7200000|  0%| F|  |TAMS 0x00000000e7100000, 0x00000000e7100000| Untracked 
| 114|0x00000000e7200000, 0x00000000e7200000, 0x00000000e7300000|  0%| F|  |TAMS 0x00000000e7200000, 0x00000000e7200000| Untracked 
| 115|0x00000000e7300000, 0x00000000e7300000, 0x00000000e7400000|  0%| F|  |TAMS 0x00000000e7300000, 0x00000000e7300000| Untracked 
| 116|0x00000000e7400000, 0x00000000e7400000, 0x00000000e7500000|  0%| F|  |TAMS 0x00000000e7400000, 0x00000000e7400000| Untracked 
| 117|0x00000000e7500000, 0x00000000e7500000, 0x00000000e7600000|  0%| F|  |TAMS 0x00000000e7500000, 0x00000000e7500000| Untracked 
| 118|0x00000000e7600000, 0x00000000e7600000, 0x00000000e7700000|  0%| F|  |TAMS 0x00000000e7600000, 0x00000000e7600000| Untracked 
| 119|0x00000000e7700000, 0x00000000e7700000, 0x00000000e7800000|  0%| F|  |TAMS 0x00000000e7700000, 0x00000000e7700000| Untracked 
| 120|0x00000000e7800000, 0x00000000e7800000, 0x00000000e7900000|  0%| F|  |TAMS 0x00000000e7800000, 0x00000000e7800000| Untracked 
| 121|0x00000000e7900000, 0x00000000e7900000, 0x00000000e7a00000|  0%| F|  |TAMS 0x00000000e7900000, 0x00000000e7900000| Untracked 
| 122|0x00000000e7a00000, 0x00000000e7a00000, 0x00000000e7b00000|  0%| F|  |TAMS 0x00000000e7a00000, 0x00000000e7a00000| Untracked 
| 123|0x00000000e7b00000, 0x00000000e7b00000, 0x00000000e7c00000|  0%| F|  |TAMS 0x00000000e7b00000, 0x00000000e7b00000| Untracked 
| 124|0x00000000e7c00000, 0x00000000e7c00000, 0x00000000e7d00000|  0%| F|  |TAMS 0x00000000e7c00000, 0x00000000e7c00000| Untracked 
| 125|0x00000000e7d00000, 0x00000000e7d00000, 0x00000000e7e00000|  0%| F|  |TAMS 0x00000000e7d00000, 0x00000000e7d00000| Untracked 
| 126|0x00000000e7e00000, 0x00000000e7e00000, 0x00000000e7f00000|  0%| F|  |TAMS 0x00000000e7e00000, 0x00000000e7e00000| Untracked 
| 127|0x00000000e7f00000, 0x00000000e7f00000, 0x00000000e8000000|  0%| F|  |TAMS 0x00000000e7f00000, 0x00000000e7f00000| Untracked 
| 128|0x00000000e8000000, 0x00000000e8000000, 0x00000000e8100000|  0%| F|  |TAMS 0x00000000e8000000, 0x00000000e8000000| Untracked 
| 129|0x00000000e8100000, 0x00000000e8100000, 0x00000000e8200000|  0%| F|  |TAMS 0x00000000e8100000, 0x00000000e8100000| Untracked 
| 130|0x00000000e8200000, 0x00000000e8200000, 0x00000000e8300000|  0%| F|  |TAMS 0x00000000e8200000, 0x00000000e8200000| Untracked 
| 131|0x00000000e8300000, 0x00000000e8300000, 0x00000000e8400000|  0%| F|  |TAMS 0x00000000e8300000, 0x00000000e8300000| Untracked 
| 132|0x00000000e8400000, 0x00000000e8400000, 0x00000000e8500000|  0%| F|  |TAMS 0x00000000e8400000, 0x00000000e8400000| Untracked 
| 133|0x00000000e8500000, 0x00000000e8500000, 0x00000000e8600000|  0%| F|  |TAMS 0x00000000e8500000, 0x00000000e8500000| Untracked 
| 134|0x00000000e8600000, 0x00000000e8600000, 0x00000000e8700000|  0%| F|  |TAMS 0x00000000e8600000, 0x00000000e8600000| Untracked 
| 135|0x00000000e8700000, 0x00000000e8700000, 0x00000000e8800000|  0%| F|  |TAMS 0x00000000e8700000, 0x00000000e8700000| Untracked 
| 136|0x00000000e8800000, 0x00000000e8800000, 0x00000000e8900000|  0%| F|  |TAMS 0x00000000e8800000, 0x00000000e8800000| Untracked 
| 137|0x00000000e8900000, 0x00000000e8900000, 0x00000000e8a00000|  0%| F|  |TAMS 0x00000000e8900000, 0x00000000e8900000| Untracked 
| 138|0x00000000e8a00000, 0x00000000e8a00000, 0x00000000e8b00000|  0%| F|  |TAMS 0x00000000e8a00000, 0x00000000e8a00000| Untracked 
| 139|0x00000000e8b00000, 0x00000000e8b00000, 0x00000000e8c00000|  0%| F|  |TAMS 0x00000000e8b00000, 0x00000000e8b00000| Untracked 
| 140|0x00000000e8c00000, 0x00000000e8c00000, 0x00000000e8d00000|  0%| F|  |TAMS 0x00000000e8c00000, 0x00000000e8c00000| Untracked 
| 141|0x00000000e8d00000, 0x00000000e8d00000, 0x00000000e8e00000|  0%| F|  |TAMS 0x00000000e8d00000, 0x00000000e8d00000| Untracked 
| 142|0x00000000e8e00000, 0x00000000e8e00000, 0x00000000e8f00000|  0%| F|  |TAMS 0x00000000e8e00000, 0x00000000e8e00000| Untracked 
| 143|0x00000000e8f00000, 0x00000000e8f00000, 0x00000000e9000000|  0%| F|  |TAMS 0x00000000e8f00000, 0x00000000e8f00000| Untracked 
| 144|0x00000000e9000000, 0x00000000e9000000, 0x00000000e9100000|  0%| F|  |TAMS 0x00000000e9000000, 0x00000000e9000000| Untracked 
| 145|0x00000000e9100000, 0x00000000e9100000, 0x00000000e9200000|  0%| F|  |TAMS 0x00000000e9100000, 0x00000000e9100000| Untracked 
| 146|0x00000000e9200000, 0x00000000e9200000, 0x00000000e9300000|  0%| F|  |TAMS 0x00000000e9200000, 0x00000000e9200000| Untracked 
| 147|0x00000000e9300000, 0x00000000e9300000, 0x00000000e9400000|  0%| F|  |TAMS 0x00000000e9300000, 0x00000000e9300000| Untracked 
| 148|0x00000000e9400000, 0x00000000e9400000, 0x00000000e9500000|  0%| F|  |TAMS 0x00000000e9400000, 0x00000000e9400000| Untracked 
| 149|0x00000000e9500000, 0x00000000e9500000, 0x00000000e9600000|  0%| F|  |TAMS 0x00000000e9500000, 0x00000000e9500000| Untracked 
| 150|0x00000000e9600000, 0x00000000e9600000, 0x00000000e9700000|  0%| F|  |TAMS 0x00000000e9600000, 0x00000000e9600000| Untracked 
| 151|0x00000000e9700000, 0x00000000e9700000, 0x00000000e9800000|  0%| F|  |TAMS 0x00000000e9700000, 0x00000000e9700000| Untracked 
| 152|0x00000000e9800000, 0x00000000e9800000, 0x00000000e9900000|  0%| F|  |TAMS 0x00000000e9800000, 0x00000000e9800000| Untracked 
| 153|0x00000000e9900000, 0x00000000e9900000, 0x00000000e9a00000|  0%| F|  |TAMS 0x00000000e9900000, 0x00000000e9900000| Untracked 
| 154|0x00000000e9a00000, 0x00000000e9a00000, 0x00000000e9b00000|  0%| F|  |TAMS 0x00000000e9a00000, 0x00000000e9a00000| Untracked 
| 155|0x00000000e9b00000, 0x00000000e9b00000, 0x00000000e9c00000|  0%| F|  |TAMS 0x00000000e9b00000, 0x00000000e9b00000| Untracked 
| 156|0x00000000e9c00000, 0x00000000e9c00000, 0x00000000e9d00000|  0%| F|  |TAMS 0x00000000e9c00000, 0x00000000e9c00000| Untracked 
| 157|0x00000000e9d00000, 0x00000000e9d00000, 0x00000000e9e00000|  0%| F|  |TAMS 0x00000000e9d00000, 0x00000000e9d00000| Untracked 
| 158|0x00000000e9e00000, 0x00000000e9e00000, 0x00000000e9f00000|  0%| F|  |TAMS 0x00000000e9e00000, 0x00000000e9e00000| Untracked 
| 159|0x00000000e9f00000, 0x00000000e9f00000, 0x00000000ea000000|  0%| F|  |TAMS 0x00000000e9f00000, 0x00000000e9f00000| Untracked 
| 160|0x00000000ea000000, 0x00000000ea000000, 0x00000000ea100000|  0%| F|  |TAMS 0x00000000ea000000, 0x00000000ea000000| Untracked 
| 161|0x00000000ea100000, 0x00000000ea100000, 0x00000000ea200000|  0%| F|  |TAMS 0x00000000ea100000, 0x00000000ea100000| Untracked 
| 162|0x00000000ea200000, 0x00000000ea200000, 0x00000000ea300000|  0%| F|  |TAMS 0x00000000ea200000, 0x00000000ea200000| Untracked 
| 163|0x00000000ea300000, 0x00000000ea300000, 0x00000000ea400000|  0%| F|  |TAMS 0x00000000ea300000, 0x00000000ea300000| Untracked 
| 164|0x00000000ea400000, 0x00000000ea400000, 0x00000000ea500000|  0%| F|  |TAMS 0x00000000ea400000, 0x00000000ea400000| Untracked 
| 165|0x00000000ea500000, 0x00000000ea500000, 0x00000000ea600000|  0%| F|  |TAMS 0x00000000ea500000, 0x00000000ea500000| Untracked 
| 166|0x00000000ea600000, 0x00000000ea600000, 0x00000000ea700000|  0%| F|  |TAMS 0x00000000ea600000, 0x00000000ea600000| Untracked 
| 167|0x00000000ea700000, 0x00000000ea700000, 0x00000000ea800000|  0%| F|  |TAMS 0x00000000ea700000, 0x00000000ea700000| Untracked 
| 168|0x00000000ea800000, 0x00000000ea800000, 0x00000000ea900000|  0%| F|  |TAMS 0x00000000ea800000, 0x00000000ea800000| Untracked 
| 169|0x00000000ea900000, 0x00000000ea900000, 0x00000000eaa00000|  0%| F|  |TAMS 0x00000000ea900000, 0x00000000ea900000| Untracked 
| 170|0x00000000eaa00000, 0x00000000eaa00000, 0x00000000eab00000|  0%| F|  |TAMS 0x00000000eaa00000, 0x00000000eaa00000| Untracked 
| 171|0x00000000eab00000, 0x00000000eab00000, 0x00000000eac00000|  0%| F|  |TAMS 0x00000000eab00000, 0x00000000eab00000| Untracked 
| 172|0x00000000eac00000, 0x00000000eac00000, 0x00000000ead00000|  0%| F|  |TAMS 0x00000000eac00000, 0x00000000eac00000| Untracked 
| 173|0x00000000ead00000, 0x00000000ead00000, 0x00000000eae00000|  0%| F|  |TAMS 0x00000000ead00000, 0x00000000ead00000| Untracked 
| 174|0x00000000eae00000, 0x00000000eae80000, 0x00000000eaf00000| 50%| E|  |TAMS 0x00000000eae00000, 0x00000000eae00000| Complete 
| 175|0x00000000eaf00000, 0x00000000eb000000, 0x00000000eb000000|100%| E|CS|TAMS 0x00000000eaf00000, 0x00000000eaf00000| Complete 
| 176|0x00000000eb000000, 0x00000000eb100000, 0x00000000eb100000|100%| E|CS|TAMS 0x00000000eb000000, 0x00000000eb000000| Complete 
| 177|0x00000000eb100000, 0x00000000eb200000, 0x00000000eb200000|100%| E|CS|TAMS 0x00000000eb100000, 0x00000000eb100000| Complete 
| 178|0x00000000eb200000, 0x00000000eb300000, 0x00000000eb300000|100%| E|CS|TAMS 0x00000000eb200000, 0x00000000eb200000| Complete 
| 179|0x00000000eb300000, 0x00000000eb400000, 0x00000000eb400000|100%| E|CS|TAMS 0x00000000eb300000, 0x00000000eb300000| Complete 
| 180|0x00000000eb400000, 0x00000000eb500000, 0x00000000eb500000|100%| E|CS|TAMS 0x00000000eb400000, 0x00000000eb400000| Complete 
| 181|0x00000000eb500000, 0x00000000eb600000, 0x00000000eb600000|100%| E|CS|TAMS 0x00000000eb500000, 0x00000000eb500000| Complete 
| 182|0x00000000eb600000, 0x00000000eb700000, 0x00000000eb700000|100%| E|CS|TAMS 0x00000000eb600000, 0x00000000eb600000| Complete 
| 183|0x00000000eb700000, 0x00000000eb800000, 0x00000000eb800000|100%| E|CS|TAMS 0x00000000eb700000, 0x00000000eb700000| Complete 
| 184|0x00000000eb800000, 0x00000000eb900000, 0x00000000eb900000|100%| E|CS|TAMS 0x00000000eb800000, 0x00000000eb800000| Complete 
| 185|0x00000000eb900000, 0x00000000eba00000, 0x00000000eba00000|100%| E|CS|TAMS 0x00000000eb900000, 0x00000000eb900000| Complete 
| 186|0x00000000eba00000, 0x00000000ebb00000, 0x00000000ebb00000|100%| E|CS|TAMS 0x00000000eba00000, 0x00000000eba00000| Complete 
| 187|0x00000000ebb00000, 0x00000000ebc00000, 0x00000000ebc00000|100%| E|CS|TAMS 0x00000000ebb00000, 0x00000000ebb00000| Complete 
| 188|0x00000000ebc00000, 0x00000000ebd00000, 0x00000000ebd00000|100%| E|CS|TAMS 0x00000000ebc00000, 0x00000000ebc00000| Complete 
| 189|0x00000000ebd00000, 0x00000000ebe00000, 0x00000000ebe00000|100%| E|CS|TAMS 0x00000000ebd00000, 0x00000000ebd00000| Complete 
| 190|0x00000000ebe00000, 0x00000000ebf00000, 0x00000000ebf00000|100%| E|CS|TAMS 0x00000000ebe00000, 0x00000000ebe00000| Complete 
| 191|0x00000000ebf00000, 0x00000000ec000000, 0x00000000ec000000|100%| E|CS|TAMS 0x00000000ebf00000, 0x00000000ebf00000| Complete 
| 192|0x00000000ec000000, 0x00000000ec100000, 0x00000000ec100000|100%| E|CS|TAMS 0x00000000ec000000, 0x00000000ec000000| Complete 
| 193|0x00000000ec100000, 0x00000000ec200000, 0x00000000ec200000|100%| E|CS|TAMS 0x00000000ec100000, 0x00000000ec100000| Complete 
| 194|0x00000000ec200000, 0x00000000ec300000, 0x00000000ec300000|100%| E|CS|TAMS 0x00000000ec200000, 0x00000000ec200000| Complete 
| 195|0x00000000ec300000, 0x00000000ec400000, 0x00000000ec400000|100%| E|CS|TAMS 0x00000000ec300000, 0x00000000ec300000| Complete 
| 196|0x00000000ec400000, 0x00000000ec500000, 0x00000000ec500000|100%| E|CS|TAMS 0x00000000ec400000, 0x00000000ec400000| Complete 
| 197|0x00000000ec500000, 0x00000000ec600000, 0x00000000ec600000|100%| E|CS|TAMS 0x00000000ec500000, 0x00000000ec500000| Complete 
| 198|0x00000000ec600000, 0x00000000ec700000, 0x00000000ec700000|100%| E|CS|TAMS 0x00000000ec600000, 0x00000000ec600000| Complete 
| 199|0x00000000ec700000, 0x00000000ec800000, 0x00000000ec800000|100%| E|CS|TAMS 0x00000000ec700000, 0x00000000ec700000| Complete 
| 200|0x00000000ec800000, 0x00000000ec900000, 0x00000000ec900000|100%| E|CS|TAMS 0x00000000ec800000, 0x00000000ec800000| Complete 
| 201|0x00000000ec900000, 0x00000000eca00000, 0x00000000eca00000|100%| E|CS|TAMS 0x00000000ec900000, 0x00000000ec900000| Complete 
| 202|0x00000000eca00000, 0x00000000ecb00000, 0x00000000ecb00000|100%| E|CS|TAMS 0x00000000eca00000, 0x00000000eca00000| Complete 
| 203|0x00000000ecb00000, 0x00000000ecc00000, 0x00000000ecc00000|100%| E|CS|TAMS 0x00000000ecb00000, 0x00000000ecb00000| Complete 
| 204|0x00000000ecc00000, 0x00000000ecd00000, 0x00000000ecd00000|100%| E|CS|TAMS 0x00000000ecc00000, 0x00000000ecc00000| Complete 
| 205|0x00000000ecd00000, 0x00000000ece00000, 0x00000000ece00000|100%| E|  |TAMS 0x00000000ecd00000, 0x00000000ecd00000| Complete 
| 206|0x00000000ece00000, 0x00000000ecf00000, 0x00000000ecf00000|100%| E|CS|TAMS 0x00000000ece00000, 0x00000000ece00000| Complete 
| 207|0x00000000ecf00000, 0x00000000ed000000, 0x00000000ed000000|100%| E|CS|TAMS 0x00000000ecf00000, 0x00000000ecf00000| Complete 
| 208|0x00000000ed000000, 0x00000000ed100000, 0x00000000ed100000|100%| E|CS|TAMS 0x00000000ed000000, 0x00000000ed000000| Complete 
| 209|0x00000000ed100000, 0x00000000ed200000, 0x00000000ed200000|100%| E|CS|TAMS 0x00000000ed100000, 0x00000000ed100000| Complete 
| 210|0x00000000ed200000, 0x00000000ed300000, 0x00000000ed300000|100%| E|CS|TAMS 0x00000000ed200000, 0x00000000ed200000| Complete 
| 211|0x00000000ed300000, 0x00000000ed400000, 0x00000000ed400000|100%| E|CS|TAMS 0x00000000ed300000, 0x00000000ed300000| Complete 
| 212|0x00000000ed400000, 0x00000000ed500000, 0x00000000ed500000|100%| E|CS|TAMS 0x00000000ed400000, 0x00000000ed400000| Complete 
| 213|0x00000000ed500000, 0x00000000ed600000, 0x00000000ed600000|100%| E|CS|TAMS 0x00000000ed500000, 0x00000000ed500000| Complete 
| 214|0x00000000ed600000, 0x00000000ed700000, 0x00000000ed700000|100%| E|CS|TAMS 0x00000000ed600000, 0x00000000ed600000| Complete 
| 215|0x00000000ed700000, 0x00000000ed800000, 0x00000000ed800000|100%| E|CS|TAMS 0x00000000ed700000, 0x00000000ed700000| Complete 
| 216|0x00000000ed800000, 0x00000000ed900000, 0x00000000ed900000|100%| E|CS|TAMS 0x00000000ed800000, 0x00000000ed800000| Complete 
| 217|0x00000000ed900000, 0x00000000eda00000, 0x00000000eda00000|100%| E|CS|TAMS 0x00000000ed900000, 0x00000000ed900000| Complete 
| 218|0x00000000eda00000, 0x00000000edb00000, 0x00000000edb00000|100%| E|CS|TAMS 0x00000000eda00000, 0x00000000eda00000| Complete 
| 219|0x00000000edb00000, 0x00000000edc00000, 0x00000000edc00000|100%| E|CS|TAMS 0x00000000edb00000, 0x00000000edb00000| Complete 
| 220|0x00000000edc00000, 0x00000000edd00000, 0x00000000edd00000|100%| E|CS|TAMS 0x00000000edc00000, 0x00000000edc00000| Complete 
| 221|0x00000000edd00000, 0x00000000ede00000, 0x00000000ede00000|100%| E|CS|TAMS 0x00000000edd00000, 0x00000000edd00000| Complete 
| 222|0x00000000ede00000, 0x00000000edf00000, 0x00000000edf00000|100%| E|CS|TAMS 0x00000000ede00000, 0x00000000ede00000| Complete 
| 223|0x00000000edf00000, 0x00000000ee000000, 0x00000000ee000000|100%| E|CS|TAMS 0x00000000edf00000, 0x00000000edf00000| Complete 
| 224|0x00000000ee000000, 0x00000000ee100000, 0x00000000ee100000|100%| E|CS|TAMS 0x00000000ee000000, 0x00000000ee000000| Complete 
| 225|0x00000000ee100000, 0x00000000ee200000, 0x00000000ee200000|100%| E|CS|TAMS 0x00000000ee100000, 0x00000000ee100000| Complete 
| 226|0x00000000ee200000, 0x00000000ee300000, 0x00000000ee300000|100%| E|CS|TAMS 0x00000000ee200000, 0x00000000ee200000| Complete 
| 227|0x00000000ee300000, 0x00000000ee400000, 0x00000000ee400000|100%| E|CS|TAMS 0x00000000ee300000, 0x00000000ee300000| Complete 
| 228|0x00000000ee400000, 0x00000000ee500000, 0x00000000ee500000|100%| E|CS|TAMS 0x00000000ee400000, 0x00000000ee400000| Complete 
| 229|0x00000000ee500000, 0x00000000ee600000, 0x00000000ee600000|100%| E|CS|TAMS 0x00000000ee500000, 0x00000000ee500000| Complete 
| 230|0x00000000ee600000, 0x00000000ee700000, 0x00000000ee700000|100%| E|CS|TAMS 0x00000000ee600000, 0x00000000ee600000| Complete 
| 231|0x00000000ee700000, 0x00000000ee800000, 0x00000000ee800000|100%| E|CS|TAMS 0x00000000ee700000, 0x00000000ee700000| Complete 
| 232|0x00000000ee800000, 0x00000000ee8babd0, 0x00000000ee900000| 72%| S|CS|TAMS 0x00000000ee800000, 0x00000000ee800000| Complete 
| 233|0x00000000ee900000, 0x00000000eea00000, 0x00000000eea00000|100%| S|CS|TAMS 0x00000000ee900000, 0x00000000ee900000| Complete 
| 234|0x00000000eea00000, 0x00000000eeb00000, 0x00000000eeb00000|100%| E|CS|TAMS 0x00000000eea00000, 0x00000000eea00000| Complete 
| 235|0x00000000eeb00000, 0x00000000eec00000, 0x00000000eec00000|100%| E|CS|TAMS 0x00000000eeb00000, 0x00000000eeb00000| Complete 
| 236|0x00000000eec00000, 0x00000000eed00000, 0x00000000eed00000|100%| E|CS|TAMS 0x00000000eec00000, 0x00000000eec00000| Complete 
| 237|0x00000000eed00000, 0x00000000eee00000, 0x00000000eee00000|100%| E|CS|TAMS 0x00000000eed00000, 0x00000000eed00000| Complete 
| 238|0x00000000eee00000, 0x00000000eef00000, 0x00000000eef00000|100%| E|CS|TAMS 0x00000000eee00000, 0x00000000eee00000| Complete 
| 239|0x00000000eef00000, 0x00000000ef000000, 0x00000000ef000000|100%| E|CS|TAMS 0x00000000eef00000, 0x00000000eef00000| Complete 
| 240|0x00000000ef000000, 0x00000000ef100000, 0x00000000ef100000|100%| E|CS|TAMS 0x00000000ef000000, 0x00000000ef000000| Complete 
| 241|0x00000000ef100000, 0x00000000ef200000, 0x00000000ef200000|100%| E|CS|TAMS 0x00000000ef100000, 0x00000000ef100000| Complete 
| 242|0x00000000ef200000, 0x00000000ef300000, 0x00000000ef300000|100%| E|CS|TAMS 0x00000000ef200000, 0x00000000ef200000| Complete 
| 243|0x00000000ef300000, 0x00000000ef400000, 0x00000000ef400000|100%| E|CS|TAMS 0x00000000ef300000, 0x00000000ef300000| Complete 
| 244|0x00000000ef400000, 0x00000000ef500000, 0x00000000ef500000|100%| E|CS|TAMS 0x00000000ef400000, 0x00000000ef400000| Complete 
| 245|0x00000000ef500000, 0x00000000ef600000, 0x00000000ef600000|100%| E|CS|TAMS 0x00000000ef500000, 0x00000000ef500000| Complete 
| 246|0x00000000ef600000, 0x00000000ef700000, 0x00000000ef700000|100%| E|CS|TAMS 0x00000000ef600000, 0x00000000ef600000| Complete 
| 247|0x00000000ef700000, 0x00000000ef800000, 0x00000000ef800000|100%| E|CS|TAMS 0x00000000ef700000, 0x00000000ef700000| Complete 
| 248|0x00000000ef800000, 0x00000000ef900000, 0x00000000ef900000|100%| E|CS|TAMS 0x00000000ef800000, 0x00000000ef800000| Complete 
| 249|0x00000000ef900000, 0x00000000efa00000, 0x00000000efa00000|100%| E|CS|TAMS 0x00000000ef900000, 0x00000000ef900000| Complete 
| 250|0x00000000efa00000, 0x00000000efb00000, 0x00000000efb00000|100%| E|CS|TAMS 0x00000000efa00000, 0x00000000efa00000| Complete 
| 251|0x00000000efb00000, 0x00000000efc00000, 0x00000000efc00000|100%| E|CS|TAMS 0x00000000efb00000, 0x00000000efb00000| Complete 
| 252|0x00000000efc00000, 0x00000000efd00000, 0x00000000efd00000|100%| E|CS|TAMS 0x00000000efc00000, 0x00000000efc00000| Complete 
| 253|0x00000000efd00000, 0x00000000efe00000, 0x00000000efe00000|100%| E|CS|TAMS 0x00000000efd00000, 0x00000000efd00000| Complete 
| 254|0x00000000efe00000, 0x00000000eff00000, 0x00000000eff00000|100%| E|CS|TAMS 0x00000000efe00000, 0x00000000efe00000| Complete 
| 255|0x00000000eff00000, 0x00000000f0000000, 0x00000000f0000000|100%| E|CS|TAMS 0x00000000eff00000, 0x00000000eff00000| Complete 

Card table byte_map: [0x00000236c7c50000,0x00000236c7d50000] _byte_map_base: 0x00000236c7550000

Marking Bits (Prev, Next): (CMBitMap*) 0x00000236b1101640, (CMBitMap*) 0x00000236b1101600
 Prev Bits: [0x00000236c8650000, 0x00000236c8e50000)
 Next Bits: [0x00000236c7e50000, 0x00000236c8650000)

Polling page: 0x00000236b0890000

Metaspace:

Usage:
  Non-class:     24.93 MB used.
      Class:      4.17 MB used.
       Both:     29.11 MB used.

Virtual space:
  Non-class space:       64.00 MB reserved,      25.19 MB ( 39%) committed,  1 nodes.
      Class space:      320.00 MB reserved,       4.38 MB (  1%) committed,  1 nodes.
             Both:      384.00 MB reserved,      29.56 MB (  8%) committed. 

Chunk freelists:
   Non-Class:  5.97 MB
       Class:  11.47 MB
        Both:  17.44 MB

MaxMetaspaceSize: 384.00 MB
CompressedClassSpaceSize: 320.00 MB
Initial GC threshold: 21.00 MB
Current GC threshold: 35.12 MB
CDS: on
MetaspaceReclaimPolicy: balanced
 - commit_granule_bytes: 65536.
 - commit_granule_words: 8192.
 - virtual_space_node_default_size: 8388608.
 - enlarge_chunks_in_place: 1.
 - new_chunks_are_fully_committed: 0.
 - uncommit_free_chunks: 1.
 - use_allocation_guard: 0.
 - handle_deallocations: 1.


Internal statistics:

num_allocs_failed_limit: 3.
num_arena_births: 442.
num_arena_deaths: 0.
num_vsnodes_births: 2.
num_vsnodes_deaths: 0.
num_space_committed: 473.
num_space_uncommitted: 0.
num_chunks_returned_to_freelist: 3.
num_chunks_taken_from_freelist: 1645.
num_chunk_merges: 3.
num_chunk_splits: 1053.
num_chunks_enlarged: 708.
num_inconsistent_stats: 0.

CodeHeap 'non-profiled nmethods': size=120000Kb used=2120Kb max_used=2120Kb free=117879Kb
 bounds [0x00000236c0720000, 0x00000236c0990000, 0x00000236c7c50000]
CodeHeap 'profiled nmethods': size=120000Kb used=7272Kb max_used=7272Kb free=112728Kb
 bounds [0x00000236b8c50000, 0x00000236b9370000, 0x00000236c0180000]
CodeHeap 'non-nmethods': size=5760Kb used=1260Kb max_used=1321Kb free=4499Kb
 bounds [0x00000236c0180000, 0x00000236c03f0000, 0x00000236c0720000]
 total_blobs=4019 nmethods=3448 adapters=483
 compilation: enabled
              stopped_count=0, restarted_count=0
 full_count=0

Compilation events (20 events):
Event: 92.240 Thread 0x00000236cb42c580 3420       3       java.util.ArrayList$ArrayListSpliterator::estimateSize (11 bytes)
Event: 92.240 Thread 0x00000236cb42c580 nmethod 3420 0x00000236b934fa90 code [0x00000236b934fc40, 0x00000236b934fdf8]
Event: 92.240 Thread 0x00000236cb42c580 3421       3       org.objectweb.asm.SymbolTable::addConstant (317 bytes)
Event: 92.243 Thread 0x00000236cb42c580 nmethod 3421 0x00000236b934ff10 code [0x00000236b93504a0, 0x00000236b9353508]
Event: 92.243 Thread 0x00000236cb42c580 3425       3       org.objectweb.asm.MethodWriter::endCurrentBasicBlockWithNoSuccessor (98 bytes)
Event: 92.244 Thread 0x00000236cb42c580 nmethod 3425 0x00000236b9353e90 code [0x00000236b9354080, 0x00000236b9354708]
Event: 92.244 Thread 0x00000236cb42c580 3424       3       org.objectweb.asm.Type::appendDescriptor (185 bytes)
Event: 92.245 Thread 0x00000236cb42c580 nmethod 3424 0x00000236b9354910 code [0x00000236b9354be0, 0x00000236b93557b8]
Event: 92.245 Thread 0x00000236cb42c580 3423       3       org.gradle.internal.instantiation.generator.AbstractClassGenerator$PropertyMetadata::isReadableWithoutSetterOfPropertyType (36 bytes)
Event: 92.246 Thread 0x00000236cb42c580 nmethod 3423 0x00000236b9355b90 code [0x00000236b9355de0, 0x00000236b9356898]
Event: 92.247 Thread 0x00000236cb42c580 3422       3       org.objectweb.asm.Type::getType (122 bytes)
Event: 92.247 Thread 0x00000236cb42c580 nmethod 3422 0x00000236b9356c10 code [0x00000236b9356ea0, 0x00000236b9357848]
Event: 92.351 Thread 0x00000236cb42c580 3426       3       org.objectweb.asm.Type::getOpcode (284 bytes)
Event: 92.351 Thread 0x00000236cb42c580 nmethod 3426 0x00000236b9357b10 code [0x00000236b9357dc0, 0x00000236b9358a58]
Event: 92.352 Thread 0x00000236cb42c580 3427       1       com.google.common.collect.LinkedHashMultimap$ValueSet::size (5 bytes)
Event: 92.352 Thread 0x00000236cb42c580 nmethod 3427 0x00000236c092ff90 code [0x00000236c0930120, 0x00000236c09301f8]
Event: 92.353 Thread 0x00000236cb42c580 3428       1       com.google.common.collect.LinkedHashMultimap$ValueSet::access$100 (5 bytes)
Event: 92.353 Thread 0x00000236cb42c580 nmethod 3428 0x00000236c0930290 code [0x00000236c0930420, 0x00000236c09304d8]
Event: 92.354 Thread 0x00000236cb42c580 3429       3       jdk.internal.org.objectweb.asm.ClassReader::readInt (52 bytes)
Event: 92.354 Thread 0x00000236cb42c580 nmethod 3429 0x00000236b9358d10 code [0x00000236b9358ec0, 0x00000236b9359098]

GC Heap History (8 events):
Event: 9.991 GC heap before
{Heap before GC invocations=0 (full 0):
 garbage-first heap   total 262144K, used 13312K [0x00000000e0000000, 0x0000000100000000)
  region size 1024K, 13 young (13312K), 0 survivors (0K)
 Metaspace       used 781K, committed 896K, reserved 393216K
  class space    used 61K, committed 128K, reserved 327680K
}
Event: 12.477 GC heap after
{Heap after GC invocations=1 (full 0):
 garbage-first heap   total 262144K, used 1204K [0x00000000e0000000, 0x0000000100000000)
  region size 1024K, 2 young (2048K), 2 survivors (2048K)
 Metaspace       used 781K, committed 896K, reserved 393216K
  class space    used 61K, committed 128K, reserved 327680K
}
Event: 16.922 GC heap before
{Heap before GC invocations=1 (full 0):
 garbage-first heap   total 262144K, used 24756K [0x00000000e0000000, 0x0000000100000000)
  region size 1024K, 21 young (21504K), 2 survivors (2048K)
 Metaspace       used 1824K, committed 1984K, reserved 393216K
  class space    used 166K, committed 256K, reserved 327680K
}
Event: 16.928 GC heap after
{Heap after GC invocations=2 (full 0):
 garbage-first heap   total 262144K, used 10331K [0x00000000e0000000, 0x0000000100000000)
  region size 1024K, 3 young (3072K), 3 survivors (3072K)
 Metaspace       used 1824K, committed 1984K, reserved 393216K
  class space    used 166K, committed 256K, reserved 327680K
}
Event: 81.316 GC heap before
{Heap before GC invocations=2 (full 0):
 garbage-first heap   total 262144K, used 167003K [0x00000000e0000000, 0x0000000100000000)
  region size 1024K, 153 young (156672K), 3 survivors (3072K)
 Metaspace       used 18650K, committed 18944K, reserved 393216K
  class space    used 2489K, committed 2624K, reserved 327680K
}
Event: 81.344 GC heap after
{Heap after GC invocations=3 (full 0):
 garbage-first heap   total 262144K, used 22358K [0x00000000e0000000, 0x0000000100000000)
  region size 1024K, 14 young (14336K), 14 survivors (14336K)
 Metaspace       used 18650K, committed 18944K, reserved 393216K
  class space    used 2489K, committed 2624K, reserved 327680K
}
Event: 85.657 GC heap before
{Heap before GC invocations=3 (full 0):
 garbage-first heap   total 262144K, used 43862K [0x00000000e0000000, 0x0000000100000000)
  region size 1024K, 36 young (36864K), 14 survivors (14336K)
 Metaspace       used 21195K, committed 21504K, reserved 393216K
  class space    used 2912K, committed 3072K, reserved 327680K
}
Event: 85.678 GC heap after
{Heap after GC invocations=4 (full 0):
 garbage-first heap   total 262144K, used 23633K [0x00000000e0000000, 0x0000000100000000)
  region size 1024K, 2 young (2048K), 2 survivors (2048K)
 Metaspace       used 21195K, committed 21504K, reserved 393216K
  class space    used 2912K, committed 3072K, reserved 327680K
}

Dll operation events (15 events):
Event: 2.168 Loaded shared library C:\Users\Lenovo\.jdks\corretto-17.0.18\bin\java.dll
Event: 3.141 Loaded shared library C:\Users\Lenovo\.jdks\corretto-17.0.18\bin\jsvml.dll
Event: 3.329 Loaded shared library C:\Users\Lenovo\.jdks\corretto-17.0.18\bin\zip.dll
Event: 3.333 Loaded shared library C:\Users\Lenovo\.jdks\corretto-17.0.18\bin\instrument.dll
Event: 3.341 Loaded shared library C:\Users\Lenovo\.jdks\corretto-17.0.18\bin\net.dll
Event: 3.344 Loaded shared library C:\Users\Lenovo\.jdks\corretto-17.0.18\bin\nio.dll
Event: 3.348 Loaded shared library C:\Users\Lenovo\.jdks\corretto-17.0.18\bin\zip.dll
Event: 15.982 Loaded shared library C:\Users\Lenovo\.jdks\corretto-17.0.18\bin\jimage.dll
Event: 16.963 Loaded shared library C:\Users\Lenovo\.jdks\corretto-17.0.18\bin\verify.dll
Event: 17.055 Loaded shared library C:\Users\Lenovo\.gradle\native\660c5614fbf4a5f2a75b1949f50a0caf5cd603558e7d8a26e50b933a0cfb79d1\windows-amd64\native-platform.dll
Event: 17.104 Loaded shared library C:\Users\Lenovo\.gradle\native\0.2.8\x86_64-windows-gnu\gradle-fileevents.dll
Event: 52.331 Loaded shared library C:\Users\Lenovo\.jdks\corretto-17.0.18\bin\management.dll
Event: 52.353 Loaded shared library C:\Users\Lenovo\.jdks\corretto-17.0.18\bin\management_ext.dll
Event: 54.837 Loaded shared library C:\Users\Lenovo\.jdks\corretto-17.0.18\bin\extnet.dll
Event: 61.375 Loaded shared library C:\Users\Lenovo\.jdks\corretto-17.0.18\bin\sunmscapi.dll

Deoptimization events (20 events):
Event: 91.631 Thread 0x00000236e5d628d0 Uncommon trap: trap_request=0xffffffde fr.pc=0x00000236c0739748 relative=0x00000000000001a8
Event: 91.631 Thread 0x00000236e5d628d0 Uncommon trap: reason=class_check action=maybe_recompile pc=0x00000236c0739748 method=java.lang.String.equals(Ljava/lang/Object;)Z @ 8 c2
Event: 91.631 Thread 0x00000236e5d628d0 DEOPT PACKING pc=0x00000236c0739748 sp=0x000000eb994f8250
Event: 91.631 Thread 0x00000236e5d628d0 DEOPT UNPACKING pc=0x00000236c01d69a3 sp=0x000000eb994f81f8 mode 2
Event: 91.696 Thread 0x00000236e5d628d0 Uncommon trap: trap_request=0xffffffc6 fr.pc=0x00000236c08f8558 relative=0x00000000000009f8
Event: 91.696 Thread 0x00000236e5d628d0 Uncommon trap: reason=bimorphic_or_optimized_type_check action=maybe_recompile pc=0x00000236c08f8558 method=java.io.DataOutputStream.writeLong(J)V @ 108 c2
Event: 91.696 Thread 0x00000236e5d628d0 DEOPT PACKING pc=0x00000236c08f8558 sp=0x000000eb994f73e0
Event: 91.696 Thread 0x00000236e5d628d0 DEOPT UNPACKING pc=0x00000236c01d69a3 sp=0x000000eb994f73c8 mode 2
Event: 91.704 Thread 0x00000236e5d628d0 Uncommon trap: trap_request=0xffffffcc fr.pc=0x00000236c08b5ebc relative=0x000000000000211c
Event: 91.704 Thread 0x00000236e5d628d0 Uncommon trap: reason=intrinsic_or_type_checked_inlining action=make_not_entrant pc=0x00000236c08b5ebc method=java.util.ArrayList$SubList.toArray([Ljava/lang/Object;)[Ljava/lang/Object; @ 58 c2
Event: 91.704 Thread 0x00000236e5d628d0 DEOPT PACKING pc=0x00000236c08b5ebc sp=0x000000eb994f7b50
Event: 91.704 Thread 0x00000236e5d628d0 DEOPT UNPACKING pc=0x00000236c01d69a3 sp=0x000000eb994f7a98 mode 2
Event: 91.865 Thread 0x00000236e5d628d0 Uncommon trap: trap_request=0xffffffc6 fr.pc=0x00000236c08f8558 relative=0x00000000000009f8
Event: 91.866 Thread 0x00000236e5d628d0 Uncommon trap: reason=bimorphic_or_optimized_type_check action=maybe_recompile pc=0x00000236c08f8558 method=java.io.DataOutputStream.writeLong(J)V @ 108 c2
Event: 91.866 Thread 0x00000236e5d628d0 DEOPT PACKING pc=0x00000236c08f8558 sp=0x000000eb994f72e0
Event: 91.866 Thread 0x00000236e5d628d0 DEOPT UNPACKING pc=0x00000236c01d69a3 sp=0x000000eb994f72c8 mode 2
Event: 92.058 Thread 0x00000236e5d628d0 Uncommon trap: trap_request=0xffffff45 fr.pc=0x00000236c078892c relative=0x00000000000005ec
Event: 92.058 Thread 0x00000236e5d628d0 Uncommon trap: reason=unstable_if action=reinterpret pc=0x00000236c078892c method=java.util.HashMap.hash(Ljava/lang/Object;)I @ 1 c2
Event: 92.058 Thread 0x00000236e5d628d0 DEOPT PACKING pc=0x00000236c078892c sp=0x000000eb994f73e0
Event: 92.058 Thread 0x00000236e5d628d0 DEOPT UNPACKING pc=0x00000236c01d69a3 sp=0x000000eb994f7288 mode 2

Classes loaded (20 events):
Event: 90.599 Loading class java/util/concurrent/locks/ReentrantReadWriteLock$Sync$ThreadLocalHoldCounter
Event: 90.599 Loading class java/util/concurrent/locks/ReentrantReadWriteLock$Sync$ThreadLocalHoldCounter done
Event: 90.599 Loading class java/util/concurrent/locks/ReentrantReadWriteLock$ReadLock
Event: 90.600 Loading class java/util/concurrent/locks/ReentrantReadWriteLock$ReadLock done
Event: 90.600 Loading class java/util/concurrent/locks/ReentrantReadWriteLock$WriteLock
Event: 90.600 Loading class java/util/concurrent/locks/ReentrantReadWriteLock$WriteLock done
Event: 90.637 Loading class java/util/concurrent/Executors$FinalizableDelegatedExecutorService
Event: 90.637 Loading class java/util/concurrent/Executors$DelegatedExecutorService
Event: 90.637 Loading class java/util/concurrent/Executors$DelegatedExecutorService done
Event: 90.637 Loading class java/util/concurrent/Executors$FinalizableDelegatedExecutorService done
Event: 91.917 Loading class java/lang/invoke/SerializedLambda
Event: 91.917 Loading class java/lang/invoke/SerializedLambda done
Event: 92.048 Loading class java/lang/reflect/AnnotatedType
Event: 92.048 Loading class java/lang/reflect/AnnotatedType done
Event: 92.070 Loading class sun/reflect/generics/tree/IntSignature
Event: 92.070 Loading class sun/reflect/generics/tree/IntSignature done
Event: 92.070 Loading class sun/reflect/generics/tree/ArrayTypeSignature
Event: 92.070 Loading class sun/reflect/generics/tree/ArrayTypeSignature done
Event: 92.080 Loading class java/lang/SafeVarargs
Event: 92.081 Loading class java/lang/SafeVarargs done

Classes unloaded (0 events):
No events

Classes redefined (0 events):
No events

Internal exceptions (20 events):
Event: 90.429 Thread 0x00000236e5d628d0 Exception <a 'java/lang/NoSuchMethodError'{0x00000000ed0295e0}: static Lcom/intellij/gradle/toolingExtension/impl/model/sourceSetDependencyModel/GradleSourceSetDependencyModelProvider;.<clinit>()V> (0x00000000ed0295e0) 
thrown [s\src\hotspot\share\prims\jni.cpp, line 1112]
Event: 90.435 Thread 0x00000236e5d628d0 Exception <a 'java/lang/NoSuchMethodError'{0x00000000ed04dff0}: static Lorg/jetbrains/plugins/gradle/model/ExternalProjectDependency;.<clinit>()V> (0x00000000ed04dff0) 
thrown [s\src\hotspot\share\prims\jni.cpp, line 1112]
Event: 90.436 Thread 0x00000236e5d628d0 Exception <a 'java/lang/NoSuchMethodError'{0x00000000ed05b960}: static Lorg/jetbrains/plugins/gradle/model/ExternalLibraryDependency;.<clinit>()V> (0x00000000ed05b960) 
thrown [s\src\hotspot\share\prims\jni.cpp, line 1112]
Event: 90.438 Thread 0x00000236e5d628d0 Exception <a 'java/lang/NoSuchMethodError'{0x00000000ed068d50}: static Lorg/jetbrains/plugins/gradle/model/FileCollectionDependency;.<clinit>()V> (0x00000000ed068d50) 
thrown [s\src\hotspot\share\prims\jni.cpp, line 1112]
Event: 90.439 Thread 0x00000236e5d628d0 Exception <a 'java/lang/NoSuchMethodError'{0x00000000ed075d70}: static Lorg/jetbrains/plugins/gradle/model/UnresolvedExternalDependency;.<clinit>()V> (0x00000000ed075d70) 
thrown [s\src\hotspot\share\prims\jni.cpp, line 1112]
Event: 90.473 Thread 0x00000236e5d628d0 Exception <a 'java/lang/NoSuchMethodError'{0x00000000ecf24058}: static Lorg/gradle/tooling/internal/consumer/versioning/VersionDetails;.<clinit>()V> (0x00000000ecf24058) 
thrown [s\src\hotspot\share\prims\jni.cpp, line 1112]
Event: 90.473 Thread 0x00000236e5d628d0 Exception <a 'java/lang/NoSuchMethodError'{0x00000000ecf26a00}: static Lorg/gradle/tooling/internal/consumer/versioning/VersionDetails$R26VersionDetails;.<clinit>()V> (0x00000000ecf26a00) 
thrown [s\src\hotspot\share\prims\jni.cpp, line 1112]
Event: 90.473 Thread 0x00000236e5d628d0 Exception <a 'java/lang/NoSuchMethodError'{0x00000000ecf27f78}: static Lorg/gradle/tooling/internal/consumer/versioning/VersionDetails$R28VersionDetails;.<clinit>()V> (0x00000000ecf27f78) 
thrown [s\src\hotspot\share\prims\jni.cpp, line 1112]
Event: 90.473 Thread 0x00000236e5d628d0 Exception <a 'java/lang/NoSuchMethodError'{0x00000000ecf29480}: static Lorg/gradle/tooling/internal/consumer/versioning/VersionDetails$R35VersionDetails;.<clinit>()V> (0x00000000ecf29480) 
thrown [s\src\hotspot\share\prims\jni.cpp, line 1112]
Event: 90.473 Thread 0x00000236e5d628d0 Exception <a 'java/lang/NoSuchMethodError'{0x00000000ecf2ab50}: static Lorg/gradle/tooling/internal/consumer/versioning/VersionDetails$R44VersionDetails;.<clinit>()V> (0x00000000ecf2ab50) 
thrown [s\src\hotspot\share\prims\jni.cpp, line 1112]
Event: 90.474 Thread 0x00000236e5d628d0 Exception <a 'java/lang/NoSuchMethodError'{0x00000000ecf2c158}: static Lorg/gradle/tooling/internal/consumer/versioning/VersionDetails$R48VersionDetails;.<clinit>()V> (0x00000000ecf2c158) 
thrown [s\src\hotspot\share\prims\jni.cpp, line 1112]
Event: 90.474 Thread 0x00000236e5d628d0 Exception <a 'java/lang/NoSuchMethodError'{0x00000000ecf2d600}: static Lorg/gradle/tooling/internal/consumer/versioning/VersionDetails$R51VersionDetails;.<clinit>()V> (0x00000000ecf2d600) 
thrown [s\src\hotspot\share\prims\jni.cpp, line 1112]
Event: 90.545 Thread 0x00000236e5d628d0 Exception <a 'java/lang/NoSuchMethodError'{0x00000000ecf56770}: 'java.lang.Object java.lang.invoke.DirectMethodHandle$Holder.newInvokeSpecial(java.lang.Object, java.lang.Object, java.lang.Object, int)'> (0x00000000ecf56770) 
thrown [s\src\hotspot\share\interpreter\linkResolver.cpp, line 759]
Event: 90.546 Thread 0x00000236e5d628d0 Exception <a 'java/lang/NoSuchMethodError'{0x00000000ecf5b0a0}: 'java.lang.Object java.lang.invoke.DirectMethodHandle$Holder.invokeSpecial(java.lang.Object, java.lang.Object, java.lang.Object, java.lang.Object, int)'> (0x00000000ecf5b0a0) 
thrown [s\src\hotspot\share\interpreter\linkResolver.cpp, line 759]
Event: 90.546 Thread 0x00000236e5d628d0 Exception <a 'java/lang/NoSuchMethodError'{0x00000000ecf5f1b8}: 'java.lang.Object java.lang.invoke.Invokers$Holder.linkToTargetMethod(java.lang.Object, java.lang.Object, int, java.lang.Object)'> (0x00000000ecf5f1b8) 
thrown [s\src\hotspot\share\interpreter\linkResolver.cpp, line 759]
Event: 91.508 Thread 0x00000236e5d628d0 Exception <a 'java/lang/NoSuchMethodError'{0x00000000ebe67f30}: 'java.lang.Object java.lang.invoke.DirectMethodHandle$Holder.invokeStaticInit(java.lang.Object, java.lang.Object, java.lang.Object)'> (0x00000000ebe67f30) 
thrown [s\src\hotspot\share\interpreter\linkResolver.cpp, line 759]
Event: 91.712 Thread 0x00000236e5d628d0 Exception <a 'java/lang/NoSuchMethodError'{0x00000000ebcb58c0}: 'java.lang.Object java.lang.invoke.DirectMethodHandle$Holder.invokeSpecialIFC(java.lang.Object, java.lang.Object, java.lang.Object, java.lang.Object)'> (0x00000000ebcb58c0) 
thrown [s\src\hotspot\share\interpreter\linkResolver.cpp, line 759]
Event: 91.724 Thread 0x00000236e5d628d0 Exception <a 'java/lang/NoSuchMethodError'{0x00000000ebb088c8}: 'java.lang.Object java.lang.invoke.DirectMethodHandle$Holder.newInvokeSpecial(java.lang.Object, java.lang.Object, java.lang.Object, java.lang.Object, java.lang.Object, java.lang.Object, java.lang.Object, java.lang.Object, java.lang.Object, java.lang.Object)'> (0x00000000ebb088c8) 
thrown [s\src\hotspot\share\interpreter\linkResolver.cpp, line 759]
Event: 91.725 Thread 0x00000236e5d628d0 Exception <a 'java/lang/NoSuchMethodError'{0x00000000ebb0da58}: 'java.lang.Object java.lang.invoke.Invokers$Holder.linkToTargetMethod(java.lang.Object, java.lang.Object, java.lang.Object, java.lang.Object, java.lang.Object, java.lang.Object, java.lang.Object, java.lang.Object, java.lang.Object, java.lang.Object)'> (0x00000000ebb0da58) 
thrown [s\src\hotspot\share\interpreter\linkResolver.cpp, line 759]
Event: 92.058 Thread 0x00000236e5d628d0 Implicit null exception at 0x00000236c078838f to 0x00000236c078890c

VM Operations (20 events):
Event: 88.047 Executing VM operation: HandshakeAllThreads
Event: 88.047 Executing VM operation: HandshakeAllThreads done
Event: 88.047 Executing VM operation: Cleanup
Event: 88.047 Executing VM operation: Cleanup done
Event: 88.388 Executing VM operation: HandshakeAllThreads
Event: 88.388 Executing VM operation: HandshakeAllThreads done
Event: 89.400 Executing VM operation: Cleanup
Event: 89.400 Executing VM operation: Cleanup done
Event: 90.408 Executing VM operation: Cleanup
Event: 90.408 Executing VM operation: Cleanup done
Event: 90.638 Executing VM operation: HandshakeAllThreads
Event: 90.638 Executing VM operation: HandshakeAllThreads done
Event: 91.513 Executing VM operation: HandshakeAllThreads
Event: 91.513 Executing VM operation: HandshakeAllThreads done
Event: 91.513 Executing VM operation: Cleanup
Event: 91.513 Executing VM operation: Cleanup done
Event: 91.514 Executing VM operation: HandshakeAllThreads
Event: 91.514 Executing VM operation: HandshakeAllThreads done
Event: 92.062 Executing VM operation: HandshakeAllThreads
Event: 92.063 Executing VM operation: HandshakeAllThreads done

Memory protections (0 events):
No events

Nmethod flushes (0 events):
No events

Events (20 events):
Event: 61.831 Thread 0x00000236e5d628d0 Thread added: 0x00000236e5d60a70
Event: 68.354 Thread 0x00000236e5d628d0 Thread added: 0x00000236e5d623c0
Event: 68.744 Thread 0x00000236e5d628d0 Thread added: 0x00000236e7f9e5d0
Event: 72.216 Thread 0x00000236e5d628d0 Thread added: 0x00000236e7f9c260
Event: 87.131 Thread 0x00000236cb42c580 Thread added: 0x00000236e6fd6b10
Event: 87.319 Thread 0x00000236e5d628d0 Thread added: 0x00000236e7f9eae0
Event: 87.360 Thread 0x00000236e5d628d0 Thread added: 0x00000236e7f9e0c0
Event: 88.236 Thread 0x00000236e5d628d0 Thread added: 0x00000236e7f9b330
Event: 88.258 Thread 0x00000236e5d628d0 Thread added: 0x00000236e7f9eff0
Event: 88.403 Thread 0x00000236e6fd6b10 Thread exited: 0x00000236e6fd6b10
Event: 88.462 Thread 0x00000236cb42c580 Thread added: 0x00000236e683ba40
Event: 88.470 Thread 0x00000236e5d628d0 Thread added: 0x00000236e7f9dbb0
Event: 88.470 Thread 0x00000236e5d628d0 Thread added: 0x00000236e7f9a910
Event: 88.470 Thread 0x00000236e5d628d0 Thread added: 0x00000236e7f9f500
Event: 88.470 Thread 0x00000236e5d628d0 Thread added: 0x00000236e7f9fa10
Event: 88.820 Thread 0x00000236e683ba40 Thread exited: 0x00000236e683ba40
Event: 89.761 Thread 0x00000236cb42c580 Thread added: 0x00000236e683aa50
Event: 90.195 Thread 0x00000236e683aa50 Thread exited: 0x00000236e683aa50
Event: 91.690 Thread 0x00000236e5d628d0 Thread added: 0x00000236e7f9cc80
Event: 91.841 Thread 0x00000236e5d628d0 Thread added: 0x00000236e7f9ff20


Dynamic libraries:
0x00007ff706a90000 - 0x00007ff706a9e000 	C:\Users\Lenovo\.jdks\corretto-17.0.18\bin\java.exe
0x00007ff88db30000 - 0x00007ff88dd28000 	C:\Windows\SYSTEM32\ntdll.dll
0x00007ff88d280000 - 0x00007ff88d342000 	C:\Windows\System32\KERNEL32.DLL
0x00007ff88b5f0000 - 0x00007ff88b8e6000 	C:\Windows\System32\KERNELBASE.dll
0x00007ff88b8f0000 - 0x00007ff88b9f0000 	C:\Windows\System32\ucrtbase.dll
0x00007ff8769c0000 - 0x00007ff8769d8000 	C:\Users\Lenovo\.jdks\corretto-17.0.18\bin\jli.dll
0x00007ff88bbb0000 - 0x00007ff88bd51000 	C:\Windows\System32\USER32.dll
0x00007ff88b1f0000 - 0x00007ff88b212000 	C:\Windows\System32\win32u.dll
0x00007ff88d850000 - 0x00007ff88d87b000 	C:\Windows\System32\GDI32.dll
0x00007ff88b3a0000 - 0x00007ff88b4b9000 	C:\Windows\System32\gdi32full.dll
0x00007ff88b4c0000 - 0x00007ff88b55d000 	C:\Windows\System32\msvcp_win.dll
0x00007ff8767a0000 - 0x00007ff8767be000 	C:\Users\Lenovo\.jdks\corretto-17.0.18\bin\VCRUNTIME140.dll
0x00007ff8782e0000 - 0x00007ff87857b000 	C:\Windows\WinSxS\amd64_microsoft.windows.common-controls_6595b64144ccf1df_6.0.19041.6456_none_60b8a6cb71f64256\COMCTL32.dll
0x00007ff88d050000 - 0x00007ff88d0ee000 	C:\Windows\System32\msvcrt.dll
0x00007ff88da60000 - 0x00007ff88da8f000 	C:\Windows\System32\IMM32.DLL
0x00007ff8769a0000 - 0x00007ff8769ac000 	C:\Users\Lenovo\.jdks\corretto-17.0.18\bin\vcruntime140_1.dll
0x00007ff860830000 - 0x00007ff8608b9000 	C:\Users\Lenovo\.jdks\corretto-17.0.18\bin\msvcp140.dll
0x00007ff8366a0000 - 0x00007ff837314000 	C:\Users\Lenovo\.jdks\corretto-17.0.18\bin\server\jvm.dll
0x00007ff88cf90000 - 0x00007ff88d041000 	C:\Windows\System32\ADVAPI32.dll
0x00007ff88d9c0000 - 0x00007ff88da5f000 	C:\Windows\System32\sechost.dll
0x00007ff88d3e0000 - 0x00007ff88d500000 	C:\Windows\System32\RPCRT4.dll
0x00007ff88b1c0000 - 0x00007ff88b1e7000 	C:\Windows\System32\bcrypt.dll
0x00007ff88d880000 - 0x00007ff88d8eb000 	C:\Windows\System32\WS2_32.dll
0x00007ff88b020000 - 0x00007ff88b06b000 	C:\Windows\SYSTEM32\POWRPROF.dll
0x00007ff8763c0000 - 0x00007ff8763e7000 	C:\Windows\SYSTEM32\WINMM.dll
0x00007ff884260000 - 0x00007ff88426a000 	C:\Windows\SYSTEM32\VERSION.dll
0x00007ff88b000000 - 0x00007ff88b012000 	C:\Windows\SYSTEM32\UMPDC.dll
0x00007ff8899c0000 - 0x00007ff8899d2000 	C:\Windows\SYSTEM32\kernel.appcore.dll
0x00007ff876930000 - 0x00007ff87693a000 	C:\Users\Lenovo\.jdks\corretto-17.0.18\bin\jimage.dll
0x00007ff8821c0000 - 0x00007ff8823c1000 	C:\Windows\SYSTEM32\DBGHELP.DLL
0x00007ff872e60000 - 0x00007ff872e94000 	C:\Windows\SYSTEM32\dbgcore.DLL
0x00007ff88b560000 - 0x00007ff88b5e2000 	C:\Windows\System32\bcryptPrimitives.dll
0x00007ff876900000 - 0x00007ff87690f000 	C:\Users\Lenovo\.jdks\corretto-17.0.18\bin\instrument.dll
0x00007ff86fcc0000 - 0x00007ff86fce6000 	C:\Users\Lenovo\.jdks\corretto-17.0.18\bin\java.dll
0x00007ff85db50000 - 0x00007ff85dc27000 	C:\Users\Lenovo\.jdks\corretto-17.0.18\bin\jsvml.dll
0x00007ff88c1d0000 - 0x00007ff88c940000 	C:\Windows\System32\SHELL32.dll
0x00007ff889170000 - 0x00007ff889915000 	C:\Windows\SYSTEM32\windows.storage.dll
0x00007ff88ca80000 - 0x00007ff88cdd4000 	C:\Windows\System32\combase.dll
0x00007ff88aa30000 - 0x00007ff88aa5b000 	C:\Windows\SYSTEM32\Wldp.dll
0x00007ff88d8f0000 - 0x00007ff88d9bd000 	C:\Windows\System32\OLEAUT32.dll
0x00007ff88d7a0000 - 0x00007ff88d84d000 	C:\Windows\System32\SHCORE.dll
0x00007ff88d620000 - 0x00007ff88d67b000 	C:\Windows\System32\shlwapi.dll
0x00007ff88b0f0000 - 0x00007ff88b114000 	C:\Windows\SYSTEM32\profapi.dll
0x00007ff876660000 - 0x00007ff876678000 	C:\Users\Lenovo\.jdks\corretto-17.0.18\bin\zip.dll
0x00007ff872140000 - 0x00007ff87215b000 	C:\Users\Lenovo\.jdks\corretto-17.0.18\bin\net.dll
0x00007ff881f50000 - 0x00007ff88205a000 	C:\Windows\SYSTEM32\WINHTTP.dll
0x00007ff88a810000 - 0x00007ff88a87a000 	C:\Windows\system32\mswsock.dll
0x00007ff870830000 - 0x00007ff870846000 	C:\Users\Lenovo\.jdks\corretto-17.0.18\bin\nio.dll
0x00007ff8766b0000 - 0x00007ff8766c0000 	C:\Users\Lenovo\.jdks\corretto-17.0.18\bin\verify.dll
0x00007ff8692c0000 - 0x00007ff8692e7000 	C:\Users\Lenovo\.gradle\native\660c5614fbf4a5f2a75b1949f50a0caf5cd603558e7d8a26e50b933a0cfb79d1\windows-amd64\native-platform.dll
0x00007ff85e8a0000 - 0x00007ff85e917000 	C:\Users\Lenovo\.gradle\native\0.2.8\x86_64-windows-gnu\gradle-fileevents.dll
0x00007ff8776c0000 - 0x00007ff8776ca000 	C:\Users\Lenovo\.jdks\corretto-17.0.18\bin\management.dll
0x00007ff870b60000 - 0x00007ff870b6c000 	C:\Users\Lenovo\.jdks\corretto-17.0.18\bin\management_ext.dll
0x00007ff88c940000 - 0x00007ff88c948000 	C:\Windows\System32\PSAPI.DLL
0x00007ff88a510000 - 0x00007ff88a54b000 	C:\Windows\SYSTEM32\IPHLPAPI.DLL
0x00007ff88d790000 - 0x00007ff88d798000 	C:\Windows\System32\NSI.dll
0x00007ff882d00000 - 0x00007ff882d17000 	C:\Windows\SYSTEM32\dhcpcsvc6.DLL
0x00007ff884230000 - 0x00007ff88424d000 	C:\Windows\SYSTEM32\dhcpcsvc.DLL
0x00007ff88a550000 - 0x00007ff88a61a000 	C:\Windows\SYSTEM32\DNSAPI.dll
0x00007ff870630000 - 0x00007ff870639000 	C:\Users\Lenovo\.jdks\corretto-17.0.18\bin\extnet.dll
0x00007ff88aa70000 - 0x00007ff88aa88000 	C:\Windows\SYSTEM32\CRYPTSP.dll
0x00007ff88a150000 - 0x00007ff88a188000 	C:\Windows\system32\rsaenh.dll
0x00007ff88b0b0000 - 0x00007ff88b0de000 	C:\Windows\SYSTEM32\USERENV.dll
0x00007ff88a9a0000 - 0x00007ff88a9ac000 	C:\Windows\SYSTEM32\CRYPTBASE.dll
0x00007ff870620000 - 0x00007ff87062e000 	C:\Users\Lenovo\.jdks\corretto-17.0.18\bin\sunmscapi.dll
0x00007ff88b9f0000 - 0x00007ff88bb4d000 	C:\Windows\System32\CRYPT32.dll
0x00007ff88ab80000 - 0x00007ff88aba7000 	C:\Windows\SYSTEM32\ncrypt.dll
0x00007ff88ab40000 - 0x00007ff88ab7b000 	C:\Windows\SYSTEM32\NTASN1.dll
0x00007ff85ea60000 - 0x00007ff85ea67000 	C:\Windows\system32\wshunix.dll
0x00007ff88a3a0000 - 0x00007ff88a3d3000 	C:\Windows\SYSTEM32\ntmarta.dll

dbghelp: loaded successfully - version: 4.0.5 - missing functions: none
symbol engine: initialized successfully - sym options: 0x614 - pdb path: .;C:\Users\Lenovo\.jdks\corretto-17.0.18\bin;C:\Windows\SYSTEM32;C:\Windows\WinSxS\amd64_microsoft.windows.common-controls_6595b64144ccf1df_6.0.19041.6456_none_60b8a6cb71f64256;C:\Users\Lenovo\.jdks\corretto-17.0.18\bin\server;C:\Users\Lenovo\.gradle\native\660c5614fbf4a5f2a75b1949f50a0caf5cd603558e7d8a26e50b933a0cfb79d1\windows-amd64;C:\Users\Lenovo\.gradle\native\0.2.8\x86_64-windows-gnu

VM Arguments:
jvm_args: --add-opens=java.base/java.lang=ALL-UNNAMED --add-opens=java.base/java.lang.invoke=ALL-UNNAMED --add-opens=java.base/java.util=ALL-UNNAMED --add-opens=java.prefs/java.util.prefs=ALL-UNNAMED --add-exports=jdk.compiler/com.sun.tools.javac.api=ALL-UNNAMED --add-exports=jdk.compiler/com.sun.tools.javac.util=ALL-UNNAMED --add-opens=java.base/java.util=ALL-UNNAMED --add-opens=java.prefs/java.util.prefs=ALL-UNNAMED --add-opens=java.base/java.nio.charset=ALL-UNNAMED --add-opens=java.base/java.net=ALL-UNNAMED --add-opens=java.base/java.util.concurrent=ALL-UNNAMED --add-opens=java.base/java.util.concurrent.atomic=ALL-UNNAMED --add-opens=java.xml/javax.xml.namespace=ALL-UNNAMED --add-opens=java.base/java.time=ALL-UNNAMED -XX:MaxMetaspaceSize=384m -XX:+HeapDumpOnOutOfMemoryError -Xms256m -Xmx512m -Dfile.encoding=UTF-8 -Duser.country=US -Duser.language=en -Duser.variant -javaagent:C:\Users\Lenovo\.gradle\wrapper\dists\gradle-9.2.1-bin\2t0n5ozlw9xmuyvbp7dnzaxug\gradle-9.2.1\lib\agents\gradle-instrumentation-agent-9.2.1.jar 
java_command: org.gradle.launcher.daemon.bootstrap.GradleDaemon 9.2.1
java_class_path (initial): C:\Users\Lenovo\.gradle\wrapper\dists\gradle-9.2.1-bin\2t0n5ozlw9xmuyvbp7dnzaxug\gradle-9.2.1\lib\gradle-daemon-main-9.2.1.jar
Launcher Type: SUN_STANDARD

[Global flags]
     intx CICompilerCount                          = 3                                         {product} {ergonomic}
   size_t CompressedClassSpaceSize                 = 335544320                                 {product} {ergonomic}
     uint ConcGCThreads                            = 1                                         {product} {ergonomic}
     uint G1ConcRefinementThreads                  = 4                                         {product} {ergonomic}
   size_t G1HeapRegionSize                         = 1048576                                   {product} {ergonomic}
    uintx GCDrainStackTargetSize                   = 64                                        {product} {ergonomic}
     bool HeapDumpOnOutOfMemoryError               = true                                   {manageable} {command line}
   size_t InitialHeapSize                          = 268435456                                 {product} {command line}
   size_t MarkStackSize                            = 4194304                                   {product} {ergonomic}
   size_t MaxHeapSize                              = 536870912                                 {product} {command line}
   size_t MaxMetaspaceSize                         = 402653184                                 {product} {command line}
   size_t MaxNewSize                               = 321912832                                 {product} {ergonomic}
   size_t MinHeapDeltaBytes                        = 1048576                                   {product} {ergonomic}
   size_t MinHeapSize                              = 268435456                                 {product} {command line}
    uintx NonNMethodCodeHeapSize                   = 5832780                                {pd product} {ergonomic}
    uintx NonProfiledCodeHeapSize                  = 122912730                              {pd product} {ergonomic}
    uintx ProfiledCodeHeapSize                     = 122912730                              {pd product} {ergonomic}
    uintx ReservedCodeCacheSize                    = 251658240                              {pd product} {ergonomic}
     bool SegmentedCodeCache                       = true                                      {product} {ergonomic}
   size_t SoftMaxHeapSize                          = 536870912                              {manageable} {ergonomic}
     bool UseCompressedClassPointers               = true                           {product lp64_product} {ergonomic}
     bool UseCompressedOops                        = true                           {product lp64_product} {ergonomic}
     bool UseG1GC                                  = true                                      {product} {ergonomic}
     bool UseLargePagesIndividualAllocation        = false                                  {pd product} {ergonomic}

Logging:
Log output configuration:
 #0: stdout all=warning uptime,level,tags
 #1: stderr all=off uptime,level,tags

Environment Variables:
JAVA_HOME=C:\Users\Lenovo\.jdks\corretto-17.0.18
PATH=C:\Windows\system32;C:\Windows;C:\Windows\System32\Wbem;C:\Windows\System32\WindowsPowerShell\v1.0\;C:\Windows\System32\OpenSSH\;C:\Program Files\Git\cmd;C:\Program Files\nodejs\;C:\Program Files\Amazon\AWSCLIV2\;C:\Program Files\Docker\Docker\resources\bin;C:\Users\Lenovo\.jdks\corretto-17.0.18\bin;C:\Windows\system32;C:\Windows;C:\Windows\System32\Wbem;C:\Windows\System32\WindowsPowerShell\v1.0\;C:\Windows\System32\OpenSSH\;C:\Program Files\Git\cmd;C:\Program Files\nodejs\;C:\Program Files\MySQL\MySQL Server 8.4\bin\mysql.exe;C:\Users\Lenovo\AppData\Local\Programs\Antigravity\bin;C:\Users\Lenovo\AppData\Local\Programs\cursor\resources\app\bin
USERNAME=Lenovo
OS=Windows_NT
PROCESSOR_IDENTIFIER=Intel64 Family 6 Model 78 Stepping 3, GenuineIntel
TMP=C:\Users\Lenovo\AppData\Local\Temp
TEMP=C:\Users\Lenovo\AppData\Local\Temp



Periodic native trim disabled


---------------  S Y S T E M  ---------------

OS:
 Windows 10 , 64 bit Build 19041 (10.0.19041.5915)
OS uptime: 2 days 18:05 hours
Hyper-V role detected

CPU: total 4 (initial active 4) (2 cores per cpu, 2 threads per core) family 6 model 78 stepping 3 microcode 0xf0, cx8, cmov, fxsr, ht, mmx, 3dnowpref, sse, sse2, sse3, ssse3, sse4.1, sse4.2, popcnt, lzcnt, tsc, tscinvbit, avx, avx2, aes, erms, clmul, bmi1, bmi2, rtm, adx, fma, vzeroupper, clflush, clflushopt, hv
Processor Information for all 4 processors :
  Max Mhz: 2808, Current Mhz: 802, Mhz Limit: 786

Memory: 4k page, system-wide physical 16239M (2760M free)
TotalPageFile size 25967M (AvailPageFile size 6240M)
current process WorkingSet (physical memory assigned to process): 326M, peak: 326M
current process commit charge ("private bytes"): 417M, peak: 417M

vm_info: OpenJDK 64-Bit Server VM (17.0.18+9-LTS) for windows-amd64 JRE (17.0.18+9-LTS), built on Jan 27 2026 22:38:43 by "Administrator" with MS VC++ 17.14 (VS2022)

END.
